Archive member included to satisfy reference by file (symbol)

C:/ST/STM32CubeIDE_1.18.0/STM32CubeIDE/plugins/com.st.stm32cube.ide.mcu.externaltools.gnu-tools-for-stm32.13.3.rel1.win32_1.0.0.202411081344/tools/bin/../lib/gcc/arm-none-eabi/13.3.1/../../../../arm-none-eabi/lib/thumb/v7e-m/nofp\libc_nano.a(libc_a-exit.o)
                              C:/ST/STM32CubeIDE_1.18.0/STM32CubeIDE/plugins/com.st.stm32cube.ide.mcu.externaltools.gnu-tools-for-stm32.13.3.rel1.win32_1.0.0.202411081344/tools/bin/../lib/gcc/arm-none-eabi/13.3.1/../../../../arm-none-eabi/lib/thumb/v7e-m/nofp/crt0.o (exit)
C:/ST/STM32CubeIDE_1.18.0/STM32CubeIDE/plugins/com.st.stm32cube.ide.mcu.externaltools.gnu-tools-for-stm32.13.3.rel1.win32_1.0.0.202411081344/tools/bin/../lib/gcc/arm-none-eabi/13.3.1/../../../../arm-none-eabi/lib/thumb/v7e-m/nofp\libc_nano.a(libc_a-findfp.o)
                              C:/ST/STM32CubeIDE_1.18.0/STM32CubeIDE/plugins/com.st.stm32cube.ide.mcu.externaltools.gnu-tools-for-stm32.13.3.rel1.win32_1.0.0.202411081344/tools/bin/../lib/gcc/arm-none-eabi/13.3.1/../../../../arm-none-eabi/lib/thumb/v7e-m/nofp\libc_nano.a(libc_a-exit.o) (__stdio_exit_handler)
C:/ST/STM32CubeIDE_1.18.0/STM32CubeIDE/plugins/com.st.stm32cube.ide.mcu.externaltools.gnu-tools-for-stm32.13.3.rel1.win32_1.0.0.202411081344/tools/bin/../lib/gcc/arm-none-eabi/13.3.1/../../../../arm-none-eabi/lib/thumb/v7e-m/nofp\libc_nano.a(libc_a-fwalk.o)
                              C:/ST/STM32CubeIDE_1.18.0/STM32CubeIDE/plugins/com.st.stm32cube.ide.mcu.externaltools.gnu-tools-for-stm32.13.3.rel1.win32_1.0.0.202411081344/tools/bin/../lib/gcc/arm-none-eabi/13.3.1/../../../../arm-none-eabi/lib/thumb/v7e-m/nofp\libc_nano.a(libc_a-findfp.o) (_fwalk_sglue)
C:/ST/STM32CubeIDE_1.18.0/STM32CubeIDE/plugins/com.st.stm32cube.ide.mcu.externaltools.gnu-tools-for-stm32.13.3.rel1.win32_1.0.0.202411081344/tools/bin/../lib/gcc/arm-none-eabi/13.3.1/../../../../arm-none-eabi/lib/thumb/v7e-m/nofp\libc_nano.a(libc_a-snprintf.o)
                              ./Core/Src/nextion_driver.o (snprintf)
C:/ST/STM32CubeIDE_1.18.0/STM32CubeIDE/plugins/com.st.stm32cube.ide.mcu.externaltools.gnu-tools-for-stm32.13.3.rel1.win32_1.0.0.202411081344/tools/bin/../lib/gcc/arm-none-eabi/13.3.1/../../../../arm-none-eabi/lib/thumb/v7e-m/nofp\libc_nano.a(libc_a-stdio.o)
                              C:/ST/STM32CubeIDE_1.18.0/STM32CubeIDE/plugins/com.st.stm32cube.ide.mcu.externaltools.gnu-tools-for-stm32.13.3.rel1.win32_1.0.0.202411081344/tools/bin/../lib/gcc/arm-none-eabi/13.3.1/../../../../arm-none-eabi/lib/thumb/v7e-m/nofp\libc_nano.a(libc_a-findfp.o) (__sread)
C:/ST/STM32CubeIDE_1.18.0/STM32CubeIDE/plugins/com.st.stm32cube.ide.mcu.externaltools.gnu-tools-for-stm32.13.3.rel1.win32_1.0.0.202411081344/tools/bin/../lib/gcc/arm-none-eabi/13.3.1/../../../../arm-none-eabi/lib/thumb/v7e-m/nofp\libc_nano.a(libc_a-memcmp.o)
                              ./SubGHz_Phy/App/subghz_phy_app.o (memcmp)
C:/ST/STM32CubeIDE_1.18.0/STM32CubeIDE/plugins/com.st.stm32cube.ide.mcu.externaltools.gnu-tools-for-stm32.13.3.rel1.win32_1.0.0.202411081344/tools/bin/../lib/gcc/arm-none-eabi/13.3.1/../../../../arm-none-eabi/lib/thumb/v7e-m/nofp\libc_nano.a(libc_a-memmove.o)
                              ./Core/Src/nextion_driver.o (memmove)
C:/ST/STM32CubeIDE_1.18.0/STM32CubeIDE/plugins/com.st.stm32cube.ide.mcu.externaltools.gnu-tools-for-stm32.13.3.rel1.win32_1.0.0.202411081344/tools/bin/../lib/gcc/arm-none-eabi/13.3.1/../../../../arm-none-eabi/lib/thumb/v7e-m/nofp\libc_nano.a(libc_a-memset.o)
                              C:/ST/STM32CubeIDE_1.18.0/STM32CubeIDE/plugins/com.st.stm32cube.ide.mcu.externaltools.gnu-tools-for-stm32.13.3.rel1.win32_1.0.0.202411081344/tools/bin/../lib/gcc/arm-none-eabi/13.3.1/../../../../arm-none-eabi/lib/thumb/v7e-m/nofp/crt0.o (memset)
C:/ST/STM32CubeIDE_1.18.0/STM32CubeIDE/plugins/com.st.stm32cube.ide.mcu.externaltools.gnu-tools-for-stm32.13.3.rel1.win32_1.0.0.202411081344/tools/bin/../lib/gcc/arm-none-eabi/13.3.1/../../../../arm-none-eabi/lib/thumb/v7e-m/nofp\libc_nano.a(libc_a-closer.o)
                              C:/ST/STM32CubeIDE_1.18.0/STM32CubeIDE/plugins/com.st.stm32cube.ide.mcu.externaltools.gnu-tools-for-stm32.13.3.rel1.win32_1.0.0.202411081344/tools/bin/../lib/gcc/arm-none-eabi/13.3.1/../../../../arm-none-eabi/lib/thumb/v7e-m/nofp\libc_nano.a(libc_a-stdio.o) (_close_r)
C:/ST/STM32CubeIDE_1.18.0/STM32CubeIDE/plugins/com.st.stm32cube.ide.mcu.externaltools.gnu-tools-for-stm32.13.3.rel1.win32_1.0.0.202411081344/tools/bin/../lib/gcc/arm-none-eabi/13.3.1/../../../../arm-none-eabi/lib/thumb/v7e-m/nofp\libc_nano.a(libc_a-reent.o)
                              C:/ST/STM32CubeIDE_1.18.0/STM32CubeIDE/plugins/com.st.stm32cube.ide.mcu.externaltools.gnu-tools-for-stm32.13.3.rel1.win32_1.0.0.202411081344/tools/bin/../lib/gcc/arm-none-eabi/13.3.1/../../../../arm-none-eabi/lib/thumb/v7e-m/nofp\libc_nano.a(libc_a-closer.o) (errno)
[...]
Memory Configuration

Name             Origin             Length             Attributes
RAM              0x20000000         0x00010000         xrw
RAM2             0x10000000         0x00008000         xrw
FLASH            0x08000000         0x00040000         xr
*default*        0x00000000         0xffffffff

Linker script and memory map

LOAD C:/ST/STM32CubeIDE_1.18.0/STM32CubeIDE/plugins/com.st.stm32cube.ide.mcu.externaltools.gnu-tools-for-stm32.13.3.rel1.win32_1.0.0.202411081344/tools/bin/../lib/gcc/arm-none-eabi/13.3.1/thumb/v7e-m/nofp/crti.o
LOAD C:/ST/STM32CubeIDE_1.18.0/STM32CubeIDE/plugins/com.st.stm32cube.ide.mcu.externaltools.gnu-tools-for-stm32.13.3.rel1.win32_1.0.0.202411081344/tools/bin/../lib/gcc/arm-none-eabi/13.3.1/thumb/v7e-m/nofp/crtbegin.o
LOAD C:/ST/STM32CubeIDE_1.18.0/STM32CubeIDE/plugins/com.st.stm32cube.ide.mcu.externaltools.gnu-tools-for-stm32.13.3.rel1.win32_1.0.0.202411081344/tools/bin/../lib/gcc/arm-none-eabi/13.3.1/../../../../arm-none-eabi/lib/thumb/v7e-m/nofp/crt0.o
LOAD ./Core/Src/adc.o
LOAD ./Core/Src/error_manager.o
LOAD ./Core/Src/gpio.o
LOAD ./Core/Src/iwdg.o
LOAD ./Core/Src/main.o
LOAD ./Core/Src/nextion_driver.o
LOAD ./Core/Src/rtc.o
LOAD ./Core/Src/stm32_adv_trace_if.o
LOAD ./Core/Src/stm32_lpm_if.o
LOAD ./Core/Src/stm32wlxx_hal_msp.o
LOAD ./Core/Src/stm32wlxx_it.o
LOAD ./Core/Src/subghz.o
LOAD ./Core/Src/sys_app.o
LOAD ./Core/Src/syscalls.o
LOAD ./Core/Src/sysmem.o
LOAD ./Core/Src/system_stm32wlxx.o
LOAD ./Core/Src/timer_if.o
LOAD ./Core/Src/tmp275_driver.o
LOAD ./Core/Src/usart.o
LOAD ./Core/Startup/startup_stm32wl55ccux.o
LOAD ./Drivers/STM32WLxx_HAL_Driver/Src/stm32wlxx_hal.o
LOAD ./Drivers/STM32WLxx_HAL_Driver/Src/stm32wlxx_hal_adc.o
LOAD ./Drivers/STM32WLxx_HAL_Driver/Src/stm32wlxx_hal_adc_ex.o
LOAD ./Drivers/STM32WLxx_HAL_Driver/Src/stm32wlxx_hal_cortex.o
LOAD ./Drivers/STM32WLxx_HAL_Driver/Src/stm32wlxx_hal_dma.o
LOAD ./Drivers/STM32WLxx_HAL_Driver/Src/stm32wlxx_hal_dma_ex.o
LOAD ./Drivers/STM32WLxx_HAL_Driver/Src/stm32wlxx_hal_exti.o
LOAD ./Drivers/STM32WLxx_HAL_Driver/Src/stm32wlxx_hal_flash.o
LOAD ./Drivers/STM32WLxx_HAL_Driver/Src/stm32wlxx_hal_flash_ex.o
LOAD ./Drivers/STM32WLxx_HAL_Driver/Src/stm32wlxx_hal_gpio.o
LOAD ./Drivers/STM32WLxx_HAL_Driver/Src/stm32wlxx_hal_i2c.o
LOAD ./Drivers/STM32WLxx_HAL_Driver/Src/stm32wlxx_hal_i2c_ex.o
LOAD ./Drivers/STM32WLxx_HAL_Driver/Src/stm32wlxx_hal_iwdg.o
LOAD ./Drivers/STM32WLxx_HAL_Driver/Src/stm32wlxx_hal_pwr.o
LOAD ./Drivers/STM32WLxx_HAL_Driver/Src/stm32wlxx_hal_pwr_ex.o
LOAD ./Drivers/STM32WLxx_HAL_Driver/Src/stm32wlxx_hal_rcc.o
LOAD ./Drivers/STM32WLxx_HAL_Driver/Src/stm32wlxx_hal_rcc_ex.o
LOAD ./Drivers/STM32WLxx_HAL_Driver/Src/stm32wlxx_hal_rtc.o
LOAD ./Drivers/STM32WLxx_HAL_Driver/Src/stm32wlxx_hal_rtc_ex.o
LOAD ./Drivers/STM32WLxx_HAL_Driver/Src/stm32wlxx_hal_subghz.o
LOAD ./Drivers/STM32WLxx_HAL_Driver/Src/stm32wlxx_hal_uart.o
LOAD ./Drivers/STM32WLxx_HAL_Driver/Src/stm32wlxx_hal_uart_ex.o
LOAD ./Drivers/STM32WLxx_HAL_Driver/Src/stm32wlxx_ll_adc.o
LOAD ./Middlewares/Third_Party/SubGHz_Phy/stm32_radio_driver/lr_fhss_mac.o
LOAD ./Middlewares/Third_Party/SubGHz_Phy/stm32_radio_driver/radio.o
LOAD ./Middlewares/Third_Party/SubGHz_Phy/stm32_radio_driver/radio_driver.o
LOAD ./Middlewares/Third_Party/SubGHz_Phy/stm32_radio_driver/radio_fw.o
LOAD ./Middlewares/Third_Party/SubGHz_Phy/stm32_radio_driver/wl_lr_fhss.o
LOAD ./SubGHz_Phy/App/app_subghz_phy.o
LOAD ./SubGHz_Phy/App/subghz_phy_app.o
LOAD ./SubGHz_Phy/Target/radio_board_if.o
LOAD ./Utilities/lpm/tiny_lpm/stm32_lpm.o
LOAD ./Utilities/misc/stm32_mem.o
LOAD ./Utilities/misc/stm32_systime.o
LOAD ./Utilities/misc/stm32_tiny_sscanf.o
LOAD ./Utilities/misc/stm32_tiny_vsnprintf.o
LOAD ./Utilities/sequencer/stm32_seq.o
LOAD ./Utilities/timer/stm32_timer.o
LOAD ./Utilities/trace/adv_trace/stm32_adv_trace.o
START GROUP
LOAD C:/ST/STM32CubeIDE_1.18.0/STM32CubeIDE/plugins/com.st.stm32cube.ide.mcu.externaltools.gnu-tools-for-stm32.13.3.rel1.win32_1.0.0.202411081344/tools/bin/../lib/gcc/arm-none-eabi/13.3.1/../../../../arm-none-eabi/lib/thumb/v7e-m/nofp\libc_nano.a
LOAD C:/ST/STM32CubeIDE_1.18.0/STM32CubeIDE/plugins/com.st.stm32cube.ide.mcu.externaltools.gnu-tools-for-stm32.13.3.rel1.win32_1.0.0.202411081344/tools/bin/../lib/gcc/arm-none-eabi/13.3.1/../../../../arm-none-eabi/lib/thumb/v7e-m/nofp\libm.a
END GROUP
START GROUP
LOAD C:/ST/STM32CubeIDE_1.18.0/STM32CubeIDE/plugins/com.st.stm32cube.ide.mcu.externaltools.gnu-tools-for-stm32.13.3.rel1.win32_1.0.0.202411081344/tools/bin/../lib/gcc/arm-none-eabi/13.3.1/thumb/v7e-m/nofp\libgcc.a
LOAD C:/ST/STM32CubeIDE_1.18.0/STM32CubeIDE/plugins/com.st.stm32cube.ide.mcu.externaltools.gnu-tools-for-stm32.13.3.rel1.win32_1.0.0.202411081344/tools/bin/../lib/gcc/arm-none-eabi/13.3.1/../../../../arm-none-eabi/lib/thumb/v7e-m/nofp\libc_nano.a
END GROUP
START GROUP
LOAD C:/ST/STM32CubeIDE_1.18.0/STM32CubeIDE/plugins/com.st.stm32cube.ide.mcu.externaltools.gnu-tools-for-stm32.13.3.rel1.win32_1.0.0.202411081344/tools/bin/../lib/gcc/arm-none-eabi/13.3.1/thumb/v7e-m/nofp\libgcc.a
LOAD C:/ST/STM32CubeIDE_1.18.0/STM32CubeIDE/plugins/com.st.stm32cube.ide.mcu.externaltools.gnu-tools-for-stm32.13.3.rel1.win32_1.0.0.202411081344/tools/bin/../lib/gcc/arm-none-eabi/13.3.1/../../../../arm-none-eabi/lib/thumb/v7e-m/nofp\libc_nano.a
LOAD C:/ST/STM32CubeIDE_1.18.0/STM32CubeIDE/plugins/com.st.stm32cube.ide.mcu.externaltools.gnu-tools-for-stm32.13.3.rel1.win32_1.0.0.202411081344/tools/bin/../lib/gcc/arm-none-eabi/13.3.1/../../../../arm-none-eabi/lib/thumb/v7e-m/nofp\libnosys.a
END GROUP
START GROUP
LOAD C:/ST/STM32CubeIDE_1.18.0/STM32CubeIDE/plugins/com.st.stm32cube.ide.mcu.externaltools.gnu-tools-for-stm32.13.3.rel1.win32_1.0.0.202411081344/tools/bin/../lib/gcc/arm-none-eabi/13.3.1/thumb/v7e-m/nofp\libgcc.a
LOAD C:/ST/STM32CubeIDE_1.18.0/STM32CubeIDE/plugins/com.st.stm32cube.ide.mcu.externaltools.gnu-tools-for-stm32.13.3.rel1.win32_1.0.0.202411081344/tools/bin/../lib/gcc/arm-none-eabi/13.3.1/../../../../arm-none-eabi/lib/thumb/v7e-m/nofp\libc_nano.a
LOAD C:/ST/STM32CubeIDE_1.18.0/STM32CubeIDE/plugins/com.st.stm32cube.ide.mcu.externaltools.gnu-tools-for-stm32.13.3.rel1.win32_1.0.0.202411081344/tools/bin/../lib/gcc/arm-none-eabi/13.3.1/../../../../arm-none-eabi/lib/thumb/v7e-m/nofp\libnosys.a
END GROUP
LOAD C:/ST/STM32CubeIDE_1.18.0/STM32CubeIDE/plugins/com.st.stm32cube.ide.mcu.externaltools.gnu-tools-for-stm32.13.3.rel1.win32_1.0.0.202411081344/tools/bin/../lib/gcc/arm-none-eabi/13.3.1/thumb/v7e-m/nofp/crtend.o
LOAD C:/ST/STM32CubeIDE_1.18.0/STM32CubeIDE/plugins/com.st.stm32cube.ide.mcu.externaltools.gnu-tools-for-stm32.13.3.rel1.win32_1.0.0.202411081344/tools/bin/../lib/gcc/arm-none-eabi/13.3.1/thumb/v7e-m/nofp/crtn.o
                0x20010000                        _estack = (ORIGIN (RAM) + LENGTH (RAM))
                0x00000200                        _Min_Heap_Size = 0x200
                0x00000400                        _Min_Stack_Size = 0x400

.isr_vector     0x08000000      0x138
                0x08000000                        . = ALIGN (0x4)
 *(.isr_vector)
 .isr_vector    0x08000000      0x138 ./Core/Startup/startup_stm32wl55ccux.o
                0x08000000                g_pfnVectors
                0x08000138                        . = ALIGN (0x4)

.text           0x08000140     0xd500
                0x08000140                        . = ALIGN (0x4)
 *(.text)
 .text          0x08000140       0x40 C:/ST/STM32CubeIDE_1.18.0/STM32CubeIDE/plugins/com.st.stm32cube.ide.mcu.externaltools.gnu-tools-for-stm32.13.3.rel1.win32_1.0.0.202411081344/tools/bin/../lib/gcc/arm-none-eabi/13.3.1/thumb/v7e-m/nofp/crtbegin.o
 .text          0x08000180       0x10 C:/ST/STM32CubeIDE_1.18.0/STM32CubeIDE/plugins/com.st.stm32cube.ide.mcu.externaltools.gnu-tools-for-stm32.13.3.rel1.win32_1.0.0.202411081344/tools/bin/../lib/gcc/arm-none-eabi/13.3.1/../../../../arm-none-eabi/lib/thumb/v7e-m/nofp\libc_nano.a(libc_a-strlen.o)
                0x08000180                strlen
 .text          0x08000190       0xa0 C:/ST/STM32CubeIDE_1.18.0/STM32CubeIDE/plugins/com.st.stm32cube.ide.mcu.externaltools.gnu-tools-for-stm32.13.3.rel1.win32_1.0.0.202411081344/tools/bin/../lib/gcc/arm-none-eabi/13.3.1/../../../../arm-none-eabi/lib/thumb/v7e-m/nofp\libc_nano.a(libc_a-memchr.o)
                0x08000190                memchr
 .text          0x08000230      0x254 C:/ST/STM32CubeIDE_1.18.0/STM32CubeIDE/plugins/com.st.stm32cube.ide.mcu.externaltools.gnu-tools-for-stm32.13.3.rel1.win32_1.0.0.202411081344/tools/bin/../lib/gcc/arm-none-eabi/13.3.1/thumb/v7e-m/nofp\libgcc.a(_arm_muldf3.o)
                0x08000230                __muldf3
                0x08000230                __aeabi_dmul
 .text          0x08000484      0x378 C:/ST/STM32CubeIDE_1.18.0/STM32CubeIDE/plugins/com.st.stm32cube.ide.mcu.externaltools.gnu-tools-for-stm32.13.3.rel1.win32_1.0.0.202411081344/tools/bin/../lib/gcc/arm-none-eabi/13.3.1/thumb/v7e-m/nofp\libgcc.a(_arm_addsubdf3.o)
                0x08000484                __aeabi_drsub
                0x0800048c                __aeabi_dsub
                0x0800048c                __subdf3
                0x08000490                __aeabi_dadd
                0x08000490                __adddf3
                0x08000708                __floatunsidf
                0x08000708                __aeabi_ui2d
                0x08000728                __floatsidf
                0x08000728                __aeabi_i2d
                0x0800074c                __aeabi_f2d
                0x0800074c                __extendsfdf2
                0x08000790                __floatundidf
                0x08000790                __aeabi_ul2d
                0x080007a0                __floatdidf
                0x080007a0                __aeabi_l2d
 .text          0x080007fc       0xa0 C:/ST/STM32CubeIDE_1.18.0/STM32CubeIDE/plugins/com.st.stm32cube.ide.mcu.externaltools.gnu-tools-for-stm32.13.3.rel1.win32_1.0.0.202411081344/tools/bin/../lib/gcc/arm-none-eabi/13.3.1/thumb/v7e-m/nofp\libgcc.a(_arm_truncdfsf2.o)
                0x080007fc                __truncdfsf2
                0x080007fc                __aeabi_d2f
 .text          0x0800089c      0x21c C:/ST/STM32CubeIDE_1.18.0/STM32CubeIDE/plugins/com.st.stm32cube.ide.mcu.externaltools.gnu-tools-for-stm32.13.3.rel1.win32_1.0.0.202411081344/tools/bin/../lib/gcc/arm-none-eabi/13.3.1/thumb/v7e-m/nofp\libgcc.a(_arm_addsubsf3.o)
                0x0800089c                __aeabi_frsub
                0x080008a4                __subsf3
                0x080008a4                __aeabi_fsub
                0x080008a8                __aeabi_fadd
                0x080008a8                __addsf3
                0x08000a08                __aeabi_ui2f
                0x08000a08                __floatunsisf
                0x08000a10                __aeabi_i2f
                0x08000a10                __floatsisf
                0x08000a2c                __aeabi_ul2f
                0x08000a2c                __floatundisf
                0x08000a3c                __aeabi_l2f
                0x08000a3c                __floatdisf
 .text          0x08000ab8      0x2a0 C:/ST/STM32CubeIDE_1.18.0/STM32CubeIDE/plugins/com.st.stm32cube.ide.mcu.externaltools.gnu-tools-for-stm32.13.3.rel1.win32_1.0.0.202411081344/tools/bin/../lib/gcc/arm-none-eabi/13.3.1/thumb/v7e-m/nofp\libgcc.a(_arm_muldivsf3.o)
                0x08000ab8                __mulsf3
                0x08000ab8                __aeabi_fmul
                0x08000c20                __aeabi_fdiv
                0x08000c20                __divsf3
 .text          0x08000d58       0x4c C:/ST/STM32CubeIDE_1.18.0/STM32CubeIDE/plugins/com.st.stm32cube.ide.mcu.externaltools.gnu-tools-for-stm32.13.3.rel1.win32_1.0.0.202411081344/tools/bin/../lib/gcc/arm-none-eabi/13.3.1/thumb/v7e-m/nofp\libgcc.a(_arm_fixsfsi.o)
                0x08000d58                __aeabi_f2iz
                0x08000d58                __fixsfsi
 .text          0x08000da4       0x40 C:/ST/STM32CubeIDE_1.18.0/STM32CubeIDE/plugins/com.st.stm32cube.ide.mcu.externaltools.gnu-tools-for-stm32.13.3.rel1.win32_1.0.0.202411081344/tools/bin/../lib/gcc/arm-none-eabi/13.3.1/thumb/v7e-m/nofp\libgcc.a(_arm_fixunssfsi.o)
                0x08000da4                __fixunssfsi
                0x08000da4                __aeabi_f2uiz
 .text          0x08000de4       0x30 C:/ST/STM32CubeIDE_1.18.0/STM32CubeIDE/plugins/com.st.stm32cube.ide.mcu.externaltools.gnu-tools-for-stm32.13.3.rel1.win32_1.0.0.202411081344/tools/bin/../lib/gcc/arm-none-eabi/13.3.1/thumb/v7e-m/nofp\libgcc.a(_aeabi_uldivmod.o)
                0x08000de4                __aeabi_uldivmod
 .text          0x08000e14      0x2f8 C:/ST/STM32CubeIDE_1.18.0/STM32CubeIDE/plugins/com.st.stm32cube.ide.mcu.externaltools.gnu-tools-for-stm32.13.3.rel1.win32_1.0.0.202411081344/tools/bin/../lib/gcc/arm-none-eabi/13.3.1/thumb/v7e-m/nofp\libgcc.a(_udivmoddi4.o)
                0x08000e14                __udivmoddi4
 .text          0x0800110c        0x4 C:/ST/STM32CubeIDE_1.18.0/STM32CubeIDE/plugins/com.st.stm32cube.ide.mcu.externaltools.gnu-tools-for-stm32.13.3.rel1.win32_1.0.0.202411081344/tools/bin/../lib/gcc/arm-none-eabi/13.3.1/thumb/v7e-m/nofp\libgcc.a(_dvmd_tls.o)
                0x0800110c                __aeabi_idiv0
                0x0800110c                __aeabi_ldiv0
 *(.text*)
 .text.LL_AHB2_GRP1_EnableClock
                0x08001110       0x30 ./Core/Src/adc.o
 .text.LL_APB2_GRP1_EnableClock
                0x08001140       0x30 ./Core/Src/adc.o
 .text.MX_ADC_Init
                0x08001170       0xe0 ./Core/Src/adc.o
                0x08001170                MX_ADC_Init
 .text.HAL_ADC_MspInit
                0x08001250       0x88 ./Core/Src/adc.o
                0x08001250                HAL_ADC_MspInit
 .text.LL_AHB2_GRP1_EnableClock
                0x080012d8       0x30 ./Core/Src/gpio.o
 .text.MX_GPIO_Init
                0x08001308      0x100 ./Core/Src/gpio.o
                0x08001308                MX_GPIO_Init
 .text.MX_IWDG_Init
                0x08001408       0x3c ./Core/Src/iwdg.o
                0x08001408                MX_IWDG_Init
 .text.LL_RCC_LSE_SetDriveCapability
                0x08001444       0x2a ./Core/Src/main.o
 .text.LL_APB1_GRP1_EnableClock
                0x0800146e       0x30 ./Core/Src/main.o
 .text.LL_APB2_GRP1_EnableClock
                0x0800149e       0x30 ./Core/Src/main.o
 *fill*         0x080014ce        0x2 
 .text.main     0x080014d0       0x58 ./Core/Src/main.o
                0x080014d0                main
 .text.SystemClock_Config
                0x08001528       0xc4 ./Core/Src/main.o
                0x08001528                SystemClock_Config
 .text.TIM2_Init
                0x080015ec       0x5a ./Core/Src/main.o
                0x080015ec                TIM2_Init
 *fill*         0x08001646        0x2 
 .text.TIM16_Init
                0x08001648       0x54 ./Core/Src/main.o
                0x08001648                TIM16_Init
 .text.TIM2_IRQHandler
                0x0800169c       0x2a ./Core/Src/main.o
                0x0800169c                TIM2_IRQHandler
 *fill*         0x080016c6        0x2 
 .text.TIM16_IRQHandler
                0x080016c8       0x28 ./Core/Src/main.o
                0x080016c8                TIM16_IRQHandler
 .text.APP_TMP275_Init
                0x080016f0       0x30 ./Core/Src/main.o
                0x080016f0                APP_TMP275_Init
 .text.Error_Handler
                0x08001720        0xc ./Core/Src/main.o
                0x08001720                Error_Handler
 .text.NEXTION_SendCommand
                0x0800172c       0x90 ./Core/Src/nextion_driver.o
                0x0800172c                NEXTION_SendCommand
 .text.NEXTION_WaitForACK
                0x080017bc      0x114 ./Core/Src/nextion_driver.o
                0x080017bc                NEXTION_WaitForACK
 .text.NEXTION_SetText
                0x080018d0       0x40 ./Core/Src/nextion_driver.o
                0x080018d0                NEXTION_SetText
 .text.NEXTION_SetValue
                0x08001910       0x38 ./Core/Src/nextion_driver.o
                0x08001910                NEXTION_SetValue
 .text.NEXTION_SetBackgroundColor
                0x08001948       0x38 ./Core/Src/nextion_driver.o
                0x08001948                NEXTION_SetBackgroundColor
 .text.NEXTION_SetPicture
                0x08001980       0x38 ./Core/Src/nextion_driver.o
                0x08001980                NEXTION_SetPicture
 .text.LL_RCC_EnableRTC
                0x080019b8       0x20 ./Core/Src/rtc.o
 .text.LL_APB1_GRP1_EnableClock
                0x080019d8       0x30 ./Core/Src/rtc.o
 .text.MX_RTC_Init
                0x08001a08       0x60 ./Core/Src/rtc.o
                0x08001a08                MX_RTC_Init
 .text.HAL_RTC_MspInit
                0x08001a68       0x58 ./Core/Src/rtc.o
                0x08001a68                HAL_RTC_MspInit
 .text.HAL_MspInit
                0x08001ac0       0x18 ./Core/Src/stm32wlxx_hal_msp.o
                0x08001ac0                HAL_MspInit
 .text.NMI_Handler
                0x08001ad8        0x8 ./Core/Src/stm32wlxx_it.o
                0x08001ad8                NMI_Handler
 .text.HardFault_Handler
                0x08001ae0        0x8 ./Core/Src/stm32wlxx_it.o
                0x08001ae0                HardFault_Handler
 .text.MemManage_Handler
                0x08001ae8        0x8 ./Core/Src/stm32wlxx_it.o
                0x08001ae8                MemManage_Handler
 .text.BusFault_Handler
                0x08001af0        0x8 ./Core/Src/stm32wlxx_it.o
                0x08001af0                BusFault_Handler
 .text.UsageFault_Handler
                0x08001af8        0x8 ./Core/Src/stm32wlxx_it.o
                0x08001af8                UsageFault_Handler
 .text.SVC_Handler
                0x08001b00        0xc ./Core/Src/stm32wlxx_it.o
                0x08001b00                SVC_Handler
 .text.DebugMon_Handler
                0x08001b0c        0xc ./Core/Src/stm32wlxx_it.o
                0x08001b0c                DebugMon_Handler
 .text.PendSV_Handler
                0x08001b18        0xc ./Core/Src/stm32wlxx_it.o
                0x08001b18                PendSV_Handler
 .text.SysTick_Handler
                0x08001b24        0xc ./Core/Src/stm32wlxx_it.o
                0x08001b24                SysTick_Handler
 .text.RCC_IRQHandler
                0x08001b30        0xc ./Core/Src/stm32wlxx_it.o
                0x08001b30                RCC_IRQHandler
 .text.USART1_IRQHandler
                0x08001b3c       0x18 ./Core/Src/stm32wlxx_it.o
                0x08001b3c                USART1_IRQHandler
 .text.SUBGHZ_Radio_IRQHandler
                0x08001b54       0x14 ./Core/Src/stm32wlxx_it.o
                0x08001b54                SUBGHZ_Radio_IRQHandler
 .text.LL_APB3_GRP1_EnableClock
                0x08001b68       0x30 ./Core/Src/subghz.o
 .text.MX_SUBGHZ_Init
                0x08001b98       0x24 ./Core/Src/subghz.o
                0x08001b98                MX_SUBGHZ_Init
 .text.HAL_SUBGHZ_MspInit
                0x08001bbc       0x26 ./Core/Src/subghz.o
                0x08001bbc                HAL_SUBGHZ_MspInit
 .text.SystemApp_Init
                0x08001be2        0xc ./Core/Src/sys_app.o
                0x08001be2                SystemApp_Init
 *fill*         0x08001bee        0x2 
 .text._sbrk    0x08001bf0       0x6c ./Core/Src/sysmem.o
                0x08001bf0                _sbrk
 .text.SystemInit
                0x08001c5c        0xc ./Core/Src/system_stm32wlxx.o
                0x08001c5c                SystemInit
 .text.TIMER_IF_Init
                0x08001c68       0x16 ./Core/Src/timer_if.o
                0x08001c68                TIMER_IF_Init
 .text.TIMER_IF_StartTimer
                0x08001c7e       0x18 ./Core/Src/timer_if.o
                0x08001c7e                TIMER_IF_StartTimer
 .text.TIMER_IF_StopTimer
                0x08001c96       0x16 ./Core/Src/timer_if.o
                0x08001c96                TIMER_IF_StopTimer
 .text.TIMER_IF_SetTimerContext
                0x08001cac       0x14 ./Core/Src/timer_if.o
                0x08001cac                TIMER_IF_SetTimerContext
 .text.TIMER_IF_GetTimerContext
                0x08001cc0       0x14 ./Core/Src/timer_if.o
                0x08001cc0                TIMER_IF_GetTimerContext
 .text.TIMER_IF_GetTimerElapsedTime
                0x08001cd4       0x16 ./Core/Src/timer_if.o
                0x08001cd4                TIMER_IF_GetTimerElapsedTime
 .text.TIMER_IF_GetTimerValue
                0x08001cea       0x16 ./Core/Src/timer_if.o
                0x08001cea                TIMER_IF_GetTimerValue
 .text.TIMER_IF_GetMinimumTimeout
                0x08001d00       0x16 ./Core/Src/timer_if.o
                0x08001d00                TIMER_IF_GetMinimumTimeout
 .text.TIMER_IF_Convert_ms2Tick
                0x08001d16       0x18 ./Core/Src/timer_if.o
                0x08001d16                TIMER_IF_Convert_ms2Tick
 .text.TIMER_IF_Convert_Tick2ms
                0x08001d2e       0x18 ./Core/Src/timer_if.o
                0x08001d2e                TIMER_IF_Convert_Tick2ms
 .text.timeout_begin
                0x08001d46       0x28 ./Core/Src/tmp275_driver.o
 *fill*         0x08001d6e        0x2 
 .text.timeout_expired
                0x08001d70       0x54 ./Core/Src/tmp275_driver.o
 .text.i2c_clear_errors
                0x08001dc4       0x1a ./Core/Src/tmp275_driver.o
 *fill*         0x08001dde        0x2 
 .text.i2c_bus_recover
                0x08001de0      0x134 ./Core/Src/tmp275_driver.o
 .text.i2c_soft_reset_and_reinit
                0x08001f14       0x30 ./Core/Src/tmp275_driver.o
 .text.I2C_WriteRegister
                0x08001f44      0x284 ./Core/Src/tmp275_driver.o
 .text.I2C_ReadRegister
                0x080021c8      0x2b8 ./Core/Src/tmp275_driver.o
 .text.TMP275_ConvertRawToTemperature
                0x08002480       0x3c ./Core/Src/tmp275_driver.o
                0x08002480                TMP275_ConvertRawToTemperature
 .text.TMP275_ConvertTemperatureToRaw
                0x080024bc       0x34 ./Core/Src/tmp275_driver.o
                0x080024bc                TMP275_ConvertTemperatureToRaw
 .text.TMP275_Init
                0x080024f0       0x56 ./Core/Src/tmp275_driver.o
                0x080024f0                TMP275_Init
 .text.TMP275_Configure
                0x08002546      0x154 ./Core/Src/tmp275_driver.o
                0x08002546                TMP275_Configure
 .text.TMP275_ReadTemperature
                0x0800269a       0x5e ./Core/Src/tmp275_driver.o
                0x0800269a                TMP275_ReadTemperature
 .text.TMP275_ReadTemperatureRaw
                0x080026f8       0x6a ./Core/Src/tmp275_driver.o
                0x080026f8                TMP275_ReadTemperatureRaw
 *fill*         0x08002762        0x2 
 .text.TMP275_I2C_Init
                0x08002764       0x44 ./Core/Src/tmp275_driver.o
                0x08002764                TMP275_I2C_Init
 .text.TMP275_GPIO_Init
                0x080027a8       0x80 ./Core/Src/tmp275_driver.o
                0x080027a8                TMP275_GPIO_Init
 .text.LL_AHB2_GRP1_EnableClock
                0x08002828       0x30 ./Core/Src/usart.o
 .text.LL_APB2_GRP1_EnableClock
                0x08002858       0x30 ./Core/Src/usart.o
 .text.MX_USART1_UART_Init
                0x08002888       0xa8 ./Core/Src/usart.o
                0x08002888                MX_USART1_UART_Init
 .text.HAL_UART_MspInit
                0x08002930       0x9c ./Core/Src/usart.o
                0x08002930                HAL_UART_MspInit
 .text.USART1_Interrupt
                0x080029cc       0xe8 ./Core/Src/usart.o
                0x080029cc                USART1_Interrupt
 .text.Reset_Handler
                0x08002ab4       0x50 ./Core/Startup/startup_stm32wl55ccux.o
                0x08002ab4                Reset_Handler
 .text.Default_Handler
                0x08002b04        0x2 ./Core/Startup/startup_stm32wl55ccux.o
                0x08002b04                RTC_Alarm_IRQHandler
                0x08002b04                EXTI2_IRQHandler
                0x08002b04                TIM1_CC_IRQHandler
                0x08002b04                EXTI3_IRQHandler
                0x08002b04                LPTIM2_IRQHandler
                0x08002b04                I2C3_ER_IRQHandler
                0x08002b04                LPTIM3_IRQHandler
                0x08002b04                EXTI0_IRQHandler
                0x08002b04                I2C2_EV_IRQHandler
                0x08002b04                TAMP_STAMP_LSECSS_SSRU_IRQHandler
                0x08002b04                SPI1_IRQHandler
                0x08002b04                DMA2_Channel2_IRQHandler
                0x08002b04                DMA1_Channel4_IRQHandler
                0x08002b04                PKA_IRQHandler
                0x08002b04                TIM17_IRQHandler
                0x08002b04                DMA1_Channel7_IRQHandler
                0x08002b04                SUBGHZSPI_IRQHandler
                0x08002b04                IPCC_C1_TX_IRQHandler
                0x08002b04                DMA2_Channel1_IRQHandler
                0x08002b04                I2C1_EV_IRQHandler
                0x08002b04                DMAMUX1_OVR_IRQHandler
                0x08002b04                DMA1_Channel6_IRQHandler
                0x08002b04                DMA2_Channel4_IRQHandler
                0x08002b04                TIM1_TRG_COM_IRQHandler
                0x08002b04                DMA1_Channel1_IRQHandler
                0x08002b04                Default_Handler
                0x08002b04                DMA2_Channel7_IRQHandler
                0x08002b04                EXTI15_10_IRQHandler
                0x08002b04                IPCC_C1_RX_IRQHandler
                0x08002b04                ADC_IRQHandler
                0x08002b04                C2SEV_PWR_C2H_IRQHandler
                0x08002b04                I2C3_EV_IRQHandler
                0x08002b04                EXTI9_5_IRQHandler
                0x08002b04                RTC_WKUP_IRQHandler
                0x08002b04                PVD_PVM_IRQHandler
                0x08002b04                SPI2_IRQHandler
                0x08002b04                DMA2_Channel5_IRQHandler
                0x08002b04                DMA1_Channel5_IRQHandler
                0x08002b04                EXTI4_IRQHandler
                0x08002b04                RNG_IRQHandler
                0x08002b04                DMA1_Channel3_IRQHandler
                0x08002b04                COMP_IRQHandler
                0x08002b04                HSEM_IRQHandler
                0x08002b04                TIM1_UP_IRQHandler
                0x08002b04                WWDG_IRQHandler
                0x08002b04                LPUART1_IRQHandler
                0x08002b04                DMA2_Channel6_IRQHandler
                0x08002b04                TIM1_BRK_IRQHandler
                0x08002b04                DAC_IRQHandler
                0x08002b04                EXTI1_IRQHandler
                0x08002b04                AES_IRQHandler
                0x08002b04                USART2_IRQHandler
                0x08002b04                I2C2_ER_IRQHandler
                0x08002b04                DMA1_Channel2_IRQHandler
                0x08002b04                FLASH_IRQHandler
                0x08002b04                I2C1_ER_IRQHandler
                0x08002b04                LPTIM1_IRQHandler
                0x08002b04                DMA2_Channel3_IRQHandler
 *fill*         0x08002b06        0x2 
 .text.HAL_Init
                0x08002b08       0x40 ./Drivers/STM32WLxx_HAL_Driver/Src/stm32wlxx_hal.o
                0x08002b08                HAL_Init
 .text.HAL_InitTick
                0x08002b48       0x74 ./Drivers/STM32WLxx_HAL_Driver/Src/stm32wlxx_hal.o
                0x08002b48                HAL_InitTick
 .text.HAL_IncTick
                0x08002bbc       0x24 ./Drivers/STM32WLxx_HAL_Driver/Src/stm32wlxx_hal.o
                0x08002bbc                HAL_IncTick
 .text.HAL_GetTick
                0x08002be0       0x14 ./Drivers/STM32WLxx_HAL_Driver/Src/stm32wlxx_hal.o
                0x08002be0                HAL_GetTick
 .text.HAL_Delay
                0x08002bf4       0x48 ./Drivers/STM32WLxx_HAL_Driver/Src/stm32wlxx_hal.o
                0x08002bf4                HAL_Delay
 .text.LL_ADC_SetCommonPathInternalCh
                0x08002c3c       0x24 ./Drivers/STM32WLxx_HAL_Driver/Src/stm32wlxx_hal_adc.o
 .text.LL_ADC_GetCommonPathInternalCh
                0x08002c60       0x1a ./Drivers/STM32WLxx_HAL_Driver/Src/stm32wlxx_hal_adc.o
 .text.LL_ADC_SetSamplingTimeCommonChannels
                0x08002c7a       0x3c ./Drivers/STM32WLxx_HAL_Driver/Src/stm32wlxx_hal_adc.o
 .text.LL_ADC_GetSamplingTimeCommonChannels
                0x08002cb6       0x30 ./Drivers/STM32WLxx_HAL_Driver/Src/stm32wlxx_hal_adc.o
 .text.LL_ADC_REG_IsTriggerSourceSWStart
                0x08002ce6       0x24 ./Drivers/STM32WLxx_HAL_Driver/Src/stm32wlxx_hal_adc.o
 .text.LL_ADC_REG_SetSequencerRanks
                0x08002d0a       0x42 ./Drivers/STM32WLxx_HAL_Driver/Src/stm32wlxx_hal_adc.o
 .text.LL_ADC_REG_SetSequencerChAdd
                0x08002d4c       0x24 ./Drivers/STM32WLxx_HAL_Driver/Src/stm32wlxx_hal_adc.o
 .text.LL_ADC_REG_SetSequencerChRem
                0x08002d70       0x26 ./Drivers/STM32WLxx_HAL_Driver/Src/stm32wlxx_hal_adc.o
 .text.LL_ADC_SetChannelSamplingTime
                0x08002d96       0x38 ./Drivers/STM32WLxx_HAL_Driver/Src/stm32wlxx_hal_adc.o
 .text.LL_ADC_EnableInternalRegulator
                0x08002dce       0x26 ./Drivers/STM32WLxx_HAL_Driver/Src/stm32wlxx_hal_adc.o
 .text.LL_ADC_IsInternalRegulatorEnabled
                0x08002df4       0x26 ./Drivers/STM32WLxx_HAL_Driver/Src/stm32wlxx_hal_adc.o
 .text.LL_ADC_Enable
                0x08002e1a       0x26 ./Drivers/STM32WLxx_HAL_Driver/Src/stm32wlxx_hal_adc.o
 .text.LL_ADC_Disable
                0x08002e40       0x26 ./Drivers/STM32WLxx_HAL_Driver/Src/stm32wlxx_hal_adc.o
 .text.LL_ADC_IsEnabled
                0x08002e66       0x24 ./Drivers/STM32WLxx_HAL_Driver/Src/stm32wlxx_hal_adc.o
 .text.LL_ADC_IsDisableOngoing
                0x08002e8a       0x24 ./Drivers/STM32WLxx_HAL_Driver/Src/stm32wlxx_hal_adc.o
 .text.LL_ADC_REG_StartConversion
                0x08002eae       0x26 ./Drivers/STM32WLxx_HAL_Driver/Src/stm32wlxx_hal_adc.o
 .text.LL_ADC_REG_StopConversion
                0x08002ed4       0x26 ./Drivers/STM32WLxx_HAL_Driver/Src/stm32wlxx_hal_adc.o
 .text.LL_ADC_REG_IsConversionOngoing
                0x08002efa       0x24 ./Drivers/STM32WLxx_HAL_Driver/Src/stm32wlxx_hal_adc.o
 *fill*         0x08002f1e        0x2 
 .text.HAL_ADC_Init
                0x08002f20      0x328 ./Drivers/STM32WLxx_HAL_Driver/Src/stm32wlxx_hal_adc.o
                0x08002f20                HAL_ADC_Init
 .text.HAL_ADC_Start
                0x08003248       0x8c ./Drivers/STM32WLxx_HAL_Driver/Src/stm32wlxx_hal_adc.o
                0x08003248                HAL_ADC_Start
 .text.HAL_ADC_Stop
                0x080032d4       0x64 ./Drivers/STM32WLxx_HAL_Driver/Src/stm32wlxx_hal_adc.o
                0x080032d4                HAL_ADC_Stop
 .text.HAL_ADC_PollForConversion
                0x08003338      0x12e ./Drivers/STM32WLxx_HAL_Driver/Src/stm32wlxx_hal_adc.o
                0x08003338                HAL_ADC_PollForConversion
 .text.HAL_ADC_GetValue
                0x08003466       0x18 ./Drivers/STM32WLxx_HAL_Driver/Src/stm32wlxx_hal_adc.o
                0x08003466                HAL_ADC_GetValue
 *fill*         0x0800347e        0x2 
 .text.HAL_ADC_ConfigChannel
                0x08003480      0x270 ./Drivers/STM32WLxx_HAL_Driver/Src/stm32wlxx_hal_adc.o
                0x08003480                HAL_ADC_ConfigChannel
 .text.ADC_ConversionStop
                0x080036f0       0x8a ./Drivers/STM32WLxx_HAL_Driver/Src/stm32wlxx_hal_adc.o
                0x080036f0                ADC_ConversionStop
 *fill*         0x0800377a        0x2 
 .text.ADC_Enable
                0x0800377c      0x10c ./Drivers/STM32WLxx_HAL_Driver/Src/stm32wlxx_hal_adc.o
                0x0800377c                ADC_Enable
 .text.ADC_Disable
                0x08003888       0xbe ./Drivers/STM32WLxx_HAL_Driver/Src/stm32wlxx_hal_adc.o
                0x08003888                ADC_Disable
 .text.LL_ADC_SetCalibrationFactor
                0x08003946       0x28 ./Drivers/STM32WLxx_HAL_Driver/Src/stm32wlxx_hal_adc_ex.o
 .text.LL_ADC_GetCalibrationFactor
                0x0800396e       0x1c ./Drivers/STM32WLxx_HAL_Driver/Src/stm32wlxx_hal_adc_ex.o
 .text.LL_ADC_Enable
                0x0800398a       0x26 ./Drivers/STM32WLxx_HAL_Driver/Src/stm32wlxx_hal_adc_ex.o
 .text.LL_ADC_Disable
                0x080039b0       0x26 ./Drivers/STM32WLxx_HAL_Driver/Src/stm32wlxx_hal_adc_ex.o
 .text.LL_ADC_IsEnabled
                0x080039d6       0x24 ./Drivers/STM32WLxx_HAL_Driver/Src/stm32wlxx_hal_adc_ex.o
 .text.LL_ADC_StartCalibration
                0x080039fa       0x26 ./Drivers/STM32WLxx_HAL_Driver/Src/stm32wlxx_hal_adc_ex.o
 .text.LL_ADC_IsCalibrationOnGoing
                0x08003a20       0x26 ./Drivers/STM32WLxx_HAL_Driver/Src/stm32wlxx_hal_adc_ex.o
 .text.HAL_ADCEx_Calibration_Start
                0x08003a46      0x19a ./Drivers/STM32WLxx_HAL_Driver/Src/stm32wlxx_hal_adc_ex.o
                0x08003a46                HAL_ADCEx_Calibration_Start
 .text.__NVIC_SetPriorityGrouping
                0x08003be0       0x48 ./Drivers/STM32WLxx_HAL_Driver/Src/stm32wlxx_hal_cortex.o
 .text.__NVIC_GetPriorityGrouping
                0x08003c28       0x1c ./Drivers/STM32WLxx_HAL_Driver/Src/stm32wlxx_hal_cortex.o
 .text.__NVIC_EnableIRQ
                0x08003c44       0x38 ./Drivers/STM32WLxx_HAL_Driver/Src/stm32wlxx_hal_cortex.o
 .text.__NVIC_SetPriority
                0x08003c7c       0x54 ./Drivers/STM32WLxx_HAL_Driver/Src/stm32wlxx_hal_cortex.o
 .text.NVIC_EncodePriority
                0x08003cd0       0x64 ./Drivers/STM32WLxx_HAL_Driver/Src/stm32wlxx_hal_cortex.o
 .text.SysTick_Config
                0x08003d34       0x44 ./Drivers/STM32WLxx_HAL_Driver/Src/stm32wlxx_hal_cortex.o
 .text.HAL_NVIC_SetPriorityGrouping
                0x08003d78       0x16 ./Drivers/STM32WLxx_HAL_Driver/Src/stm32wlxx_hal_cortex.o
                0x08003d78                HAL_NVIC_SetPriorityGrouping
 .text.HAL_NVIC_SetPriority
                0x08003d8e       0x34 ./Drivers/STM32WLxx_HAL_Driver/Src/stm32wlxx_hal_cortex.o
                0x08003d8e                HAL_NVIC_SetPriority
 .text.HAL_NVIC_EnableIRQ
                0x08003dc2       0x1c ./Drivers/STM32WLxx_HAL_Driver/Src/stm32wlxx_hal_cortex.o
                0x08003dc2                HAL_NVIC_EnableIRQ
 .text.HAL_SYSTICK_Config
                0x08003dde       0x18 ./Drivers/STM32WLxx_HAL_Driver/Src/stm32wlxx_hal_cortex.o
                0x08003dde                HAL_SYSTICK_Config
 .text.HAL_DMA_Abort
                0x08003df6       0xbc ./Drivers/STM32WLxx_HAL_Driver/Src/stm32wlxx_hal_dma.o
                0x08003df6                HAL_DMA_Abort
 .text.HAL_DMA_Abort_IT
                0x08003eb2       0xbe ./Drivers/STM32WLxx_HAL_Driver/Src/stm32wlxx_hal_dma.o
                0x08003eb2                HAL_DMA_Abort_IT
 .text.HAL_GPIO_Init
                0x08003f70      0x2c0 ./Drivers/STM32WLxx_HAL_Driver/Src/stm32wlxx_hal_gpio.o
                0x08003f70                HAL_GPIO_Init
 .text.HAL_GPIO_ReadPin
                0x08004230       0x2e ./Drivers/STM32WLxx_HAL_Driver/Src/stm32wlxx_hal_gpio.o
                0x08004230                HAL_GPIO_ReadPin
 .text.HAL_GPIO_WritePin
                0x0800425e       0x2e ./Drivers/STM32WLxx_HAL_Driver/Src/stm32wlxx_hal_gpio.o
                0x0800425e                HAL_GPIO_WritePin
 .text.HAL_IWDG_Init
                0x0800428c       0x9e ./Drivers/STM32WLxx_HAL_Driver/Src/stm32wlxx_hal_iwdg.o
                0x0800428c                HAL_IWDG_Init
 .text.HAL_IWDG_Refresh
                0x0800432a       0x1e ./Drivers/STM32WLxx_HAL_Driver/Src/stm32wlxx_hal_iwdg.o
                0x0800432a                HAL_IWDG_Refresh
 .text.HAL_PWR_EnableBkUpAccess
                0x08004348       0x1c ./Drivers/STM32WLxx_HAL_Driver/Src/stm32wlxx_hal_pwr.o
                0x08004348                HAL_PWR_EnableBkUpAccess
 .text.HAL_PWREx_GetVoltageRange
                0x08004364       0x18 ./Drivers/STM32WLxx_HAL_Driver/Src/stm32wlxx_hal_pwr_ex.o
                0x08004364                HAL_PWREx_GetVoltageRange
 .text.LL_PWR_IsEnabledBkUpAccess
                0x0800437c       0x24 ./Drivers/STM32WLxx_HAL_Driver/Src/stm32wlxx_hal_rcc.o
 .text.LL_RCC_HSE_EnableTcxo
                0x080043a0       0x1c ./Drivers/STM32WLxx_HAL_Driver/Src/stm32wlxx_hal_rcc.o
 .text.LL_RCC_HSE_DisableTcxo
                0x080043bc       0x1c ./Drivers/STM32WLxx_HAL_Driver/Src/stm32wlxx_hal_rcc.o
 .text.LL_RCC_HSE_IsEnabledDiv2
                0x080043d8       0x22 ./Drivers/STM32WLxx_HAL_Driver/Src/stm32wlxx_hal_rcc.o
 .text.LL_RCC_HSE_Enable
                0x080043fa       0x1c ./Drivers/STM32WLxx_HAL_Driver/Src/stm32wlxx_hal_rcc.o
 .text.LL_RCC_HSE_Disable
                0x08004416       0x1c ./Drivers/STM32WLxx_HAL_Driver/Src/stm32wlxx_hal_rcc.o
 .text.LL_RCC_HSE_IsReady
                0x08004432       0x22 ./Drivers/STM32WLxx_HAL_Driver/Src/stm32wlxx_hal_rcc.o
 .text.LL_RCC_HSI_Enable
                0x08004454       0x1c ./Drivers/STM32WLxx_HAL_Driver/Src/stm32wlxx_hal_rcc.o
 .text.LL_RCC_HSI_Disable
                0x08004470       0x1c ./Drivers/STM32WLxx_HAL_Driver/Src/stm32wlxx_hal_rcc.o
 .text.LL_RCC_HSI_IsReady
                0x0800448c       0x22 ./Drivers/STM32WLxx_HAL_Driver/Src/stm32wlxx_hal_rcc.o
 .text.LL_RCC_HSI_SetCalibTrimming
                0x080044ae       0x28 ./Drivers/STM32WLxx_HAL_Driver/Src/stm32wlxx_hal_rcc.o
 .text.LL_RCC_LSE_IsReady
                0x080044d6       0x22 ./Drivers/STM32WLxx_HAL_Driver/Src/stm32wlxx_hal_rcc.o
 .text.LL_RCC_LSI_Enable
                0x080044f8       0x20 ./Drivers/STM32WLxx_HAL_Driver/Src/stm32wlxx_hal_rcc.o
 .text.LL_RCC_LSI_Disable
                0x08004518       0x20 ./Drivers/STM32WLxx_HAL_Driver/Src/stm32wlxx_hal_rcc.o
 .text.LL_RCC_LSI_IsReady
                0x08004538       0x22 ./Drivers/STM32WLxx_HAL_Driver/Src/stm32wlxx_hal_rcc.o
 .text.LL_RCC_MSI_Enable
                0x0800455a       0x1c ./Drivers/STM32WLxx_HAL_Driver/Src/stm32wlxx_hal_rcc.o
 .text.LL_RCC_MSI_Disable
                0x08004576       0x1c ./Drivers/STM32WLxx_HAL_Driver/Src/stm32wlxx_hal_rcc.o
 .text.LL_RCC_MSI_IsReady
                0x08004592       0x20 ./Drivers/STM32WLxx_HAL_Driver/Src/stm32wlxx_hal_rcc.o
 .text.LL_RCC_MSI_IsEnabledRangeSelect
                0x080045b2       0x20 ./Drivers/STM32WLxx_HAL_Driver/Src/stm32wlxx_hal_rcc.o
 .text.LL_RCC_MSI_GetRange
                0x080045d2       0x16 ./Drivers/STM32WLxx_HAL_Driver/Src/stm32wlxx_hal_rcc.o
 .text.LL_RCC_MSI_GetRangeAfterStandby
                0x080045e8       0x18 ./Drivers/STM32WLxx_HAL_Driver/Src/stm32wlxx_hal_rcc.o
 .text.LL_RCC_MSI_SetCalibTrimming
                0x08004600       0x28 ./Drivers/STM32WLxx_HAL_Driver/Src/stm32wlxx_hal_rcc.o
 .text.LL_RCC_SetSysClkSource
                0x08004628       0x26 ./Drivers/STM32WLxx_HAL_Driver/Src/stm32wlxx_hal_rcc.o
 .text.LL_RCC_GetSysClkSource
                0x0800464e       0x16 ./Drivers/STM32WLxx_HAL_Driver/Src/stm32wlxx_hal_rcc.o
 .text.LL_RCC_SetAHBPrescaler
                0x08004664       0x26 ./Drivers/STM32WLxx_HAL_Driver/Src/stm32wlxx_hal_rcc.o
 .text.LL_C2_RCC_SetAHBPrescaler
                0x0800468a       0x2a ./Drivers/STM32WLxx_HAL_Driver/Src/stm32wlxx_hal_rcc.o
 .text.LL_RCC_SetAHB3Prescaler
                0x080046b4       0x2c ./Drivers/STM32WLxx_HAL_Driver/Src/stm32wlxx_hal_rcc.o
 .text.LL_RCC_SetAPB1Prescaler
                0x080046e0       0x26 ./Drivers/STM32WLxx_HAL_Driver/Src/stm32wlxx_hal_rcc.o
 .text.LL_RCC_SetAPB2Prescaler
                0x08004706       0x26 ./Drivers/STM32WLxx_HAL_Driver/Src/stm32wlxx_hal_rcc.o
 .text.LL_RCC_GetAHBPrescaler
                0x0800472c       0x16 ./Drivers/STM32WLxx_HAL_Driver/Src/stm32wlxx_hal_rcc.o
 .text.LL_RCC_GetAHB3Prescaler
                0x08004742       0x1a ./Drivers/STM32WLxx_HAL_Driver/Src/stm32wlxx_hal_rcc.o
 .text.LL_RCC_GetAPB1Prescaler
                0x0800475c       0x16 ./Drivers/STM32WLxx_HAL_Driver/Src/stm32wlxx_hal_rcc.o
 .text.LL_RCC_GetAPB2Prescaler
                0x08004772       0x16 ./Drivers/STM32WLxx_HAL_Driver/Src/stm32wlxx_hal_rcc.o
 .text.LL_RCC_PLL_Enable
                0x08004788       0x1c ./Drivers/STM32WLxx_HAL_Driver/Src/stm32wlxx_hal_rcc.o
 .text.LL_RCC_PLL_Disable
                0x080047a4       0x1c ./Drivers/STM32WLxx_HAL_Driver/Src/stm32wlxx_hal_rcc.o
 .text.LL_RCC_PLL_IsReady
                0x080047c0       0x22 ./Drivers/STM32WLxx_HAL_Driver/Src/stm32wlxx_hal_rcc.o
 .text.LL_RCC_PLL_GetN
                0x080047e2       0x18 ./Drivers/STM32WLxx_HAL_Driver/Src/stm32wlxx_hal_rcc.o
 .text.LL_RCC_PLL_GetR
                0x080047fa       0x16 ./Drivers/STM32WLxx_HAL_Driver/Src/stm32wlxx_hal_rcc.o
 .text.LL_RCC_PLL_GetDivider
                0x08004810       0x16 ./Drivers/STM32WLxx_HAL_Driver/Src/stm32wlxx_hal_rcc.o
 .text.LL_RCC_PLL_GetMainSource
                0x08004826       0x16 ./Drivers/STM32WLxx_HAL_Driver/Src/stm32wlxx_hal_rcc.o
 .text.LL_RCC_IsActiveFlag_HPRE
                0x0800483c       0x22 ./Drivers/STM32WLxx_HAL_Driver/Src/stm32wlxx_hal_rcc.o
 .text.LL_RCC_IsActiveFlag_C2HPRE
                0x0800485e       0x24 ./Drivers/STM32WLxx_HAL_Driver/Src/stm32wlxx_hal_rcc.o
 .text.LL_RCC_IsActiveFlag_SHDHPRE
                0x08004882       0x24 ./Drivers/STM32WLxx_HAL_Driver/Src/stm32wlxx_hal_rcc.o
 .text.LL_RCC_IsActiveFlag_PPRE1
                0x080048a6       0x22 ./Drivers/STM32WLxx_HAL_Driver/Src/stm32wlxx_hal_rcc.o
 .text.LL_RCC_IsActiveFlag_PPRE2
                0x080048c8       0x22 ./Drivers/STM32WLxx_HAL_Driver/Src/stm32wlxx_hal_rcc.o
 *fill*         0x080048ea        0x2 
 .text.HAL_RCC_OscConfig
                0x080048ec      0x704 ./Drivers/STM32WLxx_HAL_Driver/Src/stm32wlxx_hal_rcc.o
                0x080048ec                HAL_RCC_OscConfig
 .text.HAL_RCC_ClockConfig
                0x08004ff0      0x284 ./Drivers/STM32WLxx_HAL_Driver/Src/stm32wlxx_hal_rcc.o
                0x08004ff0                HAL_RCC_ClockConfig
 .text.HAL_RCC_GetSysClockFreq
                0x08005274      0x140 ./Drivers/STM32WLxx_HAL_Driver/Src/stm32wlxx_hal_rcc.o
                0x08005274                HAL_RCC_GetSysClockFreq
 .text.HAL_RCC_GetHCLKFreq
                0x080053b4       0x28 ./Drivers/STM32WLxx_HAL_Driver/Src/stm32wlxx_hal_rcc.o
                0x080053b4                HAL_RCC_GetHCLKFreq
 .text.HAL_RCC_GetPCLK1Freq
                0x080053dc       0x24 ./Drivers/STM32WLxx_HAL_Driver/Src/stm32wlxx_hal_rcc.o
                0x080053dc                HAL_RCC_GetPCLK1Freq
 .text.HAL_RCC_GetPCLK2Freq
                0x08005400       0x24 ./Drivers/STM32WLxx_HAL_Driver/Src/stm32wlxx_hal_rcc.o
                0x08005400                HAL_RCC_GetPCLK2Freq
 .text.RCC_SetFlashLatencyFromMSIRange
                0x08005424       0x60 ./Drivers/STM32WLxx_HAL_Driver/Src/stm32wlxx_hal_rcc.o
 .text.RCC_SetFlashLatency
                0x08005484      0x104 ./Drivers/STM32WLxx_HAL_Driver/Src/stm32wlxx_hal_rcc.o
 .text.LL_RCC_LSE_IsReady
                0x08005588       0x22 ./Drivers/STM32WLxx_HAL_Driver/Src/stm32wlxx_hal_rcc_ex.o
 .text.LL_RCC_SetUSARTClockSource
                0x080055aa       0x30 ./Drivers/STM32WLxx_HAL_Driver/Src/stm32wlxx_hal_rcc_ex.o
 .text.LL_RCC_SetI2SClockSource
                0x080055da       0x2a ./Drivers/STM32WLxx_HAL_Driver/Src/stm32wlxx_hal_rcc_ex.o
 .text.LL_RCC_SetLPUARTClockSource
                0x08005604       0x2a ./Drivers/STM32WLxx_HAL_Driver/Src/stm32wlxx_hal_rcc_ex.o
 .text.LL_RCC_SetI2CClockSource
                0x0800562e       0x38 ./Drivers/STM32WLxx_HAL_Driver/Src/stm32wlxx_hal_rcc_ex.o
 .text.LL_RCC_SetLPTIMClockSource
                0x08005666       0x32 ./Drivers/STM32WLxx_HAL_Driver/Src/stm32wlxx_hal_rcc_ex.o
 .text.LL_RCC_SetRNGClockSource
                0x08005698       0x2a ./Drivers/STM32WLxx_HAL_Driver/Src/stm32wlxx_hal_rcc_ex.o
 .text.LL_RCC_SetADCClockSource
                0x080056c2       0x2a ./Drivers/STM32WLxx_HAL_Driver/Src/stm32wlxx_hal_rcc_ex.o
 .text.LL_RCC_SetRTCClockSource
                0x080056ec       0x2a ./Drivers/STM32WLxx_HAL_Driver/Src/stm32wlxx_hal_rcc_ex.o
 .text.LL_RCC_GetRTCClockSource
                0x08005716       0x18 ./Drivers/STM32WLxx_HAL_Driver/Src/stm32wlxx_hal_rcc_ex.o
 .text.LL_RCC_ForceBackupDomainReset
                0x0800572e       0x20 ./Drivers/STM32WLxx_HAL_Driver/Src/stm32wlxx_hal_rcc_ex.o
 .text.LL_RCC_ReleaseBackupDomainReset
                0x0800574e       0x20 ./Drivers/STM32WLxx_HAL_Driver/Src/stm32wlxx_hal_rcc_ex.o
 *fill*         0x0800576e        0x2 
 .text.HAL_RCCEx_PeriphCLKConfig
                0x08005770      0x234 ./Drivers/STM32WLxx_HAL_Driver/Src/stm32wlxx_hal_rcc_ex.o
                0x08005770                HAL_RCCEx_PeriphCLKConfig
 .text.HAL_RTC_Init
                0x080059a4      0x104 ./Drivers/STM32WLxx_HAL_Driver/Src/stm32wlxx_hal_rtc.o
                0x080059a4                HAL_RTC_Init
 .text.HAL_RTC_WaitForSynchro
                0x08005aa8       0x4c ./Drivers/STM32WLxx_HAL_Driver/Src/stm32wlxx_hal_rtc.o
                0x08005aa8                HAL_RTC_WaitForSynchro
 .text.RTC_EnterInitMode
                0x08005af4       0x68 ./Drivers/STM32WLxx_HAL_Driver/Src/stm32wlxx_hal_rtc.o
                0x08005af4                RTC_EnterInitMode
 .text.RTC_ExitInitMode
                0x08005b5c       0x7c ./Drivers/STM32WLxx_HAL_Driver/Src/stm32wlxx_hal_rtc.o
                0x08005b5c                RTC_ExitInitMode
 .text.LL_PWR_SetRadioBusyTrigger
                0x08005bd8       0x28 ./Drivers/STM32WLxx_HAL_Driver/Src/stm32wlxx_hal_subghz.o
 .text.LL_PWR_UnselectSUBGHZSPI_NSS
                0x08005c00       0x20 ./Drivers/STM32WLxx_HAL_Driver/Src/stm32wlxx_hal_subghz.o
 .text.LL_PWR_SelectSUBGHZSPI_NSS
                0x08005c20       0x20 ./Drivers/STM32WLxx_HAL_Driver/Src/stm32wlxx_hal_subghz.o
 .text.LL_PWR_ClearFlag_RFBUSY
                0x08005c40       0x18 ./Drivers/STM32WLxx_HAL_Driver/Src/stm32wlxx_hal_subghz.o
 .text.LL_PWR_IsActiveFlag_RFBUSYS
                0x08005c58       0x24 ./Drivers/STM32WLxx_HAL_Driver/Src/stm32wlxx_hal_subghz.o
 .text.LL_PWR_IsActiveFlag_RFBUSYMS
                0x08005c7c       0x24 ./Drivers/STM32WLxx_HAL_Driver/Src/stm32wlxx_hal_subghz.o
 .text.LL_RCC_RF_DisableReset
                0x08005ca0       0x20 ./Drivers/STM32WLxx_HAL_Driver/Src/stm32wlxx_hal_subghz.o
 .text.LL_RCC_IsRFUnderReset
                0x08005cc0       0x24 ./Drivers/STM32WLxx_HAL_Driver/Src/stm32wlxx_hal_subghz.o
 .text.LL_EXTI_EnableIT_32_63
                0x08005ce4       0x28 ./Drivers/STM32WLxx_HAL_Driver/Src/stm32wlxx_hal_subghz.o
 .text.HAL_SUBGHZ_Init
                0x08005d0c      0x140 ./Drivers/STM32WLxx_HAL_Driver/Src/stm32wlxx_hal_subghz.o
                0x08005d0c                HAL_SUBGHZ_Init
 .text.HAL_SUBGHZ_WriteRegisters
                0x08005e4c       0xbe ./Drivers/STM32WLxx_HAL_Driver/Src/stm32wlxx_hal_subghz.o
                0x08005e4c                HAL_SUBGHZ_WriteRegisters
 .text.HAL_SUBGHZ_ReadRegisters
                0x08005f0a       0xc2 ./Drivers/STM32WLxx_HAL_Driver/Src/stm32wlxx_hal_subghz.o
                0x08005f0a                HAL_SUBGHZ_ReadRegisters
 .text.HAL_SUBGHZ_ExecSetCmd
                0x08005fcc       0xbe ./Drivers/STM32WLxx_HAL_Driver/Src/stm32wlxx_hal_subghz.o
                0x08005fcc                HAL_SUBGHZ_ExecSetCmd
 .text.HAL_SUBGHZ_ExecGetCmd
                0x0800608a       0xa8 ./Drivers/STM32WLxx_HAL_Driver/Src/stm32wlxx_hal_subghz.o
                0x0800608a                HAL_SUBGHZ_ExecGetCmd
 .text.HAL_SUBGHZ_WriteBuffer
                0x08006132       0xa6 ./Drivers/STM32WLxx_HAL_Driver/Src/stm32wlxx_hal_subghz.o
                0x08006132                HAL_SUBGHZ_WriteBuffer
 .text.HAL_SUBGHZ_ReadBuffer
                0x080061d8       0xb0 ./Drivers/STM32WLxx_HAL_Driver/Src/stm32wlxx_hal_subghz.o
                0x080061d8                HAL_SUBGHZ_ReadBuffer
 .text.HAL_SUBGHZ_IRQHandler
                0x08006288      0x132 ./Drivers/STM32WLxx_HAL_Driver/Src/stm32wlxx_hal_subghz.o
                0x08006288                HAL_SUBGHZ_IRQHandler
 *fill*         0x080063ba        0x2 
 .text.SUBGHZSPI_Init
                0x080063bc       0x40 ./Drivers/STM32WLxx_HAL_Driver/Src/stm32wlxx_hal_subghz.o
                0x080063bc                SUBGHZSPI_Init
 .text.SUBGHZSPI_Transmit
                0x080063fc       0xac ./Drivers/STM32WLxx_HAL_Driver/Src/stm32wlxx_hal_subghz.o
                0x080063fc                SUBGHZSPI_Transmit
 .text.SUBGHZSPI_Receive
                0x080064a8       0xb0 ./Drivers/STM32WLxx_HAL_Driver/Src/stm32wlxx_hal_subghz.o
                0x080064a8                SUBGHZSPI_Receive
 .text.SUBGHZ_CheckDeviceReady
                0x08006558       0x48 ./Drivers/STM32WLxx_HAL_Driver/Src/stm32wlxx_hal_subghz.o
                0x08006558                SUBGHZ_CheckDeviceReady
 .text.SUBGHZ_WaitOnBusy
                0x080065a0       0x5c ./Drivers/STM32WLxx_HAL_Driver/Src/stm32wlxx_hal_subghz.o
                0x080065a0                SUBGHZ_WaitOnBusy
 .text.LL_RCC_GetUSARTClockSource
                0x080065fc       0x24 ./Drivers/STM32WLxx_HAL_Driver/Src/stm32wlxx_hal_uart.o
 .text.LL_RCC_GetLPUARTClockSource
                0x08006620       0x1e ./Drivers/STM32WLxx_HAL_Driver/Src/stm32wlxx_hal_uart.o
 *fill*         0x0800663e        0x2 
 .text.HAL_UART_Init
                0x08006640       0xc0 ./Drivers/STM32WLxx_HAL_Driver/Src/stm32wlxx_hal_uart.o
                0x08006640                HAL_UART_Init
 .text.HAL_UART_Transmit
                0x08006700      0x10c ./Drivers/STM32WLxx_HAL_Driver/Src/stm32wlxx_hal_uart.o
                0x08006700                HAL_UART_Transmit
 .text.HAL_UART_Receive_IT
                0x0800680c       0x98 ./Drivers/STM32WLxx_HAL_Driver/Src/stm32wlxx_hal_uart.o
                0x0800680c                HAL_UART_Receive_IT
 .text.HAL_UART_IRQHandler
                0x080068a4      0x668 ./Drivers/STM32WLxx_HAL_Driver/Src/stm32wlxx_hal_uart.o
                0x080068a4                HAL_UART_IRQHandler
 .text.HAL_UART_TxCpltCallback
                0x08006f0c       0x12 ./Drivers/STM32WLxx_HAL_Driver/Src/stm32wlxx_hal_uart.o
                0x08006f0c                HAL_UART_TxCpltCallback
 .text.HAL_UART_TxHalfCpltCallback
                0x08006f1e       0x12 ./Drivers/STM32WLxx_HAL_Driver/Src/stm32wlxx_hal_uart.o
                0x08006f1e                HAL_UART_TxHalfCpltCallback
 .text.HAL_UART_RxCpltCallback
                0x08006f30       0x12 ./Drivers/STM32WLxx_HAL_Driver/Src/stm32wlxx_hal_uart.o
                0x08006f30                HAL_UART_RxCpltCallback
 .text.HAL_UART_RxHalfCpltCallback
                0x08006f42       0x12 ./Drivers/STM32WLxx_HAL_Driver/Src/stm32wlxx_hal_uart.o
                0x08006f42                HAL_UART_RxHalfCpltCallback
 .text.HAL_UART_ErrorCallback
                0x08006f54       0x12 ./Drivers/STM32WLxx_HAL_Driver/Src/stm32wlxx_hal_uart.o
                0x08006f54                HAL_UART_ErrorCallback
 .text.HAL_UART_AbortCpltCallback
                0x08006f66       0x12 ./Drivers/STM32WLxx_HAL_Driver/Src/stm32wlxx_hal_uart.o
                0x08006f66                HAL_UART_AbortCpltCallback
 .text.HAL_UART_AbortTransmitCpltCallback
                0x08006f78       0x12 ./Drivers/STM32WLxx_HAL_Driver/Src/stm32wlxx_hal_uart.o
                0x08006f78                HAL_UART_AbortTransmitCpltCallback
 .text.HAL_UART_AbortReceiveCpltCallback
                0x08006f8a       0x12 ./Drivers/STM32WLxx_HAL_Driver/Src/stm32wlxx_hal_uart.o
                0x08006f8a                HAL_UART_AbortReceiveCpltCallback
 .text.HAL_UARTEx_RxEventCallback
                0x08006f9c       0x16 ./Drivers/STM32WLxx_HAL_Driver/Src/stm32wlxx_hal_uart.o
                0x08006f9c                HAL_UARTEx_RxEventCallback
 *fill*         0x08006fb2        0x2 
 .text.UART_InitCallbacksToDefault
                0x08006fb4       0xa4 ./Drivers/STM32WLxx_HAL_Driver/Src/stm32wlxx_hal_uart.o
                0x08006fb4                UART_InitCallbacksToDefault
 .text.UART_SetConfig
                0x08007058      0x4e8 ./Drivers/STM32WLxx_HAL_Driver/Src/stm32wlxx_hal_uart.o
                0x08007058                UART_SetConfig
 .text.UART_AdvFeatureConfig
                0x08007540      0x142 ./Drivers/STM32WLxx_HAL_Driver/Src/stm32wlxx_hal_uart.o
                0x08007540                UART_AdvFeatureConfig
 .text.UART_CheckIdleState
                0x08007682       0x9c ./Drivers/STM32WLxx_HAL_Driver/Src/stm32wlxx_hal_uart.o
                0x08007682                UART_CheckIdleState
 .text.UART_WaitOnFlagUntilTimeout
                0x0800771e      0x19c ./Drivers/STM32WLxx_HAL_Driver/Src/stm32wlxx_hal_uart.o
                0x0800771e                UART_WaitOnFlagUntilTimeout
 *fill*         0x080078ba        0x2 
 .text.UART_Start_Receive_IT
                0x080078bc      0x240 ./Drivers/STM32WLxx_HAL_Driver/Src/stm32wlxx_hal_uart.o
                0x080078bc                UART_Start_Receive_IT
 .text.UART_EndRxTransfer
                0x08007afc       0xca ./Drivers/STM32WLxx_HAL_Driver/Src/stm32wlxx_hal_uart.o
 .text.UART_DMAAbortOnError
                0x08007bc6       0x30 ./Drivers/STM32WLxx_HAL_Driver/Src/stm32wlxx_hal_uart.o
 .text.UART_EndTransmit_IT
                0x08007bf6       0x5a ./Drivers/STM32WLxx_HAL_Driver/Src/stm32wlxx_hal_uart.o
 .text.UART_RxISR_8BIT
                0x08007c50      0x1c0 ./Drivers/STM32WLxx_HAL_Driver/Src/stm32wlxx_hal_uart.o
 .text.UART_RxISR_16BIT
                0x08007e10      0x1c0 ./Drivers/STM32WLxx_HAL_Driver/Src/stm32wlxx_hal_uart.o
 .text.UART_RxISR_8BIT_FIFOEN
                0x08007fd0      0x36c ./Drivers/STM32WLxx_HAL_Driver/Src/stm32wlxx_hal_uart.o
 .text.UART_RxISR_16BIT_FIFOEN
                0x0800833c      0x374 ./Drivers/STM32WLxx_HAL_Driver/Src/stm32wlxx_hal_uart.o
 .text.HAL_UARTEx_WakeupCallback
                0x080086b0       0x12 ./Drivers/STM32WLxx_HAL_Driver/Src/stm32wlxx_hal_uart_ex.o
                0x080086b0                HAL_UARTEx_WakeupCallback
 .text.HAL_UARTEx_RxFifoFullCallback
                0x080086c2       0x12 ./Drivers/STM32WLxx_HAL_Driver/Src/stm32wlxx_hal_uart_ex.o
                0x080086c2                HAL_UARTEx_RxFifoFullCallback
 .text.HAL_UARTEx_TxFifoEmptyCallback
                0x080086d4       0x12 ./Drivers/STM32WLxx_HAL_Driver/Src/stm32wlxx_hal_uart_ex.o
                0x080086d4                HAL_UARTEx_TxFifoEmptyCallback
 .text.HAL_UARTEx_DisableFifoMode
                0x080086e6       0x70 ./Drivers/STM32WLxx_HAL_Driver/Src/stm32wlxx_hal_uart_ex.o
                0x080086e6                HAL_UARTEx_DisableFifoMode
 .text.HAL_UARTEx_SetTxFifoThreshold
                0x08008756       0x7c ./Drivers/STM32WLxx_HAL_Driver/Src/stm32wlxx_hal_uart_ex.o
                0x08008756                HAL_UARTEx_SetTxFifoThreshold
 .text.HAL_UARTEx_SetRxFifoThreshold
                0x080087d2       0x7c ./Drivers/STM32WLxx_HAL_Driver/Src/stm32wlxx_hal_uart_ex.o
                0x080087d2                HAL_UARTEx_SetRxFifoThreshold
 *fill*         0x0800884e        0x2 
 .text.UARTEx_SetNbDataToProcess
                0x08008850       0x98 ./Drivers/STM32WLxx_HAL_Driver/Src/stm32wlxx_hal_uart_ex.o
 .text.RadioInit
                0x080088e8       0xb8 ./Middlewares/Third_Party/SubGHz_Phy/stm32_radio_driver/radio.o
 .text.RadioGetStatus
                0x080089a0       0x2e ./Middlewares/Third_Party/SubGHz_Phy/stm32_radio_driver/radio.o
 *fill*         0x080089ce        0x2 
 .text.RadioSetModem
                0x080089d0       0xb8 ./Middlewares/Third_Party/SubGHz_Phy/stm32_radio_driver/radio.o
 .text.RadioSetChannel
                0x08008a88       0x16 ./Middlewares/Third_Party/SubGHz_Phy/stm32_radio_driver/radio.o
 .text.RadioIsChannelFree
                0x08008a9e       0xb4 ./Middlewares/Third_Party/SubGHz_Phy/stm32_radio_driver/radio.o
 .text.RadioRandom
                0x08008b52       0x26 ./Middlewares/Third_Party/SubGHz_Phy/stm32_radio_driver/radio.o
 .text.RadioSetRxConfig
                0x08008b78      0x418 ./Middlewares/Third_Party/SubGHz_Phy/stm32_radio_driver/radio.o
 .text.RadioSetTxConfig
                0x08008f90      0x224 ./Middlewares/Third_Party/SubGHz_Phy/stm32_radio_driver/radio.o
 .text.RadioCheckRfFrequency
                0x080091b4       0x14 ./Middlewares/Third_Party/SubGHz_Phy/stm32_radio_driver/radio.o
 .text.RadioGetLoRaBandwidthInHz
                0x080091c8       0xac ./Middlewares/Third_Party/SubGHz_Phy/stm32_radio_driver/radio.o
 .text.RadioGetGfskTimeOnAirNumerator
                0x08009274       0x54 ./Middlewares/Third_Party/SubGHz_Phy/stm32_radio_driver/radio.o
 .text.RadioGetLoRaTimeOnAirNumerator
                0x080092c8      0x102 ./Middlewares/Third_Party/SubGHz_Phy/stm32_radio_driver/radio.o
 *fill*         0x080093ca        0x2 
 .text.RadioTimeOnAir
                0x080093cc       0xb0 ./Middlewares/Third_Party/SubGHz_Phy/stm32_radio_driver/radio.o
 .text.RadioSend
                0x0800947c      0x1f0 ./Middlewares/Third_Party/SubGHz_Phy/stm32_radio_driver/radio.o
 .text.RadioSleep
                0x0800966c       0x26 ./Middlewares/Third_Party/SubGHz_Phy/stm32_radio_driver/radio.o
 .text.RadioStandby
                0x08009692        0xe ./Middlewares/Third_Party/SubGHz_Phy/stm32_radio_driver/radio.o
 .text.RadioRx  0x080096a0       0x80 ./Middlewares/Third_Party/SubGHz_Phy/stm32_radio_driver/radio.o
 .text.RadioRxBoosted
                0x08009720       0x80 ./Middlewares/Third_Party/SubGHz_Phy/stm32_radio_driver/radio.o
 .text.RadioSetRxDutyCycle
                0x080097a0       0x48 ./Middlewares/Third_Party/SubGHz_Phy/stm32_radio_driver/radio.o
 .text.RadioStartCad
                0x080097e8       0x30 ./Middlewares/Third_Party/SubGHz_Phy/stm32_radio_driver/radio.o
 .text.RadioSetTxContinuousWave
                0x08009818       0x64 ./Middlewares/Third_Party/SubGHz_Phy/stm32_radio_driver/radio.o
 .text.RadioRssi
                0x0800987c       0x18 ./Middlewares/Third_Party/SubGHz_Phy/stm32_radio_driver/radio.o
 .text.RadioWrite
                0x08009894       0x24 ./Middlewares/Third_Party/SubGHz_Phy/stm32_radio_driver/radio.o
 .text.RadioRead
                0x080098b8       0x1c ./Middlewares/Third_Party/SubGHz_Phy/stm32_radio_driver/radio.o
 .text.RadioWriteRegisters
                0x080098d4       0x26 ./Middlewares/Third_Party/SubGHz_Phy/stm32_radio_driver/radio.o
 .text.RadioReadRegisters
                0x080098fa       0x26 ./Middlewares/Third_Party/SubGHz_Phy/stm32_radio_driver/radio.o
 .text.RadioSetMaxPayloadLength
                0x08009920       0x5c ./Middlewares/Third_Party/SubGHz_Phy/stm32_radio_driver/radio.o
 .text.RadioSetPublicNetwork
                0x0800997c       0x5c ./Middlewares/Third_Party/SubGHz_Phy/stm32_radio_driver/radio.o
 .text.RadioGetWakeupTime
                0x080099d8       0x10 ./Middlewares/Third_Party/SubGHz_Phy/stm32_radio_driver/radio.o
 .text.RadioOnTxTimeoutIrq
                0x080099e8       0x14 ./Middlewares/Third_Party/SubGHz_Phy/stm32_radio_driver/radio.o
 .text.RadioOnRxTimeoutIrq
                0x080099fc       0x14 ./Middlewares/Third_Party/SubGHz_Phy/stm32_radio_driver/radio.o
 .text.RadioOnTxTimeoutProcess
                0x08009a10       0x28 ./Middlewares/Third_Party/SubGHz_Phy/stm32_radio_driver/radio.o
 .text.RadioOnRxTimeoutProcess
                0x08009a38       0x28 ./Middlewares/Third_Party/SubGHz_Phy/stm32_radio_driver/radio.o
 .text.RadioOnDioIrq
                0x08009a60       0x24 ./Middlewares/Third_Party/SubGHz_Phy/stm32_radio_driver/radio.o
 .text.RadioIrqProcess
                0x08009a84      0x3e8 ./Middlewares/Third_Party/SubGHz_Phy/stm32_radio_driver/radio.o
 .text.RadioTxPrbs
                0x08009e6c       0x38 ./Middlewares/Third_Party/SubGHz_Phy/stm32_radio_driver/radio.o
 .text.RadioTxCw
                0x08009ea4       0x38 ./Middlewares/Third_Party/SubGHz_Phy/stm32_radio_driver/radio.o
 .text.payload_integration
                0x08009edc      0x124 ./Middlewares/Third_Party/SubGHz_Phy/stm32_radio_driver/radio.o
 .text.RadioSetRxGenericConfig
                0x0800a000      0x38c ./Middlewares/Third_Party/SubGHz_Phy/stm32_radio_driver/radio.o
 .text.RadioSetTxGenericConfig
                0x0800a38c      0x470 ./Middlewares/Third_Party/SubGHz_Phy/stm32_radio_driver/radio.o
 .text.RadioLrFhssSetCfg
                0x0800a7fc       0x18 ./Middlewares/Third_Party/SubGHz_Phy/stm32_radio_driver/radio.o
 .text.RadioLrFhssGetTimeOnAirInMs
                0x0800a814       0x16 ./Middlewares/Third_Party/SubGHz_Phy/stm32_radio_driver/radio.o
 *fill*         0x0800a82a        0x2 
 .text.SUBGRF_Init
                0x0800a82c       0x90 ./Middlewares/Third_Party/SubGHz_Phy/stm32_radio_driver/radio_driver.o
                0x0800a82c                SUBGRF_Init
 .text.SUBGRF_GetOperatingMode
                0x0800a8bc       0x14 ./Middlewares/Third_Party/SubGHz_Phy/stm32_radio_driver/radio_driver.o
                0x0800a8bc                SUBGRF_GetOperatingMode
 .text.SUBGRF_SetPayload
                0x0800a8d0       0x20 ./Middlewares/Third_Party/SubGHz_Phy/stm32_radio_driver/radio_driver.o
                0x0800a8d0                SUBGRF_SetPayload
 .text.SUBGRF_GetPayload
                0x0800a8f0       0x44 ./Middlewares/Third_Party/SubGHz_Phy/stm32_radio_driver/radio_driver.o
                0x0800a8f0                SUBGRF_GetPayload
 .text.SUBGRF_SendPayload
                0x0800a934       0x26 ./Middlewares/Third_Party/SubGHz_Phy/stm32_radio_driver/radio_driver.o
                0x0800a934                SUBGRF_SendPayload
 .text.SUBGRF_SetSyncWord
                0x0800a95a       0x1e ./Middlewares/Third_Party/SubGHz_Phy/stm32_radio_driver/radio_driver.o
                0x0800a95a                SUBGRF_SetSyncWord
 .text.SUBGRF_SetCrcSeed
                0x0800a978       0x40 ./Middlewares/Third_Party/SubGHz_Phy/stm32_radio_driver/radio_driver.o
                0x0800a978                SUBGRF_SetCrcSeed
 .text.SUBGRF_SetCrcPolynomial
                0x0800a9b8       0x40 ./Middlewares/Third_Party/SubGHz_Phy/stm32_radio_driver/radio_driver.o
                0x0800a9b8                SUBGRF_SetCrcPolynomial
 .text.SUBGRF_SetWhiteningSeed
                0x0800a9f8       0x66 ./Middlewares/Third_Party/SubGHz_Phy/stm32_radio_driver/radio_driver.o
                0x0800a9f8                SUBGRF_SetWhiteningSeed
 .text.SUBGRF_GetRandom
                0x0800aa5e       0x8c ./Middlewares/Third_Party/SubGHz_Phy/stm32_radio_driver/radio_driver.o
                0x0800aa5e                SUBGRF_GetRandom
 *fill*         0x0800aaea        0x2 
 .text.SUBGRF_SetSleep
                0x0800aaec       0x68 ./Middlewares/Third_Party/SubGHz_Phy/stm32_radio_driver/radio_driver.o
                0x0800aaec                SUBGRF_SetSleep
 .text.SUBGRF_SetStandby
                0x0800ab54       0x38 ./Middlewares/Third_Party/SubGHz_Phy/stm32_radio_driver/radio_driver.o
                0x0800ab54                SUBGRF_SetStandby
 .text.SUBGRF_SetTx
                0x0800ab8c       0x40 ./Middlewares/Third_Party/SubGHz_Phy/stm32_radio_driver/radio_driver.o
                0x0800ab8c                SUBGRF_SetTx
 .text.SUBGRF_SetRx
                0x0800abcc       0x40 ./Middlewares/Third_Party/SubGHz_Phy/stm32_radio_driver/radio_driver.o
                0x0800abcc                SUBGRF_SetRx
 .text.SUBGRF_SetRxBoosted
                0x0800ac0c       0x48 ./Middlewares/Third_Party/SubGHz_Phy/stm32_radio_driver/radio_driver.o
                0x0800ac0c                SUBGRF_SetRxBoosted
 .text.SUBGRF_SetRxDutyCycle
                0x0800ac54       0x58 ./Middlewares/Third_Party/SubGHz_Phy/stm32_radio_driver/radio_driver.o
                0x0800ac54                SUBGRF_SetRxDutyCycle
 .text.SUBGRF_SetCad
                0x0800acac       0x1c ./Middlewares/Third_Party/SubGHz_Phy/stm32_radio_driver/radio_driver.o
                0x0800acac                SUBGRF_SetCad
 .text.SUBGRF_SetTxContinuousWave
                0x0800acc8       0x12 ./Middlewares/Third_Party/SubGHz_Phy/stm32_radio_driver/radio_driver.o
                0x0800acc8                SUBGRF_SetTxContinuousWave
 .text.SUBGRF_SetTxInfinitePreamble
                0x0800acda       0x12 ./Middlewares/Third_Party/SubGHz_Phy/stm32_radio_driver/radio_driver.o
                0x0800acda                SUBGRF_SetTxInfinitePreamble
 .text.SUBGRF_SetStopRxTimerOnPreambleDetect
                0x0800acec       0x1e ./Middlewares/Third_Party/SubGHz_Phy/stm32_radio_driver/radio_driver.o
                0x0800acec                SUBGRF_SetStopRxTimerOnPreambleDetect
 .text.SUBGRF_SetLoRaSymbNumTimeout
                0x0800ad0a       0x5e ./Middlewares/Third_Party/SubGHz_Phy/stm32_radio_driver/radio_driver.o
                0x0800ad0a                SUBGRF_SetLoRaSymbNumTimeout
 .text.SUBGRF_SetRegulatorMode
                0x0800ad68       0x22 ./Middlewares/Third_Party/SubGHz_Phy/stm32_radio_driver/radio_driver.o
                0x0800ad68                SUBGRF_SetRegulatorMode
 .text.SUBGRF_Calibrate
                0x0800ad8a       0x98 ./Middlewares/Third_Party/SubGHz_Phy/stm32_radio_driver/radio_driver.o
                0x0800ad8a                SUBGRF_Calibrate
 *fill*         0x0800ae22        0x2 
 .text.SUBGRF_CalibrateImage
                0x0800ae24       0x94 ./Middlewares/Third_Party/SubGHz_Phy/stm32_radio_driver/radio_driver.o
                0x0800ae24                SUBGRF_CalibrateImage
 .text.SUBGRF_SetPaConfig
                0x0800aeb8       0x44 ./Middlewares/Third_Party/SubGHz_Phy/stm32_radio_driver/radio_driver.o
                0x0800aeb8                SUBGRF_SetPaConfig
 .text.SUBGRF_SetDioIrqParams
                0x0800aefc       0x74 ./Middlewares/Third_Party/SubGHz_Phy/stm32_radio_driver/radio_driver.o
                0x0800aefc                SUBGRF_SetDioIrqParams
 .text.SUBGRF_SetTcxoMode
                0x0800af70       0x42 ./Middlewares/Third_Party/SubGHz_Phy/stm32_radio_driver/radio_driver.o
                0x0800af70                SUBGRF_SetTcxoMode
 *fill*         0x0800afb2        0x2 
 .text.SUBGRF_SetRfFrequency
                0x0800afb4       0x8c ./Middlewares/Third_Party/SubGHz_Phy/stm32_radio_driver/radio_driver.o
                0x0800afb4                SUBGRF_SetRfFrequency
 .text.SUBGRF_SetPacketType
                0x0800b040       0x38 ./Middlewares/Third_Party/SubGHz_Phy/stm32_radio_driver/radio_driver.o
                0x0800b040                SUBGRF_SetPacketType
 .text.SUBGRF_GetPacketType
                0x0800b078       0x14 ./Middlewares/Third_Party/SubGHz_Phy/stm32_radio_driver/radio_driver.o
                0x0800b078                SUBGRF_GetPacketType
 .text.SUBGRF_SetTxParams
                0x0800b08c      0x19a ./Middlewares/Third_Party/SubGHz_Phy/stm32_radio_driver/radio_driver.o
                0x0800b08c                SUBGRF_SetTxParams
 *fill*         0x0800b226        0x2 
 .text.SUBGRF_SetModulationParams
                0x0800b228      0x19c ./Middlewares/Third_Party/SubGHz_Phy/stm32_radio_driver/radio_driver.o
                0x0800b228                SUBGRF_SetModulationParams
 .text.SUBGRF_SetPacketParams
                0x0800b3c4      0x138 ./Middlewares/Third_Party/SubGHz_Phy/stm32_radio_driver/radio_driver.o
                0x0800b3c4                SUBGRF_SetPacketParams
 .text.SUBGRF_SetBufferBaseAddress
                0x0800b4fc       0x2e ./Middlewares/Third_Party/SubGHz_Phy/stm32_radio_driver/radio_driver.o
                0x0800b4fc                SUBGRF_SetBufferBaseAddress
 .text.SUBGRF_GetRssiInst
                0x0800b52a       0x2a ./Middlewares/Third_Party/SubGHz_Phy/stm32_radio_driver/radio_driver.o
                0x0800b52a                SUBGRF_GetRssiInst
 .text.SUBGRF_GetRxBufferStatus
                0x0800b554       0x58 ./Middlewares/Third_Party/SubGHz_Phy/stm32_radio_driver/radio_driver.o
                0x0800b554                SUBGRF_GetRxBufferStatus
 .text.SUBGRF_GetPacketStatus
                0x0800b5ac       0xa4 ./Middlewares/Third_Party/SubGHz_Phy/stm32_radio_driver/radio_driver.o
                0x0800b5ac                SUBGRF_GetPacketStatus
 .text.SUBGRF_WriteRegister
                0x0800b650       0x44 ./Middlewares/Third_Party/SubGHz_Phy/stm32_radio_driver/radio_driver.o
                0x0800b650                SUBGRF_WriteRegister
 .text.SUBGRF_ReadRegister
                0x0800b694       0x40 ./Middlewares/Third_Party/SubGHz_Phy/stm32_radio_driver/radio_driver.o
                0x0800b694                SUBGRF_ReadRegister
 .text.SUBGRF_WriteRegisters
                0x0800b6d4       0x44 ./Middlewares/Third_Party/SubGHz_Phy/stm32_radio_driver/radio_driver.o
                0x0800b6d4                SUBGRF_WriteRegisters
 .text.SUBGRF_ReadRegisters
                0x0800b718       0x44 ./Middlewares/Third_Party/SubGHz_Phy/stm32_radio_driver/radio_driver.o
                0x0800b718                SUBGRF_ReadRegisters
 .text.SUBGRF_WriteBuffer
                0x0800b75c       0x44 ./Middlewares/Third_Party/SubGHz_Phy/stm32_radio_driver/radio_driver.o
                0x0800b75c                SUBGRF_WriteBuffer
 .text.SUBGRF_ReadBuffer
                0x0800b7a0       0x44 ./Middlewares/Third_Party/SubGHz_Phy/stm32_radio_driver/radio_driver.o
                0x0800b7a0                SUBGRF_ReadBuffer
 .text.SUBGRF_WriteCommand
                0x0800b7e4       0x44 ./Middlewares/Third_Party/SubGHz_Phy/stm32_radio_driver/radio_driver.o
                0x0800b7e4                SUBGRF_WriteCommand
 .text.SUBGRF_ReadCommand
                0x0800b828       0x44 ./Middlewares/Third_Party/SubGHz_Phy/stm32_radio_driver/radio_driver.o
                0x0800b828                SUBGRF_ReadCommand
 .text.SUBGRF_SetSwitch
                0x0800b86c       0x50 ./Middlewares/Third_Party/SubGHz_Phy/stm32_radio_driver/radio_driver.o
                0x0800b86c                SUBGRF_SetSwitch
 .text.SUBGRF_SetRfTxPower
                0x0800b8bc       0x68 ./Middlewares/Third_Party/SubGHz_Phy/stm32_radio_driver/radio_driver.o
                0x0800b8bc                SUBGRF_SetRfTxPower
 .text.SUBGRF_GetRadioWakeUpTime
                0x0800b924        0xe ./Middlewares/Third_Party/SubGHz_Phy/stm32_radio_driver/radio_driver.o
                0x0800b924                SUBGRF_GetRadioWakeUpTime
 *fill*         0x0800b932        0x2 
 .text.HAL_SUBGHZ_TxCpltCallback
                0x0800b934       0x1c ./Middlewares/Third_Party/SubGHz_Phy/stm32_radio_driver/radio_driver.o
                0x0800b934                HAL_SUBGHZ_TxCpltCallback
 .text.HAL_SUBGHZ_RxCpltCallback
                0x0800b950       0x1c ./Middlewares/Third_Party/SubGHz_Phy/stm32_radio_driver/radio_driver.o
                0x0800b950                HAL_SUBGHZ_RxCpltCallback
 .text.HAL_SUBGHZ_CRCErrorCallback
                0x0800b96c       0x1c ./Middlewares/Third_Party/SubGHz_Phy/stm32_radio_driver/radio_driver.o
                0x0800b96c                HAL_SUBGHZ_CRCErrorCallback
 .text.HAL_SUBGHZ_CADStatusCallback
                0x0800b988       0x3c ./Middlewares/Third_Party/SubGHz_Phy/stm32_radio_driver/radio_driver.o
                0x0800b988                HAL_SUBGHZ_CADStatusCallback
 .text.HAL_SUBGHZ_RxTxTimeoutCallback
                0x0800b9c4       0x20 ./Middlewares/Third_Party/SubGHz_Phy/stm32_radio_driver/radio_driver.o
                0x0800b9c4                HAL_SUBGHZ_RxTxTimeoutCallback
 .text.HAL_SUBGHZ_HeaderErrorCallback
                0x0800b9e4       0x1c ./Middlewares/Third_Party/SubGHz_Phy/stm32_radio_driver/radio_driver.o
                0x0800b9e4                HAL_SUBGHZ_HeaderErrorCallback
 .text.HAL_SUBGHZ_PreambleDetectedCallback
                0x0800ba00       0x1c ./Middlewares/Third_Party/SubGHz_Phy/stm32_radio_driver/radio_driver.o
                0x0800ba00                HAL_SUBGHZ_PreambleDetectedCallback
 .text.HAL_SUBGHZ_SyncWordValidCallback
                0x0800ba1c       0x1c ./Middlewares/Third_Party/SubGHz_Phy/stm32_radio_driver/radio_driver.o
                0x0800ba1c                HAL_SUBGHZ_SyncWordValidCallback
 .text.HAL_SUBGHZ_HeaderValidCallback
                0x0800ba38       0x1c ./Middlewares/Third_Party/SubGHz_Phy/stm32_radio_driver/radio_driver.o
                0x0800ba38                HAL_SUBGHZ_HeaderValidCallback
 .text.HAL_SUBGHZ_LrFhssHopCallback
                0x0800ba54       0x20 ./Middlewares/Third_Party/SubGHz_Phy/stm32_radio_driver/radio_driver.o
                0x0800ba54                HAL_SUBGHZ_LrFhssHopCallback
 .text.Radio_SMPS_Set
                0x0800ba74       0x42 ./Middlewares/Third_Party/SubGHz_Phy/stm32_radio_driver/radio_driver.o
 *fill*         0x0800bab6        0x2 
 .text.SUBGRF_GetFskBandwidthRegValue
                0x0800bab8       0x50 ./Middlewares/Third_Party/SubGHz_Phy/stm32_radio_driver/radio_driver.o
                0x0800bab8                SUBGRF_GetFskBandwidthRegValue
 .text.SUBGRF_GetCFO
                0x0800bb08       0xe8 ./Middlewares/Third_Party/SubGHz_Phy/stm32_radio_driver/radio_driver.o
                0x0800bb08                SUBGRF_GetCFO
 .text.RFW_TransmitLongPacket
                0x0800bbf0       0x24 ./Middlewares/Third_Party/SubGHz_Phy/stm32_radio_driver/radio_fw.o
                0x0800bbf0                RFW_TransmitLongPacket
 .text.RFW_ReceiveLongPacket
                0x0800bc14       0x24 ./Middlewares/Third_Party/SubGHz_Phy/stm32_radio_driver/radio_fw.o
                0x0800bc14                RFW_ReceiveLongPacket
 .text.RFW_Init
                0x0800bc38       0x1a ./Middlewares/Third_Party/SubGHz_Phy/stm32_radio_driver/radio_fw.o
                0x0800bc38                RFW_Init
 .text.RFW_DeInit
                0x0800bc52        0xc ./Middlewares/Third_Party/SubGHz_Phy/stm32_radio_driver/radio_fw.o
                0x0800bc52                RFW_DeInit
 .text.RFW_Is_Init
                0x0800bc5e        0xe ./Middlewares/Third_Party/SubGHz_Phy/stm32_radio_driver/radio_fw.o
                0x0800bc5e                RFW_Is_Init
 .text.RFW_Is_LongPacketModeEnabled
                0x0800bc6c        0xe ./Middlewares/Third_Party/SubGHz_Phy/stm32_radio_driver/radio_fw.o
                0x0800bc6c                RFW_Is_LongPacketModeEnabled
 .text.RFW_SetAntSwitch
                0x0800bc7a       0x14 ./Middlewares/Third_Party/SubGHz_Phy/stm32_radio_driver/radio_fw.o
                0x0800bc7a                RFW_SetAntSwitch
 .text.RFW_TransmitInit
                0x0800bc8e       0x20 ./Middlewares/Third_Party/SubGHz_Phy/stm32_radio_driver/radio_fw.o
                0x0800bc8e                RFW_TransmitInit
 .text.RFW_ReceiveInit
                0x0800bcae       0x10 ./Middlewares/Third_Party/SubGHz_Phy/stm32_radio_driver/radio_fw.o
                0x0800bcae                RFW_ReceiveInit
 .text.RFW_DeInit_TxLongPacket
                0x0800bcbe        0xc ./Middlewares/Third_Party/SubGHz_Phy/stm32_radio_driver/radio_fw.o
                0x0800bcbe                RFW_DeInit_TxLongPacket
 .text.RFW_ReceivePayload
                0x0800bcca        0xc ./Middlewares/Third_Party/SubGHz_Phy/stm32_radio_driver/radio_fw.o
                0x0800bcca                RFW_ReceivePayload
 .text.RFW_SetRadioModem
                0x0800bcd6       0x14 ./Middlewares/Third_Party/SubGHz_Phy/stm32_radio_driver/radio_fw.o
                0x0800bcd6                RFW_SetRadioModem
 .text.MX_SubGHz_Phy_Init
                0x0800bcea       0x10 ./SubGHz_Phy/App/app_subghz_phy.o
                0x0800bcea                MX_SubGHz_Phy_Init
 .text.MX_SubGHz_Phy_Process
                0x0800bcfa        0xc ./SubGHz_Phy/App/app_subghz_phy.o
                0x0800bcfa                MX_SubGHz_Phy_Process
 .text.SubGHz_Phy_Timeout
                0x0800bd06        0xc ./SubGHz_Phy/App/app_subghz_phy.o
                0x0800bd06                SubGHz_Phy_Timeout
 *fill*         0x0800bd12        0x2 
 .text.SubghzApp_Init
                0x0800bd14      0x160 ./SubGHz_Phy/App/subghz_phy_app.o
                0x0800bd14                SubghzApp_Init
 .text.OnTxDone
                0x0800be74       0x30 ./SubGHz_Phy/App/subghz_phy_app.o
 .text.OnRxDone
                0x0800bea4      0x330 ./SubGHz_Phy/App/subghz_phy_app.o
 .text.OnTxTimeout
                0x0800c1d4       0x2c ./SubGHz_Phy/App/subghz_phy_app.o
 .text.OnRxTimeout
                0x0800c200        0xc ./SubGHz_Phy/App/subghz_phy_app.o
 .text.OnRxError
                0x0800c20c       0x30 ./SubGHz_Phy/App/subghz_phy_app.o
 .text.SubghzApp_Timeout
                0x0800c23c       0xd8 ./SubGHz_Phy/App/subghz_phy_app.o
                0x0800c23c                SubghzApp_Timeout
 .text.SubghzApp_Event
                0x0800c314       0x20 ./SubGHz_Phy/App/subghz_phy_app.o
                0x0800c314                SubghzApp_Event
 *fill*         0x0800c334        0x4 
 .text.SubghzApp_TxProcess
                0x0800c338      0x14c ./SubGHz_Phy/App/subghz_phy_app.o
                0x0800c338                SubghzApp_TxProcess
 .text.SubghzApp_RxProcess
                0x0800c484       0xa0 ./SubGHz_Phy/App/subghz_phy_app.o
                0x0800c484                SubghzApp_RxProcess
 .text.SubghzApp_Rx
                0x0800c524       0x20 ./SubGHz_Phy/App/subghz_phy_app.o
                0x0800c524                SubghzApp_Rx
 .text.SubghzApp_Tx
                0x0800c544       0x40 ./SubGHz_Phy/App/subghz_phy_app.o
                0x0800c544                SubghzApp_Tx
 .text.SubghzApp_UART_RxDone
                0x0800c584       0x90 ./SubGHz_Phy/App/subghz_phy_app.o
                0x0800c584                SubghzApp_UART_RxDone
 .text.SubghzApp_ValueError
                0x0800c614      0x15c ./SubGHz_Phy/App/subghz_phy_app.o
                0x0800c614                SubghzApp_ValueError
 .text.RBI_Init
                0x0800c770       0x16 ./SubGHz_Phy/Target/radio_board_if.o
                0x0800c770                RBI_Init
 .text.RBI_ConfigRFSwitch
                0x0800c786       0x3a ./SubGHz_Phy/Target/radio_board_if.o
                0x0800c786                RBI_ConfigRFSwitch
 .text.RBI_GetTxConfig
                0x0800c7c0       0x16 ./SubGHz_Phy/Target/radio_board_if.o
                0x0800c7c0                RBI_GetTxConfig
 .text.RBI_IsTCXO
                0x0800c7d6       0x16 ./SubGHz_Phy/Target/radio_board_if.o
                0x0800c7d6                RBI_IsTCXO
 .text.RBI_IsDCDC
                0x0800c7ec       0x16 ./SubGHz_Phy/Target/radio_board_if.o
                0x0800c7ec                RBI_IsDCDC
 .text.RBI_GetRFOMaxPowerConfig
                0x0800c802       0x2a ./SubGHz_Phy/Target/radio_board_if.o
                0x0800c802                RBI_GetRFOMaxPowerConfig
 .text.UTIL_MEM_cpy_8
                0x0800c82c       0x3e ./Utilities/misc/stm32_mem.o
                0x0800c82c                UTIL_MEM_cpy_8
 .text.UTIL_MEM_set_8
                0x0800c86a       0x36 ./Utilities/misc/stm32_mem.o
                0x0800c86a                UTIL_MEM_set_8
 .text.UTIL_TIMER_Create
                0x0800c8a0       0x6c ./Utilities/timer/stm32_timer.o
                0x0800c8a0                UTIL_TIMER_Create
 .text.UTIL_TIMER_Start
                0x0800c90c       0xdc ./Utilities/timer/stm32_timer.o
                0x0800c90c                UTIL_TIMER_Start
 .text.UTIL_TIMER_Stop
                0x0800c9e8       0xe0 ./Utilities/timer/stm32_timer.o
                0x0800c9e8                UTIL_TIMER_Stop
 .text.UTIL_TIMER_SetPeriod
                0x0800cac8       0x54 ./Utilities/timer/stm32_timer.o
                0x0800cac8                UTIL_TIMER_SetPeriod
 .text.UTIL_TIMER_GetCurrentTime
                0x0800cb1c       0x24 ./Utilities/timer/stm32_timer.o
                0x0800cb1c                UTIL_TIMER_GetCurrentTime
 .text.UTIL_TIMER_GetElapsedTime
                0x0800cb40       0x38 ./Utilities/timer/stm32_timer.o
                0x0800cb40                UTIL_TIMER_GetElapsedTime
 .text.TimerExists
                0x0800cb78       0x38 ./Utilities/timer/stm32_timer.o
                0x0800cb78                TimerExists
 .text.TimerSetTimeout
                0x0800cbb0       0x54 ./Utilities/timer/stm32_timer.o
                0x0800cbb0                TimerSetTimeout
 .text.TimerInsertTimer
                0x0800cc04       0x60 ./Utilities/timer/stm32_timer.o
                0x0800cc04                TimerInsertTimer
 .text.TimerInsertNewHeadTimer
                0x0800cc64       0x3c ./Utilities/timer/stm32_timer.o
                0x0800cc64                TimerInsertNewHeadTimer
 .text.snprintf
                0x0800cca0       0x6c C:/ST/STM32CubeIDE_1.18.0/STM32CubeIDE/plugins/com.st.stm32cube.ide.mcu.externaltools.gnu-tools-for-stm32.13.3.rel1.win32_1.0.0.202411081344/tools/bin/../lib/gcc/arm-none-eabi/13.3.1/../../../../arm-none-eabi/lib/thumb/v7e-m/nofp\libc_nano.a(libc_a-snprintf.o)
                0x0800cca0                sniprintf
                0x0800cca0                snprintf
 .text.memcmp   0x0800cd0c       0x20 C:/ST/STM32CubeIDE_1.18.0/STM32CubeIDE/plugins/com.st.stm32cube.ide.mcu.externaltools.gnu-tools-for-stm32.13.3.rel1.win32_1.0.0.202411081344/tools/bin/../lib/gcc/arm-none-eabi/13.3.1/../../../../arm-none-eabi/lib/thumb/v7e-m/nofp\libc_nano.a(libc_a-memcmp.o)
                0x0800cd0c                memcmp
 .text.memmove  0x0800cd2c       0x34 C:/ST/STM32CubeIDE_1.18.0/STM32CubeIDE/plugins/com.st.stm32cube.ide.mcu.externaltools.gnu-tools-for-stm32.13.3.rel1.win32_1.0.0.202411081344/tools/bin/../lib/gcc/arm-none-eabi/13.3.1/../../../../arm-none-eabi/lib/thumb/v7e-m/nofp\libc_nano.a(libc_a-memmove.o)
                0x0800cd2c                memmove
 .text.memset   0x0800cd60       0x10 C:/ST/STM32CubeIDE_1.18.0/STM32CubeIDE/plugins/com.st.stm32cube.ide.mcu.externaltools.gnu-tools-for-stm32.13.3.rel1.win32_1.0.0.202411081344/tools/bin/../lib/gcc/arm-none-eabi/13.3.1/../../../../arm-none-eabi/lib/thumb/v7e-m/nofp\libc_nano.a(libc_a-memset.o)
                0x0800cd60                memset
 .text.__errno  0x0800cd70        0xc C:/ST/STM32CubeIDE_1.18.0/STM32CubeIDE/plugins/com.st.stm32cube.ide.mcu.externaltools.gnu-tools-for-stm32.13.3.rel1.win32_1.0.0.202411081344/tools/bin/../lib/gcc/arm-none-eabi/13.3.1/../../../../arm-none-eabi/lib/thumb/v7e-m/nofp\libc_nano.a(libc_a-errno.o)
                0x0800cd70                __errno
 .text.__libc_init_array
                0x0800cd7c       0x48 C:/ST/STM32CubeIDE_1.18.0/STM32CubeIDE/plugins/com.st.stm32cube.ide.mcu.externaltools.gnu-tools-for-stm32.13.3.rel1.win32_1.0.0.202411081344/tools/bin/../lib/gcc/arm-none-eabi/13.3.1/../../../../arm-none-eabi/lib/thumb/v7e-m/nofp\libc_nano.a(libc_a-init.o)
                0x0800cd7c                __libc_init_array
 .text.__retarget_lock_acquire_recursive
                0x0800cdc4        0x2 C:/ST/STM32CubeIDE_1.18.0/STM32CubeIDE/plugins/com.st.stm32cube.ide.mcu.externaltools.gnu-tools-for-stm32.13.3.rel1.win32_1.0.0.202411081344/tools/bin/../lib/gcc/arm-none-eabi/13.3.1/../../../../arm-none-eabi/lib/thumb/v7e-m/nofp\libc_nano.a(libc_a-lock.o)
                0x0800cdc4                __retarget_lock_acquire_recursive
 .text.__retarget_lock_release_recursive
                0x0800cdc6        0x2 C:/ST/STM32CubeIDE_1.18.0/STM32CubeIDE/plugins/com.st.stm32cube.ide.mcu.externaltools.gnu-tools-for-stm32.13.3.rel1.win32_1.0.0.202411081344/tools/bin/../lib/gcc/arm-none-eabi/13.3.1/../../../../arm-none-eabi/lib/thumb/v7e-m/nofp\libc_nano.a(libc_a-lock.o)
                0x0800cdc6                __retarget_lock_release_recursive
 .text.memcpy   0x0800cdc8       0x1c C:/ST/STM32CubeIDE_1.18.0/STM32CubeIDE/plugins/com.st.stm32cube.ide.mcu.externaltools.gnu-tools-for-stm32.13.3.rel1.win32_1.0.0.202411081344/tools/bin/../lib/gcc/arm-none-eabi/13.3.1/../../../../arm-none-eabi/lib/thumb/v7e-m/nofp\libc_nano.a(libc_a-memcpy-stub.o)
                0x0800cdc8                memcpy
 .text._free_r  0x0800cde4       0x94 C:/ST/STM32CubeIDE_1.18.0/STM32CubeIDE/plugins/com.st.stm32cube.ide.mcu.externaltools.gnu-tools-for-stm32.13.3.rel1.win32_1.0.0.202411081344/tools/bin/../lib/gcc/arm-none-eabi/13.3.1/../../../../arm-none-eabi/lib/thumb/v7e-m/nofp\libc_nano.a(libc_a-freer.o)
                0x0800cde4                _free_r
 .text.sbrk_aligned
                0x0800ce78       0x44 C:/ST/STM32CubeIDE_1.18.0/STM32CubeIDE/plugins/com.st.stm32cube.ide.mcu.externaltools.gnu-tools-for-stm32.13.3.rel1.win32_1.0.0.202411081344/tools/bin/../lib/gcc/arm-none-eabi/13.3.1/../../../../arm-none-eabi/lib/thumb/v7e-m/nofp\libc_nano.a(libc_a-mallocr.o)
 .text._malloc_r
                0x0800cebc      0x100 C:/ST/STM32CubeIDE_1.18.0/STM32CubeIDE/plugins/com.st.stm32cube.ide.mcu.externaltools.gnu-tools-for-stm32.13.3.rel1.win32_1.0.0.202411081344/tools/bin/../lib/gcc/arm-none-eabi/13.3.1/../../../../arm-none-eabi/lib/thumb/v7e-m/nofp\libc_nano.a(libc_a-mallocr.o)
                0x0800cebc                _malloc_r
 .text.__malloc_lock
                0x0800cfbc        0xc C:/ST/STM32CubeIDE_1.18.0/STM32CubeIDE/plugins/com.st.stm32cube.ide.mcu.externaltools.gnu-tools-for-stm32.13.3.rel1.win32_1.0.0.202411081344/tools/bin/../lib/gcc/arm-none-eabi/13.3.1/../../../../arm-none-eabi/lib/thumb/v7e-m/nofp\libc_nano.a(libc_a-mlock.o)
                0x0800cfbc                __malloc_lock
 .text.__malloc_unlock
                0x0800cfc8        0xc C:/ST/STM32CubeIDE_1.18.0/STM32CubeIDE/plugins/com.st.stm32cube.ide.mcu.externaltools.gnu-tools-for-stm32.13.3.rel1.win32_1.0.0.202411081344/tools/bin/../lib/gcc/arm-none-eabi/13.3.1/../../../../arm-none-eabi/lib/thumb/v7e-m/nofp\libc_nano.a(libc_a-mlock.o)
                0x0800cfc8                __malloc_unlock
 .text.__ssputs_r
                0x0800cfd4       0xb6 C:/ST/STM32CubeIDE_1.18.0/STM32CubeIDE/plugins/com.st.stm32cube.ide.mcu.externaltools.gnu-tools-for-stm32.13.3.rel1.win32_1.0.0.202411081344/tools/bin/../lib/gcc/arm-none-eabi/13.3.1/../../../../arm-none-eabi/lib/thumb/v7e-m/nofp\libc_nano.a(libc_a-nano-svfprintf.o)
                0x0800cfd4                __ssputs_r
 *fill*         0x0800d08a        0x2 
 .text._svfprintf_r
                0x0800d08c      0x1f8 C:/ST/STM32CubeIDE_1.18.0/STM32CubeIDE/plugins/com.st.stm32cube.ide.mcu.externaltools.gnu-tools-for-stm32.13.3.rel1.win32_1.0.0.202411081344/tools/bin/../lib/gcc/arm-none-eabi/13.3.1/../../../../arm-none-eabi/lib/thumb/v7e-m/nofp\libc_nano.a(libc_a-nano-svfprintf.o)
                0x0800d08c                _svfiprintf_r
                0x0800d08c                _svfprintf_r
 .text._printf_common
                0x0800d284       0xda C:/ST/STM32CubeIDE_1.18.0/STM32CubeIDE/plugins/com.st.stm32cube.ide.mcu.externaltools.gnu-tools-for-stm32.13.3.rel1.win32_1.0.0.202411081344/tools/bin/../lib/gcc/arm-none-eabi/13.3.1/../../../../arm-none-eabi/lib/thumb/v7e-m/nofp\libc_nano.a(libc_a-nano-vfprintf_i.o)
                0x0800d284                _printf_common
 *fill*         0x0800d35e        0x2 
 .text._printf_i
                0x0800d360      0x23c C:/ST/STM32CubeIDE_1.18.0/STM32CubeIDE/plugins/com.st.stm32cube.ide.mcu.externaltools.gnu-tools-for-stm32.13.3.rel1.win32_1.0.0.202411081344/tools/bin/../lib/gcc/arm-none-eabi/13.3.1/../../../../arm-none-eabi/lib/thumb/v7e-m/nofp\libc_nano.a(libc_a-nano-vfprintf_i.o)
                0x0800d360                _printf_i
 .text._sbrk_r  0x0800d59c       0x20 C:/ST/STM32CubeIDE_1.18.0/STM32CubeIDE/plugins/com.st.stm32cube.ide.mcu.externaltools.gnu-tools-for-stm32.13.3.rel1.win32_1.0.0.202411081344/tools/bin/../lib/gcc/arm-none-eabi/13.3.1/../../../../arm-none-eabi/lib/thumb/v7e-m/nofp\libc_nano.a(libc_a-sbrkr.o)
                0x0800d59c                _sbrk_r
 .text._realloc_r
                0x0800d5bc       0x5c C:/ST/STM32CubeIDE_1.18.0/STM32CubeIDE/plugins/com.st.stm32cube.ide.mcu.externaltools.gnu-tools-for-stm32.13.3.rel1.win32_1.0.0.202411081344/tools/bin/../lib/gcc/arm-none-eabi/13.3.1/../../../../arm-none-eabi/lib/thumb/v7e-m/nofp\libc_nano.a(libc_a-reallocr.o)
                0x0800d5bc                _realloc_r
 .text._malloc_usable_size_r
                0x0800d618       0x10 C:/ST/STM32CubeIDE_1.18.0/STM32CubeIDE/plugins/com.st.stm32cube.ide.mcu.externaltools.gnu-tools-for-stm32.13.3.rel1.win32_1.0.0.202411081344/tools/bin/../lib/gcc/arm-none-eabi/13.3.1/../../../../arm-none-eabi/lib/thumb/v7e-m/nofp\libc_nano.a(libc_a-msizer.o)
                0x0800d618                _malloc_usable_size_r
 *(.glue_7)
 .glue_7        0x0800d628        0x0 linker stubs
 *(.glue_7t)
 .glue_7t       0x0800d628        0x0 linker stubs
 *(.eh_frame)
 .eh_frame      0x0800d628        0x0 C:/ST/STM32CubeIDE_1.18.0/STM32CubeIDE/plugins/com.st.stm32cube.ide.mcu.externaltools.gnu-tools-for-stm32.13.3.rel1.win32_1.0.0.202411081344/tools/bin/../lib/gcc/arm-none-eabi/13.3.1/thumb/v7e-m/nofp/crtbegin.o
 *(.init)
 .init          0x0800d628        0x4 C:/ST/STM32CubeIDE_1.18.0/STM32CubeIDE/plugins/com.st.stm32cube.ide.mcu.externaltools.gnu-tools-for-stm32.13.3.rel1.win32_1.0.0.202411081344/tools/bin/../lib/gcc/arm-none-eabi/13.3.1/thumb/v7e-m/nofp/crti.o
                0x0800d628                _init
 .init          0x0800d62c        0x8 C:/ST/STM32CubeIDE_1.18.0/STM32CubeIDE/plugins/com.st.stm32cube.ide.mcu.externaltools.gnu-tools-for-stm32.13.3.rel1.win32_1.0.0.202411081344/tools/bin/../lib/gcc/arm-none-eabi/13.3.1/thumb/v7e-m/nofp/crtn.o
 *(.fini)
 .fini          0x0800d634        0x4 C:/ST/STM32CubeIDE_1.18.0/STM32CubeIDE/plugins/com.st.stm32cube.ide.mcu.externaltools.gnu-tools-for-stm32.13.3.rel1.win32_1.0.0.202411081344/tools/bin/../lib/gcc/arm-none-eabi/13.3.1/thumb/v7e-m/nofp/crti.o
                0x0800d634                _fini
 .fini          0x0800d638        0x8 C:/ST/STM32CubeIDE_1.18.0/STM32CubeIDE/plugins/com.st.stm32cube.ide.mcu.externaltools.gnu-tools-for-stm32.13.3.rel1.win32_1.0.0.202411081344/tools/bin/../lib/gcc/arm-none-eabi/13.3.1/thumb/v7e-m/nofp/crtn.o
                0x0800d640                        . = ALIGN (0x4)
                0x0800d640                        _etext = .

.vfp11_veneer   0x0800d640        0x0
 .vfp11_veneer  0x0800d640        0x0 linker stubs

.v4_bx          0x0800d640        0x0
 .v4_bx         0x0800d640        0x0 linker stubs

.iplt           0x0800d640        0x0
 .iplt          0x0800d640        0x0 C:/ST/STM32CubeIDE_1.18.0/STM32CubeIDE/plugins/com.st.stm32cube.ide.mcu.externaltools.gnu-tools-for-stm32.13.3.rel1.win32_1.0.0.202411081344/tools/bin/../lib/gcc/arm-none-eabi/13.3.1/thumb/v7e-m/nofp/crtbegin.o

.rodata         0x0800d640      0x75c
                0x0800d640                        . = ALIGN (0x4)
 *(.rodata)
 .rodata        0x0800d640       0x63 ./Core/Src/nextion_driver.o
 *fill*         0x0800d6a3        0x1 
 .rodata        0x0800d6a4       0x1c ./Drivers/STM32WLxx_HAL_Driver/Src/stm32wlxx_hal_rcc.o
 .rodata        0x0800d6c0       0x10 ./Middlewares/Third_Party/SubGHz_Phy/stm32_radio_driver/radio.o
 .rodata        0x0800d6d0      0x442 ./SubGHz_Phy/App/subghz_phy_app.o
 *(.rodata*)
 *fill*         0x0800db12        0x2 
 .rodata.AHBPrescTable
                0x0800db14       0x40 ./Core/Src/system_stm32wlxx.o
                0x0800db14                AHBPrescTable
 .rodata.APBPrescTable
                0x0800db54       0x20 ./Core/Src/system_stm32wlxx.o
                0x0800db54                APBPrescTable
 .rodata.MSIRangeTable
                0x0800db74       0x40 ./Core/Src/system_stm32wlxx.o
                0x0800db74                MSIRangeTable
 .rodata.UTIL_TimerDriver
                0x0800dbb4       0x2c ./Core/Src/timer_if.o
                0x0800dbb4                UTIL_TimerDriver
 .rodata.tmp_config
                0x0800dbe0       0x10 ./Core/Src/tmp275_driver.o
                0x0800dbe0                tmp_config
 .rodata.resolution_factors
                0x0800dbf0       0x10 ./Core/Src/tmp275_driver.o
 .rodata.UARTPrescTable
                0x0800dc00       0x18 ./Drivers/STM32WLxx_HAL_Driver/Src/stm32wlxx_hal_uart.o
                0x0800dc00                UARTPrescTable
 .rodata.numerator.1
                0x0800dc18        0x8 ./Drivers/STM32WLxx_HAL_Driver/Src/stm32wlxx_hal_uart_ex.o
 .rodata.denominator.0
                0x0800dc20        0x8 ./Drivers/STM32WLxx_HAL_Driver/Src/stm32wlxx_hal_uart_ex.o
 .rodata.Radio  0x0800dc28       0x8c ./Middlewares/Third_Party/SubGHz_Phy/stm32_radio_driver/radio.o
                0x0800dc28                Radio
 .rodata.Bandwidths
                0x0800dcb4        0x3 ./Middlewares/Third_Party/SubGHz_Phy/stm32_radio_driver/radio.o
                0x0800dcb4                Bandwidths
 *fill*         0x0800dcb7        0x1 
 .rodata.FskBandwidths
                0x0800dcb8       0xb0 ./Middlewares/Third_Party/SubGHz_Phy/stm32_radio_driver/radio_driver.o
 .rodata._svfprintf_r.str1.1
                0x0800dd68       0x33 C:/ST/STM32CubeIDE_1.18.0/STM32CubeIDE/plugins/com.st.stm32cube.ide.mcu.externaltools.gnu-tools-for-stm32.13.3.rel1.win32_1.0.0.202411081344/tools/bin/../lib/gcc/arm-none-eabi/13.3.1/../../../../arm-none-eabi/lib/thumb/v7e-m/nofp\libc_nano.a(libc_a-nano-svfprintf.o)
                                 0x11 (size before relaxing)
 .rodata._printf_i.str1.1
                0x0800dd9b       0x22 C:/ST/STM32CubeIDE_1.18.0/STM32CubeIDE/plugins/com.st.stm32cube.ide.mcu.externaltools.gnu-tools-for-stm32.13.3.rel1.win32_1.0.0.202411081344/tools/bin/../lib/gcc/arm-none-eabi/13.3.1/../../../../arm-none-eabi/lib/thumb/v7e-m/nofp\libc_nano.a(libc_a-nano-vfprintf_i.o)
                0x0800ddc0                        . = ALIGN (0x4)
 *fill*         0x0800dd9b        0x1 

.ARM.extab      0x0800dd9c        0x0
                0x0800dd9c                        . = ALIGN (0x4)
 *(.ARM.extab* .gnu.linkonce.armextab.*)
                0x0800dd9c                        . = ALIGN (0x4)

.ARM            0x0800dd9c        0x8
                0x0800dd9c                        . = ALIGN (0x4)
                0x0800dd9c                        __exidx_start = .
 *(.ARM.exidx*)