../Core/Src/main.c:138:6:SystemClock_Config	112	static,ignoring_inline_asm
../Core/Src/main.c:189:6:TIM2_Init	16	static
../Core/Src/main.c:206:6:TIM16_Init	16	static
../Core/Src/main.c:222:6:TIM2_IRQHandler	0	static
../Core/Src/main.c:230:6:TIM16_IRQHandler	0	static
../Core/Src/main.c:240:6:APP_TMP275_Init	8	static
../Core/Src/main.c:80:5:main	8	static,ignoring_inline_asm
../Core/Src/main.c:250:5:_write	12	static,ignoring_inline_asm
../Core/Src/main.c:267:6:Error_Handler	0	static,ignoring_inline_asm
