../Core/Src/tmp275_driver.c:80:20:timeout_begin	8	static
../Core/Src/tmp275_driver.c:87:19:timeout_expired.constprop	8	static
../Core/Src/tmp275_driver.c:320:7:TMP275_ConvertRawToTemperature	8	static
../Core/Src/tmp275_driver.c:324:9:TMP275_ConvertTemperatureToRaw	8	static
../Core/Src/tmp275_driver.c:485:6:TMP275_IsInitialized	0	static
../Core/Src/tmp275_driver.c:489:6:TMP275_I2C_Init	0	static
../Core/Src/tmp275_driver.c:156:13:i2c_soft_reset_and_reinit	40	static,ignoring_inline_asm
../Core/Src/tmp275_driver.c:244:24:I2C_ReadRegister	40	static
../Core/Src/tmp275_driver.c:432:17:TMP275_ReadTemperatureRaw	16	static
../Core/Src/tmp275_driver.c:417:17:TMP275_ReadTemperature	24	static
../Core/Src/tmp275_driver.c:171:24:I2C_WriteRegister	40	static
../Core/Src/tmp275_driver.c:364:17:TMP275_Configure	24	static
../Core/Src/tmp275_driver.c:330:17:TMP275_Init	16	static
../Core/Src/tmp275_driver.c:476:17:TMP275_SetMode	0	static
../Core/Src/tmp275_driver.c:352:17:TMP275_DeInit	8	static
../Core/Src/tmp275_driver.c:446:17:TMP275_SetLowThreshold	24	static
../Core/Src/tmp275_driver.c:461:17:TMP275_SetHighThreshold	24	static
../Core/Src/tmp275_driver.c:502:6:TMP275_GPIO_Init	0	static
