../SubGHz_Phy/App/subghz_phy_app.c:333:13:OnTxTimeout	8	static
../SubGHz_Phy/App/subghz_phy_app.c:435:6:SubghzApp_RxProcess	24	static
../SubGHz_Phy/App/subghz_phy_app.c:450:6:SubghzApp_Rx	8	static
../SubGHz_Phy/App/subghz_phy_app.c:135:6:SubghzApp_Init	80	static
../SubGHz_Phy/App/subghz_phy_app.c:350:13:OnRxError	8	static
../SubGHz_Phy/App/subghz_phy_app.c:342:13:OnRxTimeout	0	static
../SubGHz_Phy/App/subghz_phy_app.c:186:13:OnTxDone	8	static
../SubGHz_Phy/App/subghz_phy_app.c:458:6:SubghzApp_Tx	8	static
../SubGHz_Phy/App/subghz_phy_app.c:400:6:SubghzApp_TxProcess	16	static
../SubGHz_Phy/App/subghz_phy_app.c:394:6:SubghzApp_Event	0	static
../SubGHz_Phy/App/subghz_phy_app.c:469:6:SubghzApp_UART_RxDone	8	static
../SubGHz_Phy/App/subghz_phy_app.c:496:6:SubghzApp_ValueError	16	static
../SubGHz_Phy/App/subghz_phy_app.c:197:13:OnRxDone	24	static
../SubGHz_Phy/App/subghz_phy_app.c:362:6:SubghzApp_Timeout	16	static
