../SubGHz_Phy/App/subghz_phy_app.c:135:6:SubghzApp_Init	56	static
../SubGHz_Phy/App/subghz_phy_app.c:186:13:OnTxDone	8	static
../SubGHz_Phy/App/subghz_phy_app.c:197:13:OnRxDone	40	static
../SubGHz_Phy/App/subghz_phy_app.c:332:13:OnTxTimeout	8	static
../SubGHz_Phy/App/subghz_phy_app.c:341:13:OnRxTimeout	8	static
../SubGHz_Phy/App/subghz_phy_app.c:349:13:OnRxError	8	static
../SubGHz_Phy/App/subghz_phy_app.c:361:6:SubghzApp_Timeout	8	static
../SubGHz_Phy/App/subghz_phy_app.c:393:6:SubghzApp_Event	8	static
../SubGHz_Phy/App/subghz_phy_app.c:399:6:SubghzApp_TxProcess	16	static
../SubGHz_Phy/App/subghz_phy_app.c:434:6:SubghzApp_RxProcess	24	static
../SubGHz_Phy/App/subghz_phy_app.c:449:6:SubghzApp_Rx	8	static
../SubGHz_Phy/App/subghz_phy_app.c:457:6:SubghzApp_Tx	8	static
../SubGHz_Phy/App/subghz_phy_app.c:468:6:SubghzApp_UART_RxDone	16	static
../SubGHz_Phy/App/subghz_phy_app.c:495:6:SubghzApp_ValueError	16	static
