../SubGHz_Phy/App/subghz_phy_app.c:140:6:SubghzApp_Init	64	static
../SubGHz_Phy/App/subghz_phy_app.c:202:13:OnTxDone	8	static
../SubGHz_Phy/App/subghz_phy_app.c:213:13:OnRxDone	32	static
../SubGHz_Phy/App/subghz_phy_app.c:337:13:OnTxTimeout	8	static
../SubGHz_Phy/App/subghz_phy_app.c:346:13:OnRxTimeout	8	static
../SubGHz_Phy/App/subghz_phy_app.c:354:13:OnRxError	8	static
../SubGHz_Phy/App/subghz_phy_app.c:366:6:SubghzApp_Timeout	8	static
../SubGHz_Phy/App/subghz_phy_app.c:398:6:SubghzApp_Event	8	static
../SubGHz_Phy/App/subghz_phy_app.c:422:6:SubghzApp_Process	24	static
../SubGHz_Phy/App/subghz_phy_app.c:443:6:SubghzApp_Rx	8	static
../SubGHz_Phy/App/subghz_phy_app.c:459:6:SubghzApp_Tx	8	static
../SubGHz_Phy/App/subghz_phy_app.c:474:6:SubghzApp_Tx_Event	24	static
../SubGHz_Phy/App/subghz_phy_app.c:516:6:SubghzApp_BackgroundProcess	16	static
../SubGHz_Phy/App/subghz_phy_app.c:531:6:SubghzApp_UART_RxDone	24	static
../SubGHz_Phy/App/subghz_phy_app.c:589:6:SubghzApp_Start	8	static
../SubGHz_Phy/App/subghz_phy_app.c:598:6:SubghzApp_ValueError	16	static
