Archive member included to satisfy reference by file (symbol)

C:/ST/STM32CubeIDE_1.18.0/STM32CubeIDE/plugins/com.st.stm32cube.ide.mcu.externaltools.gnu-tools-for-stm32.13.3.rel1.win32_1.0.0.202411081344/tools/bin/../lib/gcc/arm-none-eabi/13.3.1/../../../../arm-none-eabi/lib/thumb/v7e-m/nofp\libc_nano.a(libc_a-exit.o)
                              C:/ST/STM32CubeIDE_1.18.0/STM32CubeIDE/plugins/com.st.stm32cube.ide.mcu.externaltools.gnu-tools-for-stm32.13.3.rel1.win32_1.0.0.202411081344/tools/bin/../lib/gcc/arm-none-eabi/13.3.1/../../../../arm-none-eabi/lib/thumb/v7e-m/nofp/crt0.o (exit)
C:/ST/STM32CubeIDE_1.18.0/STM32CubeIDE/plugins/com.st.stm32cube.ide.mcu.externaltools.gnu-tools-for-stm32.13.3.rel1.win32_1.0.0.202411081344/tools/bin/../lib/gcc/arm-none-eabi/13.3.1/../../../../arm-none-eabi/lib/thumb/v7e-m/nofp\libc_nano.a(libc_a-findfp.o)
                              C:/ST/STM32CubeIDE_1.18.0/STM32CubeIDE/plugins/com.st.stm32cube.ide.mcu.externaltools.gnu-tools-for-stm32.13.3.rel1.win32_1.0.0.202411081344/tools/bin/../lib/gcc/arm-none-eabi/13.3.1/../../../../arm-none-eabi/lib/thumb/v7e-m/nofp\libc_nano.a(libc_a-exit.o) (__stdio_exit_handler)
C:/ST/STM32CubeIDE_1.18.0/STM32CubeIDE/plugins/com.st.stm32cube.ide.mcu.externaltools.gnu-tools-for-stm32.13.3.rel1.win32_1.0.0.202411081344/tools/bin/../lib/gcc/arm-none-eabi/13.3.1/../../../../arm-none-eabi/lib/thumb/v7e-m/nofp\libc_nano.a(libc_a-fwalk.o)
                              C:/ST/STM32CubeIDE_1.18.0/STM32CubeIDE/plugins/com.st.stm32cube.ide.mcu.externaltools.gnu-tools-for-stm32.13.3.rel1.win32_1.0.0.202411081344/tools/bin/../lib/gcc/arm-none-eabi/13.3.1/../../../../arm-none-eabi/lib/thumb/v7e-m/nofp\libc_nano.a(libc_a-findfp.o) (_fwalk_sglue)
C:/ST/STM32CubeIDE_1.18.0/STM32CubeIDE/plugins/com.st.stm32cube.ide.mcu.externaltools.gnu-tools-for-stm32.13.3.rel1.win32_1.0.0.202411081344/tools/bin/../lib/gcc/arm-none-eabi/13.3.1/../../../../arm-none-eabi/lib/thumb/v7e-m/nofp\libc_nano.a(libc_a-snprintf.o)
                              ./Core/Src/nextion_driver.o (snprintf)
C:/ST/STM32CubeIDE_1.18.0/STM32CubeIDE/plugins/com.st.stm32cube.ide.mcu.externaltools.gnu-tools-for-stm32.13.3.rel1.win32_1.0.0.202411081344/tools/bin/../lib/gcc/arm-none-eabi/13.3.1/../../../../arm-none-eabi/lib/thumb/v7e-m/nofp\libc_nano.a(libc_a-stdio.o)
                              C:/ST/STM32CubeIDE_1.18.0/STM32CubeIDE/plugins/com.st.stm32cube.ide.mcu.externaltools.gnu-tools-for-stm32.13.3.rel1.win32_1.0.0.202411081344/tools/bin/../lib/gcc/arm-none-eabi/13.3.1/../../../../arm-none-eabi/lib/thumb/v7e-m/nofp\libc_nano.a(libc_a-findfp.o) (__sread)
C:/ST/STM32CubeIDE_1.18.0/STM32CubeIDE/plugins/com.st.stm32cube.ide.mcu.externaltools.gnu-tools-for-stm32.13.3.rel1.win32_1.0.0.202411081344/tools/bin/../lib/gcc/arm-none-eabi/13.3.1/../../../../arm-none-eabi/lib/thumb/v7e-m/nofp\libc_nano.a(libc_a-memcmp.o)
                              ./SubGHz_Phy/App/subghz_phy_app.o (memcmp)
C:/ST/STM32CubeIDE_1.18.0/STM32CubeIDE/plugins/com.st.stm32cube.ide.mcu.externaltools.gnu-tools-for-stm32.13.3.rel1.win32_1.0.0.202411081344/tools/bin/../lib/gcc/arm-none-eabi/13.3.1/../../../../arm-none-eabi/lib/thumb/v7e-m/nofp\libc_nano.a(libc_a-memmove.o)
                              ./Core/Src/nextion_driver.o (memmove)
C:/ST/STM32CubeIDE_1.18.0/STM32CubeIDE/plugins/com.st.stm32cube.ide.mcu.externaltools.gnu-tools-for-stm32.13.3.rel1.win32_1.0.0.202411081344/tools/bin/../lib/gcc/arm-none-eabi/13.3.1/../../../../arm-none-eabi/lib/thumb/v7e-m/nofp\libc_nano.a(libc_a-memset.o)
                              C:/ST/STM32CubeIDE_1.18.0/STM32CubeIDE/plugins/com.st.stm32cube.ide.mcu.externaltools.gnu-tools-for-stm32.13.3.rel1.win32_1.0.0.202411081344/tools/bin/../lib/gcc/arm-none-eabi/13.3.1/../../../../arm-none-eabi/lib/thumb/v7e-m/nofp/crt0.o (memset)
C:/ST/STM32CubeIDE_1.18.0/STM32CubeIDE/plugins/com.st.stm32cube.ide.mcu.externaltools.gnu-tools-for-stm32.13.3.rel1.win32_1.0.0.202411081344/tools/bin/../lib/gcc/arm-none-eabi/13.3.1/../../../../arm-none-eabi/lib/thumb/v7e-m/nofp\libc_nano.a(libc_a-closer.o)
                              C:/ST/STM32CubeIDE_1.18.0/STM32CubeIDE/plugins/com.st.stm32cube.ide.mcu.externaltools.gnu-tools-for-stm32.13.3.rel1.win32_1.0.0.202411081344/tools/bin/../lib/gcc/arm-none-eabi/13.3.1/../../../../arm-none-eabi/lib/thumb/v7e-m/nofp\libc_nano.a(libc_a-stdio.o) (_close_r)
C:/ST/STM32CubeIDE_1.18.0/STM32CubeIDE/plugins/com.st.stm32cube.ide.mcu.externaltools.gnu-tools-for-stm32.13.3.rel1.win32_1.0.0.202411081344/tools/bin/../lib/gcc/arm-none-eabi/13.3.1/../../../../arm-none-eabi/lib/thumb/v7e-m/nofp\libc_nano.a(libc_a-reent.o)
                              C:/ST/STM32CubeIDE_1.18.0/STM32CubeIDE/plugins/com.st.stm32cube.ide.mcu.externaltools.gnu-tools-for-stm32.13.3.rel1.win32_1.0.0.202411081344/tools/bin/../lib/gcc/arm-none-eabi/13.3.1/../../../../arm-none-eabi/lib/thumb/v7e-m/nofp\libc_nano.a(libc_a-closer.o) (errno)
[...]
Memory Configuration

Name             Origin             Length             Attributes
RAM              0x20000000         0x00010000         xrw
RAM2             0x10000000         0x00008000         xrw
FLASH            0x08000000         0x00040000         xr
*default*        0x00000000         0xffffffff

Linker script and memory map

LOAD C:/ST/STM32CubeIDE_1.18.0/STM32CubeIDE/plugins/com.st.stm32cube.ide.mcu.externaltools.gnu-tools-for-stm32.13.3.rel1.win32_1.0.0.202411081344/tools/bin/../lib/gcc/arm-none-eabi/13.3.1/thumb/v7e-m/nofp/crti.o
LOAD C:/ST/STM32CubeIDE_1.18.0/STM32CubeIDE/plugins/com.st.stm32cube.ide.mcu.externaltools.gnu-tools-for-stm32.13.3.rel1.win32_1.0.0.202411081344/tools/bin/../lib/gcc/arm-none-eabi/13.3.1/thumb/v7e-m/nofp/crtbegin.o
LOAD C:/ST/STM32CubeIDE_1.18.0/STM32CubeIDE/plugins/com.st.stm32cube.ide.mcu.externaltools.gnu-tools-for-stm32.13.3.rel1.win32_1.0.0.202411081344/tools/bin/../lib/gcc/arm-none-eabi/13.3.1/../../../../arm-none-eabi/lib/thumb/v7e-m/nofp/crt0.o
LOAD ./Core/Src/adc.o
LOAD ./Core/Src/error_manager.o
LOAD ./Core/Src/gpio.o
LOAD ./Core/Src/iwdg.o
LOAD ./Core/Src/main.o
LOAD ./Core/Src/nextion_driver.o
LOAD ./Core/Src/rtc.o
LOAD ./Core/Src/stm32_adv_trace_if.o
LOAD ./Core/Src/stm32_lpm_if.o
LOAD ./Core/Src/stm32wlxx_hal_msp.o
LOAD ./Core/Src/stm32wlxx_it.o
LOAD ./Core/Src/subghz.o
LOAD ./Core/Src/sys_app.o
LOAD ./Core/Src/syscalls.o
LOAD ./Core/Src/sysmem.o
LOAD ./Core/Src/system_stm32wlxx.o
LOAD ./Core/Src/timer_if.o
LOAD ./Core/Src/tmp275_driver.o
LOAD ./Core/Src/usart.o
LOAD ./Core/Startup/startup_stm32wl55ccux.o
LOAD ./Drivers/STM32WLxx_HAL_Driver/Src/stm32wlxx_hal.o
LOAD ./Drivers/STM32WLxx_HAL_Driver/Src/stm32wlxx_hal_adc.o
LOAD ./Drivers/STM32WLxx_HAL_Driver/Src/stm32wlxx_hal_adc_ex.o
LOAD ./Drivers/STM32WLxx_HAL_Driver/Src/stm32wlxx_hal_cortex.o
LOAD ./Drivers/STM32WLxx_HAL_Driver/Src/stm32wlxx_hal_dma.o
LOAD ./Drivers/STM32WLxx_HAL_Driver/Src/stm32wlxx_hal_dma_ex.o
LOAD ./Drivers/STM32WLxx_HAL_Driver/Src/stm32wlxx_hal_exti.o
LOAD ./Drivers/STM32WLxx_HAL_Driver/Src/stm32wlxx_hal_flash.o
LOAD ./Drivers/STM32WLxx_HAL_Driver/Src/stm32wlxx_hal_flash_ex.o
LOAD ./Drivers/STM32WLxx_HAL_Driver/Src/stm32wlxx_hal_gpio.o
LOAD ./Drivers/STM32WLxx_HAL_Driver/Src/stm32wlxx_hal_i2c.o
LOAD ./Drivers/STM32WLxx_HAL_Driver/Src/stm32wlxx_hal_i2c_ex.o
LOAD ./Drivers/STM32WLxx_HAL_Driver/Src/stm32wlxx_hal_iwdg.o
LOAD ./Drivers/STM32WLxx_HAL_Driver/Src/stm32wlxx_hal_pwr.o
LOAD ./Drivers/STM32WLxx_HAL_Driver/Src/stm32wlxx_hal_pwr_ex.o
LOAD ./Drivers/STM32WLxx_HAL_Driver/Src/stm32wlxx_hal_rcc.o
LOAD ./Drivers/STM32WLxx_HAL_Driver/Src/stm32wlxx_hal_rcc_ex.o
LOAD ./Drivers/STM32WLxx_HAL_Driver/Src/stm32wlxx_hal_rtc.o
LOAD ./Drivers/STM32WLxx_HAL_Driver/Src/stm32wlxx_hal_rtc_ex.o
LOAD ./Drivers/STM32WLxx_HAL_Driver/Src/stm32wlxx_hal_subghz.o
LOAD ./Drivers/STM32WLxx_HAL_Driver/Src/stm32wlxx_hal_uart.o
LOAD ./Drivers/STM32WLxx_HAL_Driver/Src/stm32wlxx_hal_uart_ex.o
LOAD ./Drivers/STM32WLxx_HAL_Driver/Src/stm32wlxx_ll_adc.o
LOAD ./Middlewares/Third_Party/SubGHz_Phy/stm32_radio_driver/lr_fhss_mac.o
LOAD ./Middlewares/Third_Party/SubGHz_Phy/stm32_radio_driver/radio.o
LOAD ./Middlewares/Third_Party/SubGHz_Phy/stm32_radio_driver/radio_driver.o
LOAD ./Middlewares/Third_Party/SubGHz_Phy/stm32_radio_driver/radio_fw.o
LOAD ./Middlewares/Third_Party/SubGHz_Phy/stm32_radio_driver/wl_lr_fhss.o
LOAD ./SubGHz_Phy/App/app_subghz_phy.o
LOAD ./SubGHz_Phy/App/subghz_phy_app.o
LOAD ./SubGHz_Phy/Target/radio_board_if.o
LOAD ./Utilities/lpm/tiny_lpm/stm32_lpm.o
LOAD ./Utilities/misc/stm32_mem.o
LOAD ./Utilities/misc/stm32_systime.o
LOAD ./Utilities/misc/stm32_tiny_sscanf.o
LOAD ./Utilities/misc/stm32_tiny_vsnprintf.o
LOAD ./Utilities/sequencer/stm32_seq.o
LOAD ./Utilities/timer/stm32_timer.o
LOAD ./Utilities/trace/adv_trace/stm32_adv_trace.o
START GROUP
LOAD C:/ST/STM32CubeIDE_1.18.0/STM32CubeIDE/plugins/com.st.stm32cube.ide.mcu.externaltools.gnu-tools-for-stm32.13.3.rel1.win32_1.0.0.202411081344/tools/bin/../lib/gcc/arm-none-eabi/13.3.1/../../../../arm-none-eabi/lib/thumb/v7e-m/nofp\libc_nano.a
LOAD C:/ST/STM32CubeIDE_1.18.0/STM32CubeIDE/plugins/com.st.stm32cube.ide.mcu.externaltools.gnu-tools-for-stm32.13.3.rel1.win32_1.0.0.202411081344/tools/bin/../lib/gcc/arm-none-eabi/13.3.1/../../../../arm-none-eabi/lib/thumb/v7e-m/nofp\libm.a
END GROUP
START GROUP
LOAD C:/ST/STM32CubeIDE_1.18.0/STM32CubeIDE/plugins/com.st.stm32cube.ide.mcu.externaltools.gnu-tools-for-stm32.13.3.rel1.win32_1.0.0.202411081344/tools/bin/../lib/gcc/arm-none-eabi/13.3.1/thumb/v7e-m/nofp\libgcc.a
LOAD C:/ST/STM32CubeIDE_1.18.0/STM32CubeIDE/plugins/com.st.stm32cube.ide.mcu.externaltools.gnu-tools-for-stm32.13.3.rel1.win32_1.0.0.202411081344/tools/bin/../lib/gcc/arm-none-eabi/13.3.1/../../../../arm-none-eabi/lib/thumb/v7e-m/nofp\libc_nano.a
END GROUP
START GROUP
LOAD C:/ST/STM32CubeIDE_1.18.0/STM32CubeIDE/plugins/com.st.stm32cube.ide.mcu.externaltools.gnu-tools-for-stm32.13.3.rel1.win32_1.0.0.202411081344/tools/bin/../lib/gcc/arm-none-eabi/13.3.1/thumb/v7e-m/nofp\libgcc.a
LOAD C:/ST/STM32CubeIDE_1.18.0/STM32CubeIDE/plugins/com.st.stm32cube.ide.mcu.externaltools.gnu-tools-for-stm32.13.3.rel1.win32_1.0.0.202411081344/tools/bin/../lib/gcc/arm-none-eabi/13.3.1/../../../../arm-none-eabi/lib/thumb/v7e-m/nofp\libc_nano.a
LOAD C:/ST/STM32CubeIDE_1.18.0/STM32CubeIDE/plugins/com.st.stm32cube.ide.mcu.externaltools.gnu-tools-for-stm32.13.3.rel1.win32_1.0.0.202411081344/tools/bin/../lib/gcc/arm-none-eabi/13.3.1/../../../../arm-none-eabi/lib/thumb/v7e-m/nofp\libnosys.a
END GROUP
START GROUP
LOAD C:/ST/STM32CubeIDE_1.18.0/STM32CubeIDE/plugins/com.st.stm32cube.ide.mcu.externaltools.gnu-tools-for-stm32.13.3.rel1.win32_1.0.0.202411081344/tools/bin/../lib/gcc/arm-none-eabi/13.3.1/thumb/v7e-m/nofp\libgcc.a
LOAD C:/ST/STM32CubeIDE_1.18.0/STM32CubeIDE/plugins/com.st.stm32cube.ide.mcu.externaltools.gnu-tools-for-stm32.13.3.rel1.win32_1.0.0.202411081344/tools/bin/../lib/gcc/arm-none-eabi/13.3.1/../../../../arm-none-eabi/lib/thumb/v7e-m/nofp\libc_nano.a
LOAD C:/ST/STM32CubeIDE_1.18.0/STM32CubeIDE/plugins/com.st.stm32cube.ide.mcu.externaltools.gnu-tools-for-stm32.13.3.rel1.win32_1.0.0.202411081344/tools/bin/../lib/gcc/arm-none-eabi/13.3.1/../../../../arm-none-eabi/lib/thumb/v7e-m/nofp\libnosys.a
END GROUP
LOAD C:/ST/STM32CubeIDE_1.18.0/STM32CubeIDE/plugins/com.st.stm32cube.ide.mcu.externaltools.gnu-tools-for-stm32.13.3.rel1.win32_1.0.0.202411081344/tools/bin/../lib/gcc/arm-none-eabi/13.3.1/thumb/v7e-m/nofp/crtend.o
LOAD C:/ST/STM32CubeIDE_1.18.0/STM32CubeIDE/plugins/com.st.stm32cube.ide.mcu.externaltools.gnu-tools-for-stm32.13.3.rel1.win32_1.0.0.202411081344/tools/bin/../lib/gcc/arm-none-eabi/13.3.1/thumb/v7e-m/nofp/crtn.o
                0x20010000                        _estack = (ORIGIN (RAM) + LENGTH (RAM))
                0x00000200                        _Min_Heap_Size = 0x200
                0x00000400                        _Min_Stack_Size = 0x400

.isr_vector     0x08000000      0x138
                0x08000000                        . = ALIGN (0x4)
 *(.isr_vector)
 .isr_vector    0x08000000      0x138 ./Core/Startup/startup_stm32wl55ccux.o
                0x08000000                g_pfnVectors
                0x08000138                        . = ALIGN (0x4)

.text           0x08000140     0x7fd8
                0x08000140                        . = ALIGN (0x4)
 *(.text)
 .text          0x08000140       0x40 C:/ST/STM32CubeIDE_1.18.0/STM32CubeIDE/plugins/com.st.stm32cube.ide.mcu.externaltools.gnu-tools-for-stm32.13.3.rel1.win32_1.0.0.202411081344/tools/bin/../lib/gcc/arm-none-eabi/13.3.1/thumb/v7e-m/nofp/crtbegin.o
 .text          0x08000180       0x10 C:/ST/STM32CubeIDE_1.18.0/STM32CubeIDE/plugins/com.st.stm32cube.ide.mcu.externaltools.gnu-tools-for-stm32.13.3.rel1.win32_1.0.0.202411081344/tools/bin/../lib/gcc/arm-none-eabi/13.3.1/../../../../arm-none-eabi/lib/thumb/v7e-m/nofp\libc_nano.a(libc_a-strlen.o)
                0x08000180                strlen
 .text          0x08000190       0xa0 C:/ST/STM32CubeIDE_1.18.0/STM32CubeIDE/plugins/com.st.stm32cube.ide.mcu.externaltools.gnu-tools-for-stm32.13.3.rel1.win32_1.0.0.202411081344/tools/bin/../lib/gcc/arm-none-eabi/13.3.1/../../../../arm-none-eabi/lib/thumb/v7e-m/nofp\libc_nano.a(libc_a-memchr.o)
                0x08000190                memchr
 .text          0x08000230      0x254 C:/ST/STM32CubeIDE_1.18.0/STM32CubeIDE/plugins/com.st.stm32cube.ide.mcu.externaltools.gnu-tools-for-stm32.13.3.rel1.win32_1.0.0.202411081344/tools/bin/../lib/gcc/arm-none-eabi/13.3.1/thumb/v7e-m/nofp\libgcc.a(_arm_muldf3.o)
                0x08000230                __muldf3
                0x08000230                __aeabi_dmul
 .text          0x08000484      0x378 C:/ST/STM32CubeIDE_1.18.0/STM32CubeIDE/plugins/com.st.stm32cube.ide.mcu.externaltools.gnu-tools-for-stm32.13.3.rel1.win32_1.0.0.202411081344/tools/bin/../lib/gcc/arm-none-eabi/13.3.1/thumb/v7e-m/nofp\libgcc.a(_arm_addsubdf3.o)
                0x08000484                __aeabi_drsub
                0x0800048c                __aeabi_dsub
                0x0800048c                __subdf3
                0x08000490                __aeabi_dadd
                0x08000490                __adddf3
                0x08000708                __floatunsidf
                0x08000708                __aeabi_ui2d
                0x08000728                __floatsidf
                0x08000728                __aeabi_i2d
                0x0800074c                __aeabi_f2d
                0x0800074c                __extendsfdf2
                0x08000790                __floatundidf
                0x08000790                __aeabi_ul2d
                0x080007a0                __floatdidf
                0x080007a0                __aeabi_l2d
 .text          0x080007fc       0xa0 C:/ST/STM32CubeIDE_1.18.0/STM32CubeIDE/plugins/com.st.stm32cube.ide.mcu.externaltools.gnu-tools-for-stm32.13.3.rel1.win32_1.0.0.202411081344/tools/bin/../lib/gcc/arm-none-eabi/13.3.1/thumb/v7e-m/nofp\libgcc.a(_arm_truncdfsf2.o)
                0x080007fc                __truncdfsf2
                0x080007fc                __aeabi_d2f
 .text          0x0800089c      0x21c C:/ST/STM32CubeIDE_1.18.0/STM32CubeIDE/plugins/com.st.stm32cube.ide.mcu.externaltools.gnu-tools-for-stm32.13.3.rel1.win32_1.0.0.202411081344/tools/bin/../lib/gcc/arm-none-eabi/13.3.1/thumb/v7e-m/nofp\libgcc.a(_arm_addsubsf3.o)
                0x0800089c                __aeabi_frsub
                0x080008a4                __subsf3
                0x080008a4                __aeabi_fsub
                0x080008a8                __aeabi_fadd
                0x080008a8                __addsf3
                0x08000a08                __aeabi_ui2f
                0x08000a08                __floatunsisf
                0x08000a10                __aeabi_i2f
                0x08000a10                __floatsisf
                0x08000a2c                __aeabi_ul2f
                0x08000a2c                __floatundisf
                0x08000a3c                __aeabi_l2f
                0x08000a3c                __floatdisf
 .text          0x08000ab8      0x2a0 C:/ST/STM32CubeIDE_1.18.0/STM32CubeIDE/plugins/com.st.stm32cube.ide.mcu.externaltools.gnu-tools-for-stm32.13.3.rel1.win32_1.0.0.202411081344/tools/bin/../lib/gcc/arm-none-eabi/13.3.1/thumb/v7e-m/nofp\libgcc.a(_arm_muldivsf3.o)
                0x08000ab8                __mulsf3
                0x08000ab8                __aeabi_fmul
                0x08000c20                __aeabi_fdiv
                0x08000c20                __divsf3
 .text          0x08000d58       0x4c C:/ST/STM32CubeIDE_1.18.0/STM32CubeIDE/plugins/com.st.stm32cube.ide.mcu.externaltools.gnu-tools-for-stm32.13.3.rel1.win32_1.0.0.202411081344/tools/bin/../lib/gcc/arm-none-eabi/13.3.1/thumb/v7e-m/nofp\libgcc.a(_arm_fixsfsi.o)
                0x08000d58                __aeabi_f2iz
                0x08000d58                __fixsfsi
 .text          0x08000da4       0x40 C:/ST/STM32CubeIDE_1.18.0/STM32CubeIDE/plugins/com.st.stm32cube.ide.mcu.externaltools.gnu-tools-for-stm32.13.3.rel1.win32_1.0.0.202411081344/tools/bin/../lib/gcc/arm-none-eabi/13.3.1/thumb/v7e-m/nofp\libgcc.a(_arm_fixunssfsi.o)
                0x08000da4                __fixunssfsi
                0x08000da4                __aeabi_f2uiz
 .text          0x08000de4       0x30 C:/ST/STM32CubeIDE_1.18.0/STM32CubeIDE/plugins/com.st.stm32cube.ide.mcu.externaltools.gnu-tools-for-stm32.13.3.rel1.win32_1.0.0.202411081344/tools/bin/../lib/gcc/arm-none-eabi/13.3.1/thumb/v7e-m/nofp\libgcc.a(_aeabi_uldivmod.o)
                0x08000de4                __aeabi_uldivmod
 .text          0x08000e14      0x2f8 C:/ST/STM32CubeIDE_1.18.0/STM32CubeIDE/plugins/com.st.stm32cube.ide.mcu.externaltools.gnu-tools-for-stm32.13.3.rel1.win32_1.0.0.202411081344/tools/bin/../lib/gcc/arm-none-eabi/13.3.1/thumb/v7e-m/nofp\libgcc.a(_udivmoddi4.o)
                0x08000e14                __udivmoddi4
 .text          0x0800110c        0x4 C:/ST/STM32CubeIDE_1.18.0/STM32CubeIDE/plugins/com.st.stm32cube.ide.mcu.externaltools.gnu-tools-for-stm32.13.3.rel1.win32_1.0.0.202411081344/tools/bin/../lib/gcc/arm-none-eabi/13.3.1/thumb/v7e-m/nofp\libgcc.a(_dvmd_tls.o)
                0x0800110c                __aeabi_idiv0
                0x0800110c                __aeabi_ldiv0
 *(.text*)
 .text.MX_ADC_Init
                0x08001110       0x7c ./Core/Src/adc.o
                0x08001110                MX_ADC_Init
 .text.HAL_ADC_MspInit
                0x0800118c       0x84 ./Core/Src/adc.o
                0x0800118c                HAL_ADC_MspInit
 .text.LL_AHB2_GRP1_EnableClock
                0x08001210       0x18 ./Core/Src/gpio.o
 .text.MX_GPIO_Init
                0x08001228       0xc4 ./Core/Src/gpio.o
                0x08001228                MX_GPIO_Init
 .text.MX_IWDG_Init
                0x080012ec       0x2c ./Core/Src/iwdg.o
                0x080012ec                MX_IWDG_Init
 .text.SystemClock_Config
                0x08001318       0x98 ./Core/Src/main.o
                0x08001318                SystemClock_Config
 .text.TIM2_Init
                0x080013b0       0x4e ./Core/Src/main.o
                0x080013b0                TIM2_Init
 *fill*         0x080013fe        0x2 
 .text.TIM16_Init
                0x08001400       0x50 ./Core/Src/main.o
                0x08001400                TIM16_Init
 .text.TIM2_IRQHandler
                0x08001450       0x18 ./Core/Src/main.o
                0x08001450                TIM2_IRQHandler
 .text.TIM16_IRQHandler
                0x08001468       0x1c ./Core/Src/main.o
                0x08001468                TIM16_IRQHandler
 .text.APP_TMP275_Init
                0x08001484       0x2c ./Core/Src/main.o
                0x08001484                APP_TMP275_Init
 .text.startup.main
                0x080014b0       0x50 ./Core/Src/main.o
                0x080014b0                main
 .text.Error_Handler
                0x08001500        0x4 ./Core/Src/main.o
                0x08001500                Error_Handler
 .text.NEXTION_WaitForACK
                0x08001504       0xb8 ./Core/Src/nextion_driver.o
                0x08001504                NEXTION_WaitForACK
 .text.NEXTION_SendCommand.part.0
                0x080015bc       0x58 ./Core/Src/nextion_driver.o
 .text.NEXTION_SendCommand
                0x08001614        0x8 ./Core/Src/nextion_driver.o
                0x08001614                NEXTION_SendCommand
 .text.NEXTION_SetText
                0x0800161c       0x30 ./Core/Src/nextion_driver.o
                0x0800161c                NEXTION_SetText
 .text.NEXTION_SetValue
                0x0800164c       0x2c ./Core/Src/nextion_driver.o
                0x0800164c                NEXTION_SetValue
 .text.NEXTION_SetBackgroundColor
                0x08001678       0x2c ./Core/Src/nextion_driver.o
                0x08001678                NEXTION_SetBackgroundColor
 .text.NEXTION_SetPicture
                0x080016a4       0x2c ./Core/Src/nextion_driver.o
                0x080016a4                NEXTION_SetPicture
 .text.MX_RTC_Init
                0x080016d0       0x3c ./Core/Src/rtc.o
                0x080016d0                MX_RTC_Init
 .text.HAL_RTC_MspInit
                0x0800170c       0x5c ./Core/Src/rtc.o
                0x0800170c                HAL_RTC_MspInit
 .text.HAL_MspInit
                0x08001768       0x16 ./Core/Src/stm32wlxx_hal_msp.o
                0x08001768                HAL_MspInit
 .text.NMI_Handler
                0x0800177e        0x2 ./Core/Src/stm32wlxx_it.o
                0x0800177e                NMI_Handler
 .text.HardFault_Handler
                0x08001780        0x2 ./Core/Src/stm32wlxx_it.o
                0x08001780                HardFault_Handler
 .text.MemManage_Handler
                0x08001782        0x2 ./Core/Src/stm32wlxx_it.o
                0x08001782                MemManage_Handler
 .text.BusFault_Handler
                0x08001784        0x2 ./Core/Src/stm32wlxx_it.o
                0x08001784                BusFault_Handler
 .text.UsageFault_Handler
                0x08001786        0x2 ./Core/Src/stm32wlxx_it.o
                0x08001786                UsageFault_Handler
 .text.SVC_Handler
                0x08001788        0x2 ./Core/Src/stm32wlxx_it.o
                0x08001788                SVC_Handler
 .text.DebugMon_Handler
                0x0800178a        0x2 ./Core/Src/stm32wlxx_it.o
                0x0800178a                DebugMon_Handler
 .text.PendSV_Handler
                0x0800178c        0x2 ./Core/Src/stm32wlxx_it.o
                0x0800178c                PendSV_Handler
 .text.SysTick_Handler
                0x0800178e        0x4 ./Core/Src/stm32wlxx_it.o
                0x0800178e                SysTick_Handler
 .text.RCC_IRQHandler
                0x08001792        0x2 ./Core/Src/stm32wlxx_it.o
                0x08001792                RCC_IRQHandler
 .text.USART1_IRQHandler
                0x08001794       0x14 ./Core/Src/stm32wlxx_it.o
                0x08001794                USART1_IRQHandler
 .text.SUBGHZ_Radio_IRQHandler
                0x080017a8        0xc ./Core/Src/stm32wlxx_it.o
                0x080017a8                SUBGHZ_Radio_IRQHandler
 .text.MX_SUBGHZ_Init
                0x080017b4       0x1c ./Core/Src/subghz.o
                0x080017b4                MX_SUBGHZ_Init
 .text.HAL_SUBGHZ_MspInit
                0x080017d0       0x2e ./Core/Src/subghz.o
                0x080017d0                HAL_SUBGHZ_MspInit
 .text.SystemApp_Init
                0x080017fe        0x2 ./Core/Src/sys_app.o
                0x080017fe                SystemApp_Init
 .text._sbrk    0x08001800       0x40 ./Core/Src/sysmem.o
                0x08001800                _sbrk
 .text.SystemInit
                0x08001840        0x2 ./Core/Src/system_stm32wlxx.o
                0x08001840                SystemInit
 .text.TIMER_IF_Init
                0x08001842        0x4 ./Core/Src/timer_if.o
                0x08001842                TIMER_IF_Init
 .text.TIMER_IF_StartTimer
                0x08001846        0x4 ./Core/Src/timer_if.o
                0x08001846                TIMER_IF_StartTimer
 .text.TIMER_IF_SetTimerContext
                0x0800184a        0x4 ./Core/Src/timer_if.o
                0x0800184a                TIMER_IF_SetTimerContext
 .text.TIMER_IF_GetTimerElapsedTime
                0x0800184e        0x4 ./Core/Src/timer_if.o
                0x0800184e                TIMER_IF_GetTimerElapsedTime
 .text.TIMER_IF_Convert_ms2Tick
                0x08001852        0x4 ./Core/Src/timer_if.o
                0x08001852                TIMER_IF_Convert_ms2Tick
 .text.TIMER_IF_Convert_Tick2ms
                0x08001856        0x4 ./Core/Src/timer_if.o
                0x08001856                TIMER_IF_Convert_Tick2ms
 .text.TIMER_IF_StopTimer
                0x0800185a        0x4 ./Core/Src/timer_if.o
                0x0800185a                TIMER_IF_StopTimer
 .text.TIMER_IF_GetTimerValue
                0x0800185e        0x4 ./Core/Src/timer_if.o
                0x0800185e                TIMER_IF_GetTimerValue
 .text.TIMER_IF_GetMinimumTimeout
                0x08001862        0x4 ./Core/Src/timer_if.o
                0x08001862                TIMER_IF_GetMinimumTimeout
 .text.TIMER_IF_GetTimerContext
                0x08001866        0x4 ./Core/Src/timer_if.o
                0x08001866                TIMER_IF_GetTimerContext
 .text.timeout_begin
                0x0800186a       0x12 ./Core/Src/tmp275_driver.o
 .text.timeout_expired.constprop.0
                0x0800187c       0x38 ./Core/Src/tmp275_driver.o
 .text.TMP275_ConvertRawToTemperature
                0x080018b4       0x18 ./Core/Src/tmp275_driver.o
                0x080018b4                TMP275_ConvertRawToTemperature
 .text.TMP275_I2C_Init
                0x080018cc       0x34 ./Core/Src/tmp275_driver.o
                0x080018cc                TMP275_I2C_Init
 .text.i2c_soft_reset_and_reinit
                0x08001900       0xec ./Core/Src/tmp275_driver.o
 .text.I2C_ReadRegister
                0x080019ec      0x16c ./Core/Src/tmp275_driver.o
 .text.TMP275_ReadTemperatureRaw
                0x08001b58       0x2e ./Core/Src/tmp275_driver.o
                0x08001b58                TMP275_ReadTemperatureRaw
 *fill*         0x08001b86        0x2 
 .text.TMP275_ReadTemperature
                0x08001b88       0x40 ./Core/Src/tmp275_driver.o
                0x08001b88                TMP275_ReadTemperature
 .text.I2C_WriteRegister
                0x08001bc8      0x14e ./Core/Src/tmp275_driver.o
 *fill*         0x08001d16        0x2 
 .text.TMP275_Configure
                0x08001d18       0xe4 ./Core/Src/tmp275_driver.o
                0x08001d18                TMP275_Configure
 .text.TMP275_Init
                0x08001dfc       0x34 ./Core/Src/tmp275_driver.o
                0x08001dfc                TMP275_Init
 .text.TMP275_GPIO_Init
                0x08001e30       0x54 ./Core/Src/tmp275_driver.o
                0x08001e30                TMP275_GPIO_Init
 .text.MX_USART1_UART_Init
                0x08001e84       0x70 ./Core/Src/usart.o
                0x08001e84                MX_USART1_UART_Init
 .text.HAL_UART_MspInit
                0x08001ef4       0x98 ./Core/Src/usart.o
                0x08001ef4                HAL_UART_MspInit
 .text.USART1_Interrupt
                0x08001f8c       0xa0 ./Core/Src/usart.o
                0x08001f8c                USART1_Interrupt
 .text.Reset_Handler
                0x0800202c       0x50 ./Core/Startup/startup_stm32wl55ccux.o
                0x0800202c                Reset_Handler
 .text.Default_Handler
                0x0800207c        0x2 ./Core/Startup/startup_stm32wl55ccux.o
                0x0800207c                RTC_Alarm_IRQHandler
                0x0800207c                EXTI2_IRQHandler
                0x0800207c                TIM1_CC_IRQHandler
                0x0800207c                EXTI3_IRQHandler
                0x0800207c                LPTIM2_IRQHandler
                0x0800207c                I2C3_ER_IRQHandler
                0x0800207c                LPTIM3_IRQHandler
                0x0800207c                EXTI0_IRQHandler
                0x0800207c                I2C2_EV_IRQHandler
                0x0800207c                TAMP_STAMP_LSECSS_SSRU_IRQHandler
                0x0800207c                SPI1_IRQHandler
                0x0800207c                DMA2_Channel2_IRQHandler
                0x0800207c                DMA1_Channel4_IRQHandler
                0x0800207c                PKA_IRQHandler
                0x0800207c                TIM17_IRQHandler
                0x0800207c                DMA1_Channel7_IRQHandler
                0x0800207c                SUBGHZSPI_IRQHandler
                0x0800207c                IPCC_C1_TX_IRQHandler
                0x0800207c                DMA2_Channel1_IRQHandler
                0x0800207c                I2C1_EV_IRQHandler
                0x0800207c                DMAMUX1_OVR_IRQHandler
                0x0800207c                DMA1_Channel6_IRQHandler
                0x0800207c                DMA2_Channel4_IRQHandler
                0x0800207c                TIM1_TRG_COM_IRQHandler
                0x0800207c                DMA1_Channel1_IRQHandler
                0x0800207c                Default_Handler
                0x0800207c                DMA2_Channel7_IRQHandler
                0x0800207c                EXTI15_10_IRQHandler
                0x0800207c                IPCC_C1_RX_IRQHandler
                0x0800207c                ADC_IRQHandler
                0x0800207c                C2SEV_PWR_C2H_IRQHandler
                0x0800207c                I2C3_EV_IRQHandler
                0x0800207c                EXTI9_5_IRQHandler
                0x0800207c                RTC_WKUP_IRQHandler
                0x0800207c                PVD_PVM_IRQHandler
                0x0800207c                SPI2_IRQHandler
                0x0800207c                DMA2_Channel5_IRQHandler
                0x0800207c                DMA1_Channel5_IRQHandler
                0x0800207c                EXTI4_IRQHandler
                0x0800207c                RNG_IRQHandler
                0x0800207c                DMA1_Channel3_IRQHandler
                0x0800207c                COMP_IRQHandler
                0x0800207c                HSEM_IRQHandler
                0x0800207c                TIM1_UP_IRQHandler
                0x0800207c                WWDG_IRQHandler
                0x0800207c                LPUART1_IRQHandler
                0x0800207c                DMA2_Channel6_IRQHandler
                0x0800207c                TIM1_BRK_IRQHandler
                0x0800207c                DAC_IRQHandler
                0x0800207c                EXTI1_IRQHandler
                0x0800207c                AES_IRQHandler
                0x0800207c                USART2_IRQHandler
                0x0800207c                I2C2_ER_IRQHandler
                0x0800207c                DMA1_Channel2_IRQHandler
                0x0800207c                FLASH_IRQHandler
                0x0800207c                I2C1_ER_IRQHandler
                0x0800207c                LPTIM1_IRQHandler
                0x0800207c                DMA2_Channel3_IRQHandler
 *fill*         0x0800207e        0x2 
 .text.HAL_InitTick
                0x08002080       0x4c ./Drivers/STM32WLxx_HAL_Driver/Src/stm32wlxx_hal.o
                0x08002080                HAL_InitTick
 .text.HAL_Init
                0x080020cc       0x2c ./Drivers/STM32WLxx_HAL_Driver/Src/stm32wlxx_hal.o
                0x080020cc                HAL_Init
 .text.HAL_IncTick
                0x080020f8       0x18 ./Drivers/STM32WLxx_HAL_Driver/Src/stm32wlxx_hal.o
                0x080020f8                HAL_IncTick
 .text.HAL_GetTick
                0x08002110        0xc ./Drivers/STM32WLxx_HAL_Driver/Src/stm32wlxx_hal.o
                0x08002110                HAL_GetTick
 .text.HAL_Delay
                0x0800211c       0x28 ./Drivers/STM32WLxx_HAL_Driver/Src/stm32wlxx_hal.o
                0x0800211c                HAL_Delay
 .text.LL_ADC_REG_IsConversionOngoing
                0x08002144        0x8 ./Drivers/STM32WLxx_HAL_Driver/Src/stm32wlxx_hal_adc.o
 .text.HAL_ADC_Init
                0x0800214c      0x200 ./Drivers/STM32WLxx_HAL_Driver/Src/stm32wlxx_hal_adc.o
                0x0800214c                HAL_ADC_Init
 .text.HAL_ADC_PollForConversion
                0x0800234c       0xb4 ./Drivers/STM32WLxx_HAL_Driver/Src/stm32wlxx_hal_adc.o
                0x0800234c                HAL_ADC_PollForConversion
 .text.HAL_ADC_GetValue
                0x08002400        0x6 ./Drivers/STM32WLxx_HAL_Driver/Src/stm32wlxx_hal_adc.o
                0x08002400                HAL_ADC_GetValue
 *fill*         0x08002406        0x2 
 .text.HAL_ADC_ConfigChannel
                0x08002408      0x1b0 ./Drivers/STM32WLxx_HAL_Driver/Src/stm32wlxx_hal_adc.o
                0x08002408                HAL_ADC_ConfigChannel
 .text.ADC_ConversionStop
                0x080025b8       0x5c ./Drivers/STM32WLxx_HAL_Driver/Src/stm32wlxx_hal_adc.o
                0x080025b8                ADC_ConversionStop
 .text.ADC_Enable
                0x08002614       0xb4 ./Drivers/STM32WLxx_HAL_Driver/Src/stm32wlxx_hal_adc.o
                0x08002614                ADC_Enable
 .text.HAL_ADC_Start
                0x080026c8       0x5c ./Drivers/STM32WLxx_HAL_Driver/Src/stm32wlxx_hal_adc.o
                0x080026c8                HAL_ADC_Start
 .text.ADC_Disable
                0x08002724       0x68 ./Drivers/STM32WLxx_HAL_Driver/Src/stm32wlxx_hal_adc.o
                0x08002724                ADC_Disable
 .text.HAL_ADC_Stop
                0x0800278c       0x3c ./Drivers/STM32WLxx_HAL_Driver/Src/stm32wlxx_hal_adc.o
                0x0800278c                HAL_ADC_Stop
 .text.HAL_ADCEx_Calibration_Start
                0x080027c8      0x118 ./Drivers/STM32WLxx_HAL_Driver/Src/stm32wlxx_hal_adc_ex.o
                0x080027c8                HAL_ADCEx_Calibration_Start
 .text.HAL_NVIC_SetPriorityGrouping
                0x080028e0       0x24 ./Drivers/STM32WLxx_HAL_Driver/Src/stm32wlxx_hal_cortex.o
                0x080028e0                HAL_NVIC_SetPriorityGrouping
 .text.HAL_NVIC_SetPriority
                0x08002904       0x64 ./Drivers/STM32WLxx_HAL_Driver/Src/stm32wlxx_hal_cortex.o
                0x08002904                HAL_NVIC_SetPriority
 .text.HAL_NVIC_EnableIRQ
                0x08002968       0x1c ./Drivers/STM32WLxx_HAL_Driver/Src/stm32wlxx_hal_cortex.o
                0x08002968                HAL_NVIC_EnableIRQ
 .text.HAL_SYSTICK_Config
                0x08002984       0x28 ./Drivers/STM32WLxx_HAL_Driver/Src/stm32wlxx_hal_cortex.o
                0x08002984                HAL_SYSTICK_Config
 .text.HAL_DMA_Abort
                0x080029ac       0x6a ./Drivers/STM32WLxx_HAL_Driver/Src/stm32wlxx_hal_dma.o
                0x080029ac                HAL_DMA_Abort
 .text.HAL_DMA_Abort_IT
                0x08002a16       0x6a ./Drivers/STM32WLxx_HAL_Driver/Src/stm32wlxx_hal_dma.o
                0x08002a16                HAL_DMA_Abort_IT
 .text.HAL_GPIO_Init
                0x08002a80      0x158 ./Drivers/STM32WLxx_HAL_Driver/Src/stm32wlxx_hal_gpio.o
                0x08002a80                HAL_GPIO_Init
 .text.HAL_GPIO_ReadPin
                0x08002bd8        0xc ./Drivers/STM32WLxx_HAL_Driver/Src/stm32wlxx_hal_gpio.o
                0x08002bd8                HAL_GPIO_ReadPin
 .text.HAL_GPIO_WritePin
                0x08002be4        0xa ./Drivers/STM32WLxx_HAL_Driver/Src/stm32wlxx_hal_gpio.o
                0x08002be4                HAL_GPIO_WritePin
 .text.HAL_IWDG_Init
                0x08002bee       0x5a ./Drivers/STM32WLxx_HAL_Driver/Src/stm32wlxx_hal_iwdg.o
                0x08002bee                HAL_IWDG_Init
 .text.HAL_IWDG_Refresh
                0x08002c48        0xc ./Drivers/STM32WLxx_HAL_Driver/Src/stm32wlxx_hal_iwdg.o
                0x08002c48                HAL_IWDG_Refresh
 .text.HAL_PWR_EnableBkUpAccess
                0x08002c54       0x10 ./Drivers/STM32WLxx_HAL_Driver/Src/stm32wlxx_hal_pwr.o
                0x08002c54                HAL_PWR_EnableBkUpAccess
 .text.HAL_PWREx_GetVoltageRange
                0x08002c64       0x10 ./Drivers/STM32WLxx_HAL_Driver/Src/stm32wlxx_hal_pwr_ex.o
                0x08002c64                HAL_PWREx_GetVoltageRange
 .text.LL_RCC_HSE_IsReady
                0x08002c74        0xc ./Drivers/STM32WLxx_HAL_Driver/Src/stm32wlxx_hal_rcc.o
 .text.LL_RCC_MSI_IsReady
                0x08002c80        0xc ./Drivers/STM32WLxx_HAL_Driver/Src/stm32wlxx_hal_rcc.o
 .text.LL_RCC_MSI_SetCalibTrimming
                0x08002c8c       0x12 ./Drivers/STM32WLxx_HAL_Driver/Src/stm32wlxx_hal_rcc.o
 .text.LL_RCC_PLL_IsReady
                0x08002c9e        0xc ./Drivers/STM32WLxx_HAL_Driver/Src/stm32wlxx_hal_rcc.o
 *fill*         0x08002caa        0x2 
 .text.RCC_SetFlashLatencyFromMSIRange
                0x08002cac       0xd4 ./Drivers/STM32WLxx_HAL_Driver/Src/stm32wlxx_hal_rcc.o
 .text.HAL_RCC_GetSysClockFreq
                0x08002d80       0xdc ./Drivers/STM32WLxx_HAL_Driver/Src/stm32wlxx_hal_rcc.o
                0x08002d80                HAL_RCC_GetSysClockFreq
 .text.HAL_RCC_GetHCLKFreq
                0x08002e5c       0x20 ./Drivers/STM32WLxx_HAL_Driver/Src/stm32wlxx_hal_rcc.o
                0x08002e5c                HAL_RCC_GetHCLKFreq
 .text.HAL_RCC_OscConfig
                0x08002e7c      0x534 ./Drivers/STM32WLxx_HAL_Driver/Src/stm32wlxx_hal_rcc.o
                0x08002e7c                HAL_RCC_OscConfig
 .text.HAL_RCC_ClockConfig
                0x080033b0      0x1f4 ./Drivers/STM32WLxx_HAL_Driver/Src/stm32wlxx_hal_rcc.o
                0x080033b0                HAL_RCC_ClockConfig
 .text.HAL_RCC_GetPCLK1Freq
                0x080035a4       0x20 ./Drivers/STM32WLxx_HAL_Driver/Src/stm32wlxx_hal_rcc.o
                0x080035a4                HAL_RCC_GetPCLK1Freq
 .text.HAL_RCC_GetPCLK2Freq
                0x080035c4       0x20 ./Drivers/STM32WLxx_HAL_Driver/Src/stm32wlxx_hal_rcc.o
                0x080035c4                HAL_RCC_GetPCLK2Freq
 .text.LL_RCC_LSE_IsReady
                0x080035e4        0xe ./Drivers/STM32WLxx_HAL_Driver/Src/stm32wlxx_hal_rcc_ex.o
 .text.LL_RCC_SetI2CClockSource
                0x080035f2       0x20 ./Drivers/STM32WLxx_HAL_Driver/Src/stm32wlxx_hal_rcc_ex.o
 .text.LL_RCC_SetLPTIMClockSource
                0x08003612       0x1a ./Drivers/STM32WLxx_HAL_Driver/Src/stm32wlxx_hal_rcc_ex.o
 .text.HAL_RCCEx_PeriphCLKConfig
                0x0800362c      0x19c ./Drivers/STM32WLxx_HAL_Driver/Src/stm32wlxx_hal_rcc_ex.o
                0x0800362c                HAL_RCCEx_PeriphCLKConfig
 .text.HAL_RTC_WaitForSynchro
                0x080037c8       0x30 ./Drivers/STM32WLxx_HAL_Driver/Src/stm32wlxx_hal_rtc.o
                0x080037c8                HAL_RTC_WaitForSynchro
 .text.RTC_EnterInitMode
                0x080037f8       0x4c ./Drivers/STM32WLxx_HAL_Driver/Src/stm32wlxx_hal_rtc.o
                0x080037f8                RTC_EnterInitMode
 .text.RTC_ExitInitMode
                0x08003844       0x44 ./Drivers/STM32WLxx_HAL_Driver/Src/stm32wlxx_hal_rtc.o
                0x08003844                RTC_ExitInitMode
 .text.HAL_RTC_Init
                0x08003888       0xa8 ./Drivers/STM32WLxx_HAL_Driver/Src/stm32wlxx_hal_rtc.o
                0x08003888                HAL_RTC_Init
 .text.LL_PWR_UnselectSUBGHZSPI_NSS
                0x08003930       0x14 ./Drivers/STM32WLxx_HAL_Driver/Src/stm32wlxx_hal_subghz.o
 .text.LL_PWR_SelectSUBGHZSPI_NSS
                0x08003944       0x14 ./Drivers/STM32WLxx_HAL_Driver/Src/stm32wlxx_hal_subghz.o
 .text.SUBGHZSPI_Init
                0x08003958       0x24 ./Drivers/STM32WLxx_HAL_Driver/Src/stm32wlxx_hal_subghz.o
                0x08003958                SUBGHZSPI_Init
 .text.HAL_SUBGHZ_Init
                0x0800397c      0x114 ./Drivers/STM32WLxx_HAL_Driver/Src/stm32wlxx_hal_subghz.o
                0x0800397c                HAL_SUBGHZ_Init
 .text.SUBGHZSPI_Transmit
                0x08003a90       0x68 ./Drivers/STM32WLxx_HAL_Driver/Src/stm32wlxx_hal_subghz.o
                0x08003a90                SUBGHZSPI_Transmit
 .text.SUBGHZSPI_Receive
                0x08003af8       0x6c ./Drivers/STM32WLxx_HAL_Driver/Src/stm32wlxx_hal_subghz.o
                0x08003af8                SUBGHZSPI_Receive
 .text.SUBGHZ_WaitOnBusy
                0x08003b64       0x44 ./Drivers/STM32WLxx_HAL_Driver/Src/stm32wlxx_hal_subghz.o
                0x08003b64                SUBGHZ_WaitOnBusy
 .text.SUBGHZ_CheckDeviceReady
                0x08003ba8       0x38 ./Drivers/STM32WLxx_HAL_Driver/Src/stm32wlxx_hal_subghz.o
                0x08003ba8                SUBGHZ_CheckDeviceReady
 .text.HAL_SUBGHZ_WriteRegisters
                0x08003be0       0x72 ./Drivers/STM32WLxx_HAL_Driver/Src/stm32wlxx_hal_subghz.o
                0x08003be0                HAL_SUBGHZ_WriteRegisters
 .text.HAL_SUBGHZ_ReadRegisters
                0x08003c52       0x76 ./Drivers/STM32WLxx_HAL_Driver/Src/stm32wlxx_hal_subghz.o
                0x08003c52                HAL_SUBGHZ_ReadRegisters
 .text.HAL_SUBGHZ_ExecSetCmd
                0x08003cc8       0x70 ./Drivers/STM32WLxx_HAL_Driver/Src/stm32wlxx_hal_subghz.o
                0x08003cc8                HAL_SUBGHZ_ExecSetCmd
 .text.HAL_SUBGHZ_ExecGetCmd
                0x08003d38       0x66 ./Drivers/STM32WLxx_HAL_Driver/Src/stm32wlxx_hal_subghz.o
                0x08003d38                HAL_SUBGHZ_ExecGetCmd
 .text.HAL_SUBGHZ_IRQHandler
                0x08003d9e       0xa2 ./Drivers/STM32WLxx_HAL_Driver/Src/stm32wlxx_hal_subghz.o
                0x08003d9e                HAL_SUBGHZ_IRQHandler
 .text.HAL_SUBGHZ_WriteBuffer
                0x08003e40       0x66 ./Drivers/STM32WLxx_HAL_Driver/Src/stm32wlxx_hal_subghz.o
                0x08003e40                HAL_SUBGHZ_WriteBuffer
 .text.HAL_SUBGHZ_ReadBuffer
                0x08003ea6       0x6e ./Drivers/STM32WLxx_HAL_Driver/Src/stm32wlxx_hal_subghz.o
                0x08003ea6                HAL_SUBGHZ_ReadBuffer
 .text.HAL_UARTEx_RxEventCallback
                0x08003f14        0x2 ./Drivers/STM32WLxx_HAL_Driver/Src/stm32wlxx_hal_uart.o
                0x08003f14                HAL_UARTEx_RxEventCallback
 *fill*         0x08003f16        0x2 
 .text.UART_EndRxTransfer
                0x08003f18       0x58 ./Drivers/STM32WLxx_HAL_Driver/Src/stm32wlxx_hal_uart.o
 .text.UART_DMAAbortOnError
                0x08003f70       0x12 ./Drivers/STM32WLxx_HAL_Driver/Src/stm32wlxx_hal_uart.o
 *fill*         0x08003f82        0x2 
 .text.UART_RxISR_8BIT
                0x08003f84       0xc8 ./Drivers/STM32WLxx_HAL_Driver/Src/stm32wlxx_hal_uart.o
 .text.UART_RxISR_8BIT_FIFOEN
                0x0800404c      0x1ac ./Drivers/STM32WLxx_HAL_Driver/Src/stm32wlxx_hal_uart.o
 .text.UART_RxISR_16BIT_FIFOEN
                0x080041f8      0x1a8 ./Drivers/STM32WLxx_HAL_Driver/Src/stm32wlxx_hal_uart.o
 .text.UART_RxISR_16BIT
                0x080043a0       0xc4 ./Drivers/STM32WLxx_HAL_Driver/Src/stm32wlxx_hal_uart.o
 .text.HAL_UART_AbortReceiveCpltCallback
                0x08004464        0x2 ./Drivers/STM32WLxx_HAL_Driver/Src/stm32wlxx_hal_uart.o
                0x08004464                HAL_UART_AbortReceiveCpltCallback
 .text.HAL_UART_TxCpltCallback
                0x08004466        0x2 ./Drivers/STM32WLxx_HAL_Driver/Src/stm32wlxx_hal_uart.o
                0x08004466                HAL_UART_TxCpltCallback
 .text.HAL_UART_TxHalfCpltCallback
                0x08004468        0x2 ./Drivers/STM32WLxx_HAL_Driver/Src/stm32wlxx_hal_uart.o
                0x08004468                HAL_UART_TxHalfCpltCallback
 .text.HAL_UART_RxCpltCallback
                0x0800446a        0x2 ./Drivers/STM32WLxx_HAL_Driver/Src/stm32wlxx_hal_uart.o
                0x0800446a                HAL_UART_RxCpltCallback
 .text.HAL_UART_RxHalfCpltCallback
                0x0800446c        0x2 ./Drivers/STM32WLxx_HAL_Driver/Src/stm32wlxx_hal_uart.o
                0x0800446c                HAL_UART_RxHalfCpltCallback
 .text.HAL_UART_ErrorCallback
                0x0800446e        0x2 ./Drivers/STM32WLxx_HAL_Driver/Src/stm32wlxx_hal_uart.o
                0x0800446e                HAL_UART_ErrorCallback
 .text.HAL_UART_AbortCpltCallback
                0x08004470        0x2 ./Drivers/STM32WLxx_HAL_Driver/Src/stm32wlxx_hal_uart.o
                0x08004470                HAL_UART_AbortCpltCallback
 .text.HAL_UART_AbortTransmitCpltCallback
                0x08004472        0x2 ./Drivers/STM32WLxx_HAL_Driver/Src/stm32wlxx_hal_uart.o
                0x08004472                HAL_UART_AbortTransmitCpltCallback
 .text.HAL_UART_IRQHandler
                0x08004474      0x2fc ./Drivers/STM32WLxx_HAL_Driver/Src/stm32wlxx_hal_uart.o
                0x08004474                HAL_UART_IRQHandler
 .text.UART_InitCallbacksToDefault
                0x08004770       0x7c ./Drivers/STM32WLxx_HAL_Driver/Src/stm32wlxx_hal_uart.o
                0x08004770                UART_InitCallbacksToDefault
 .text.UART_SetConfig
                0x080047ec      0x214 ./Drivers/STM32WLxx_HAL_Driver/Src/stm32wlxx_hal_uart.o
                0x080047ec                UART_SetConfig
 .text.UART_AdvFeatureConfig
                0x08004a00       0xa8 ./Drivers/STM32WLxx_HAL_Driver/Src/stm32wlxx_hal_uart.o
                0x08004a00                UART_AdvFeatureConfig
 .text.UART_WaitOnFlagUntilTimeout
                0x08004aa8       0xd0 ./Drivers/STM32WLxx_HAL_Driver/Src/stm32wlxx_hal_uart.o
                0x08004aa8                UART_WaitOnFlagUntilTimeout
 .text.HAL_UART_Transmit
                0x08004b78       0xa4 ./Drivers/STM32WLxx_HAL_Driver/Src/stm32wlxx_hal_uart.o
                0x08004b78                HAL_UART_Transmit
 .text.UART_CheckIdleState
                0x08004c1c       0x6a ./Drivers/STM32WLxx_HAL_Driver/Src/stm32wlxx_hal_uart.o
                0x08004c1c                UART_CheckIdleState
 *fill*         0x08004c86        0x2 
 .text.HAL_UART_Init
                0x08004c88       0x7c ./Drivers/STM32WLxx_HAL_Driver/Src/stm32wlxx_hal_uart.o
                0x08004c88                HAL_UART_Init
 .text.UART_Start_Receive_IT
                0x08004d04      0x114 ./Drivers/STM32WLxx_HAL_Driver/Src/stm32wlxx_hal_uart.o
                0x08004d04                UART_Start_Receive_IT
 .text.HAL_UART_Receive_IT
                0x08004e18       0x44 ./Drivers/STM32WLxx_HAL_Driver/Src/stm32wlxx_hal_uart.o
                0x08004e18                HAL_UART_Receive_IT
 .text.UARTEx_SetNbDataToProcess
                0x08004e5c       0x44 ./Drivers/STM32WLxx_HAL_Driver/Src/stm32wlxx_hal_uart_ex.o
 .text.HAL_UARTEx_WakeupCallback
                0x08004ea0        0x2 ./Drivers/STM32WLxx_HAL_Driver/Src/stm32wlxx_hal_uart_ex.o
                0x08004ea0                HAL_UARTEx_WakeupCallback
 .text.HAL_UARTEx_RxFifoFullCallback
                0x08004ea2        0x2 ./Drivers/STM32WLxx_HAL_Driver/Src/stm32wlxx_hal_uart_ex.o
                0x08004ea2                HAL_UARTEx_RxFifoFullCallback
 .text.HAL_UARTEx_TxFifoEmptyCallback
                0x08004ea4        0x2 ./Drivers/STM32WLxx_HAL_Driver/Src/stm32wlxx_hal_uart_ex.o
                0x08004ea4                HAL_UARTEx_TxFifoEmptyCallback
 .text.HAL_UARTEx_DisableFifoMode
                0x08004ea6       0x36 ./Drivers/STM32WLxx_HAL_Driver/Src/stm32wlxx_hal_uart_ex.o
                0x08004ea6                HAL_UARTEx_DisableFifoMode
 .text.HAL_UARTEx_SetTxFifoThreshold
                0x08004edc       0x40 ./Drivers/STM32WLxx_HAL_Driver/Src/stm32wlxx_hal_uart_ex.o
                0x08004edc                HAL_UARTEx_SetTxFifoThreshold
 .text.HAL_UARTEx_SetRxFifoThreshold
                0x08004f1c       0x40 ./Drivers/STM32WLxx_HAL_Driver/Src/stm32wlxx_hal_uart_ex.o
                0x08004f1c                HAL_UARTEx_SetRxFifoThreshold
 .text.RadioCheckRfFrequency
                0x08004f5c        0x4 ./Middlewares/Third_Party/SubGHz_Phy/stm32_radio_driver/radio.o
 .text.RadioOnTxTimeoutIrq
                0x08004f60       0x14 ./Middlewares/Third_Party/SubGHz_Phy/stm32_radio_driver/radio.o
 .text.RadioOnRxTimeoutIrq
                0x08004f74       0x14 ./Middlewares/Third_Party/SubGHz_Phy/stm32_radio_driver/radio.o
 .text.RadioLrFhssSetCfg
                0x08004f88        0x4 ./Middlewares/Third_Party/SubGHz_Phy/stm32_radio_driver/radio.o
 .text.RadioLrFhssGetTimeOnAirInMs
                0x08004f8c        0x4 ./Middlewares/Third_Party/SubGHz_Phy/stm32_radio_driver/radio.o
 .text.RadioRead
                0x08004f90        0x4 ./Middlewares/Third_Party/SubGHz_Phy/stm32_radio_driver/radio.o
 .text.RadioWrite
                0x08004f94        0x4 ./Middlewares/Third_Party/SubGHz_Phy/stm32_radio_driver/radio.o
 .text.RadioTxCw
                0x08004f98       0x22 ./Middlewares/Third_Party/SubGHz_Phy/stm32_radio_driver/radio.o
 *fill*         0x08004fba        0x2 
 .text.RadioSetRxDutyCycle
                0x08004fbc       0x38 ./Middlewares/Third_Party/SubGHz_Phy/stm32_radio_driver/radio.o
 .text.RadioRxBoosted
                0x08004ff4       0x5c ./Middlewares/Third_Party/SubGHz_Phy/stm32_radio_driver/radio.o
 .text.RadioStandby
                0x08005050        0x6 ./Middlewares/Third_Party/SubGHz_Phy/stm32_radio_driver/radio.o
 *fill*         0x08005056        0x2 
 .text.RadioGetStatus
                0x08005058       0x1c ./Middlewares/Third_Party/SubGHz_Phy/stm32_radio_driver/radio.o
 .text.RadioGetWakeupTime
                0x08005074        0xa ./Middlewares/Third_Party/SubGHz_Phy/stm32_radio_driver/radio.o
 .text.RadioReadRegisters
                0x0800507e        0x4 ./Middlewares/Third_Party/SubGHz_Phy/stm32_radio_driver/radio.o
 .text.RadioWriteRegisters
                0x08005082        0x4 ./Middlewares/Third_Party/SubGHz_Phy/stm32_radio_driver/radio.o
 .text.RadioRssi
                0x08005086        0x8 ./Middlewares/Third_Party/SubGHz_Phy/stm32_radio_driver/radio.o
 *fill*         0x0800508e        0x2 
 .text.RadioSetTxContinuousWave
                0x08005090       0x44 ./Middlewares/Third_Party/SubGHz_Phy/stm32_radio_driver/radio.o
 .text.RadioSetChannel
                0x080050d4        0x4 ./Middlewares/Third_Party/SubGHz_Phy/stm32_radio_driver/radio.o
 .text.RadioStartCad
                0x080050d8       0x28 ./Middlewares/Third_Party/SubGHz_Phy/stm32_radio_driver/radio.o
 .text.RadioRx  0x08005100       0x5c ./Middlewares/Third_Party/SubGHz_Phy/stm32_radio_driver/radio.o
 .text.RadioSleep
                0x0800515c       0x14 ./Middlewares/Third_Party/SubGHz_Phy/stm32_radio_driver/radio.o
 .text.RadioRandom
                0x08005170       0x16 ./Middlewares/Third_Party/SubGHz_Phy/stm32_radio_driver/radio.o
 *fill*         0x08005186        0x2 
 .text.RadioInit
                0x08005188       0x94 ./Middlewares/Third_Party/SubGHz_Phy/stm32_radio_driver/radio.o
 .text.RadioSetMaxPayloadLength
                0x0800521c       0x2c ./Middlewares/Third_Party/SubGHz_Phy/stm32_radio_driver/radio.o
 .text.RadioSetPublicNetwork
                0x08005248       0x3c ./Middlewares/Third_Party/SubGHz_Phy/stm32_radio_driver/radio.o
 .text.RadioSetModem
                0x08005284       0x4c ./Middlewares/Third_Party/SubGHz_Phy/stm32_radio_driver/radio.o
 .text.RadioSetTxGenericConfig
                0x080052d0      0x278 ./Middlewares/Third_Party/SubGHz_Phy/stm32_radio_driver/radio.o
 .text.RadioSetRxGenericConfig
                0x08005548      0x1f8 ./Middlewares/Third_Party/SubGHz_Phy/stm32_radio_driver/radio.o
 .text.RadioSetTxConfig
                0x08005740      0x188 ./Middlewares/Third_Party/SubGHz_Phy/stm32_radio_driver/radio.o
 .text.RadioSetRxConfig
                0x080058c8      0x2d4 ./Middlewares/Third_Party/SubGHz_Phy/stm32_radio_driver/radio.o
 .text.RadioIsChannelFree
                0x08005b9c       0x7a ./Middlewares/Third_Party/SubGHz_Phy/stm32_radio_driver/radio.o
 *fill*         0x08005c16        0x2 
 .text.RadioSend
                0x08005c18      0x1a4 ./Middlewares/Third_Party/SubGHz_Phy/stm32_radio_driver/radio.o
 .text.RadioTimeOnAir
                0x08005dbc       0xec ./Middlewares/Third_Party/SubGHz_Phy/stm32_radio_driver/radio.o
 .text.RadioTxPrbs
                0x08005ea8       0x30 ./Middlewares/Third_Party/SubGHz_Phy/stm32_radio_driver/radio.o
 .text.RadioIrqProcess
                0x08005ed8      0x230 ./Middlewares/Third_Party/SubGHz_Phy/stm32_radio_driver/radio.o
 .text.RadioOnDioIrq
                0x08006108       0x10 ./Middlewares/Third_Party/SubGHz_Phy/stm32_radio_driver/radio.o
 .text.SUBGRF_GetOperatingMode
                0x08006118        0xc ./Middlewares/Third_Party/SubGHz_Phy/stm32_radio_driver/radio_driver.o
                0x08006118                SUBGRF_GetOperatingMode
 .text.SUBGRF_WriteRegister
                0x08006124       0x28 ./Middlewares/Third_Party/SubGHz_Phy/stm32_radio_driver/radio_driver.o
                0x08006124                SUBGRF_WriteRegister
 .text.SUBGRF_ReadRegister
                0x0800614c       0x28 ./Middlewares/Third_Party/SubGHz_Phy/stm32_radio_driver/radio_driver.o
                0x0800614c                SUBGRF_ReadRegister
 .text.Radio_SMPS_Set
                0x08006174       0x28 ./Middlewares/Third_Party/SubGHz_Phy/stm32_radio_driver/radio_driver.o
 .text.SUBGRF_SetWhiteningSeed
                0x0800619c       0x38 ./Middlewares/Third_Party/SubGHz_Phy/stm32_radio_driver/radio_driver.o
                0x0800619c                SUBGRF_SetWhiteningSeed
 .text.SUBGRF_WriteRegisters
                0x080061d4       0x20 ./Middlewares/Third_Party/SubGHz_Phy/stm32_radio_driver/radio_driver.o
                0x080061d4                SUBGRF_WriteRegisters
 .text.SUBGRF_SetSyncWord
                0x080061f4       0x12 ./Middlewares/Third_Party/SubGHz_Phy/stm32_radio_driver/radio_driver.o
                0x080061f4                SUBGRF_SetSyncWord
 *fill*         0x08006206        0x2 
 .text.SUBGRF_SetCrcSeed
                0x08006208       0x24 ./Middlewares/Third_Party/SubGHz_Phy/stm32_radio_driver/radio_driver.o
                0x08006208                SUBGRF_SetCrcSeed
 .text.SUBGRF_SetCrcPolynomial
                0x0800622c       0x24 ./Middlewares/Third_Party/SubGHz_Phy/stm32_radio_driver/radio_driver.o
                0x0800622c                SUBGRF_SetCrcPolynomial
 .text.SUBGRF_ReadRegisters
                0x08006250       0x20 ./Middlewares/Third_Party/SubGHz_Phy/stm32_radio_driver/radio_driver.o
                0x08006250                SUBGRF_ReadRegisters
 .text.SUBGRF_WriteBuffer
                0x08006270       0x20 ./Middlewares/Third_Party/SubGHz_Phy/stm32_radio_driver/radio_driver.o
                0x08006270                SUBGRF_WriteBuffer
 .text.SUBGRF_SetPayload
                0x08006290        0xa ./Middlewares/Third_Party/SubGHz_Phy/stm32_radio_driver/radio_driver.o
                0x08006290                SUBGRF_SetPayload
 *fill*         0x0800629a        0x2 
 .text.SUBGRF_ReadBuffer
                0x0800629c       0x20 ./Middlewares/Third_Party/SubGHz_Phy/stm32_radio_driver/radio_driver.o
                0x0800629c                SUBGRF_ReadBuffer
 .text.SUBGRF_WriteCommand
                0x080062bc       0x20 ./Middlewares/Third_Party/SubGHz_Phy/stm32_radio_driver/radio_driver.o
                0x080062bc                SUBGRF_WriteCommand
 .text.SUBGRF_SetSleep
                0x080062dc       0x44 ./Middlewares/Third_Party/SubGHz_Phy/stm32_radio_driver/radio_driver.o
                0x080062dc                SUBGRF_SetSleep
 .text.SUBGRF_SetStandby
                0x08006320       0x2c ./Middlewares/Third_Party/SubGHz_Phy/stm32_radio_driver/radio_driver.o
                0x08006320                SUBGRF_SetStandby
 .text.SUBGRF_SetTx
                0x0800634c       0x2c ./Middlewares/Third_Party/SubGHz_Phy/stm32_radio_driver/radio_driver.o
                0x0800634c                SUBGRF_SetTx
 .text.SUBGRF_SendPayload
                0x08006378       0x12 ./Middlewares/Third_Party/SubGHz_Phy/stm32_radio_driver/radio_driver.o
                0x08006378                SUBGRF_SendPayload
 *fill*         0x0800638a        0x2 
 .text.SUBGRF_SetRx
                0x0800638c       0x2c ./Middlewares/Third_Party/SubGHz_Phy/stm32_radio_driver/radio_driver.o
                0x0800638c                SUBGRF_SetRx
 .text.SUBGRF_GetRandom
                0x080063b8       0x68 ./Middlewares/Third_Party/SubGHz_Phy/stm32_radio_driver/radio_driver.o
                0x080063b8                SUBGRF_GetRandom
 .text.SUBGRF_SetRxBoosted
                0x08006420       0x38 ./Middlewares/Third_Party/SubGHz_Phy/stm32_radio_driver/radio_driver.o
                0x08006420                SUBGRF_SetRxBoosted
 .text.SUBGRF_SetRxDutyCycle
                0x08006458       0x38 ./Middlewares/Third_Party/SubGHz_Phy/stm32_radio_driver/radio_driver.o
                0x08006458                SUBGRF_SetRxDutyCycle
 .text.SUBGRF_SetCad
                0x08006490       0x18 ./Middlewares/Third_Party/SubGHz_Phy/stm32_radio_driver/radio_driver.o
                0x08006490                SUBGRF_SetCad
 .text.SUBGRF_SetTxContinuousWave
                0x080064a8        0xa ./Middlewares/Third_Party/SubGHz_Phy/stm32_radio_driver/radio_driver.o
                0x080064a8                SUBGRF_SetTxContinuousWave
 .text.SUBGRF_SetTxInfinitePreamble
                0x080064b2        0xa ./Middlewares/Third_Party/SubGHz_Phy/stm32_radio_driver/radio_driver.o
                0x080064b2                SUBGRF_SetTxInfinitePreamble
 .text.SUBGRF_SetStopRxTimerOnPreambleDetect
                0x080064bc       0x18 ./Middlewares/Third_Party/SubGHz_Phy/stm32_radio_driver/radio_driver.o
                0x080064bc                SUBGRF_SetStopRxTimerOnPreambleDetect
 .text.SUBGRF_SetLoRaSymbNumTimeout
                0x080064d4       0x30 ./Middlewares/Third_Party/SubGHz_Phy/stm32_radio_driver/radio_driver.o
                0x080064d4                SUBGRF_SetLoRaSymbNumTimeout
 .text.SUBGRF_SetRegulatorMode
                0x08006504       0x1e ./Middlewares/Third_Party/SubGHz_Phy/stm32_radio_driver/radio_driver.o
                0x08006504                SUBGRF_SetRegulatorMode
 .text.SUBGRF_Calibrate
                0x08006522       0x42 ./Middlewares/Third_Party/SubGHz_Phy/stm32_radio_driver/radio_driver.o
                0x08006522                SUBGRF_Calibrate
 .text.SUBGRF_CalibrateImage
                0x08006564       0x6c ./Middlewares/Third_Party/SubGHz_Phy/stm32_radio_driver/radio_driver.o
                0x08006564                SUBGRF_CalibrateImage
 .text.SUBGRF_SetPaConfig
                0x080065d0       0x24 ./Middlewares/Third_Party/SubGHz_Phy/stm32_radio_driver/radio_driver.o
                0x080065d0                SUBGRF_SetPaConfig
 .text.SUBGRF_SetDioIrqParams
                0x080065f4       0x2a ./Middlewares/Third_Party/SubGHz_Phy/stm32_radio_driver/radio_driver.o
                0x080065f4                SUBGRF_SetDioIrqParams
 .text.SUBGRF_SetTcxoMode
                0x0800661e       0x28 ./Middlewares/Third_Party/SubGHz_Phy/stm32_radio_driver/radio_driver.o
                0x0800661e                SUBGRF_SetTcxoMode
 *fill*         0x08006646        0x2 
 .text.SUBGRF_Init
                0x08006648       0x78 ./Middlewares/Third_Party/SubGHz_Phy/stm32_radio_driver/radio_driver.o
                0x08006648                SUBGRF_Init
 .text.SUBGRF_SetRfFrequency
                0x080066c0       0x3c ./Middlewares/Third_Party/SubGHz_Phy/stm32_radio_driver/radio_driver.o
                0x080066c0                SUBGRF_SetRfFrequency
 .text.SUBGRF_SetPacketType
                0x080066fc       0x2c ./Middlewares/Third_Party/SubGHz_Phy/stm32_radio_driver/radio_driver.o
                0x080066fc                SUBGRF_SetPacketType
 .text.SUBGRF_SetTxParams
                0x08006728       0xf4 ./Middlewares/Third_Party/SubGHz_Phy/stm32_radio_driver/radio_driver.o
                0x08006728                SUBGRF_SetTxParams
 .text.SUBGRF_SetModulationParams
                0x0800681c       0xd0 ./Middlewares/Third_Party/SubGHz_Phy/stm32_radio_driver/radio_driver.o
                0x0800681c                SUBGRF_SetModulationParams
 .text.SUBGRF_SetPacketParams
                0x080068ec       0xc0 ./Middlewares/Third_Party/SubGHz_Phy/stm32_radio_driver/radio_driver.o
                0x080068ec                SUBGRF_SetPacketParams
 .text.SUBGRF_SetBufferBaseAddress
                0x080069ac       0x1a ./Middlewares/Third_Party/SubGHz_Phy/stm32_radio_driver/radio_driver.o
                0x080069ac                SUBGRF_SetBufferBaseAddress
 *fill*         0x080069c6        0x2 
 .text.SUBGRF_ReadCommand
                0x080069c8       0x20 ./Middlewares/Third_Party/SubGHz_Phy/stm32_radio_driver/radio_driver.o
                0x080069c8                SUBGRF_ReadCommand
 .text.SUBGRF_GetRssiInst
                0x080069e8       0x1a ./Middlewares/Third_Party/SubGHz_Phy/stm32_radio_driver/radio_driver.o
                0x080069e8                SUBGRF_GetRssiInst
 *fill*         0x08006a02        0x2 
 .text.SUBGRF_GetRxBufferStatus
                0x08006a04       0x44 ./Middlewares/Third_Party/SubGHz_Phy/stm32_radio_driver/radio_driver.o
                0x08006a04                SUBGRF_GetRxBufferStatus
 .text.SUBGRF_GetPayload
                0x08006a48       0x2c ./Middlewares/Third_Party/SubGHz_Phy/stm32_radio_driver/radio_driver.o
                0x08006a48                SUBGRF_GetPayload
 .text.SUBGRF_GetPacketStatus
                0x08006a74       0x78 ./Middlewares/Third_Party/SubGHz_Phy/stm32_radio_driver/radio_driver.o
                0x08006a74                SUBGRF_GetPacketStatus
 .text.SUBGRF_SetSwitch
                0x08006aec       0x28 ./Middlewares/Third_Party/SubGHz_Phy/stm32_radio_driver/radio_driver.o
                0x08006aec                SUBGRF_SetSwitch
 .text.SUBGRF_SetRfTxPower
                0x08006b14       0x2a ./Middlewares/Third_Party/SubGHz_Phy/stm32_radio_driver/radio_driver.o
                0x08006b14                SUBGRF_SetRfTxPower
 .text.SUBGRF_GetRadioWakeUpTime
                0x08006b3e        0x4 ./Middlewares/Third_Party/SubGHz_Phy/stm32_radio_driver/radio_driver.o
                0x08006b3e                SUBGRF_GetRadioWakeUpTime
 *fill*         0x08006b42        0x2 
 .text.HAL_SUBGHZ_TxCpltCallback
                0x08006b44        0xc ./Middlewares/Third_Party/SubGHz_Phy/stm32_radio_driver/radio_driver.o
                0x08006b44                HAL_SUBGHZ_TxCpltCallback
 .text.HAL_SUBGHZ_RxCpltCallback
                0x08006b50        0xc ./Middlewares/Third_Party/SubGHz_Phy/stm32_radio_driver/radio_driver.o
                0x08006b50                HAL_SUBGHZ_RxCpltCallback
 .text.HAL_SUBGHZ_CRCErrorCallback
                0x08006b5c        0xc ./Middlewares/Third_Party/SubGHz_Phy/stm32_radio_driver/radio_driver.o
                0x08006b5c                HAL_SUBGHZ_CRCErrorCallback
 .text.HAL_SUBGHZ_CADStatusCallback
                0x08006b68       0x20 ./Middlewares/Third_Party/SubGHz_Phy/stm32_radio_driver/radio_driver.o
                0x08006b68                HAL_SUBGHZ_CADStatusCallback
 .text.HAL_SUBGHZ_RxTxTimeoutCallback
                0x08006b88       0x10 ./Middlewares/Third_Party/SubGHz_Phy/stm32_radio_driver/radio_driver.o
                0x08006b88                HAL_SUBGHZ_RxTxTimeoutCallback
 .text.HAL_SUBGHZ_HeaderErrorCallback
                0x08006b98        0xc ./Middlewares/Third_Party/SubGHz_Phy/stm32_radio_driver/radio_driver.o
                0x08006b98                HAL_SUBGHZ_HeaderErrorCallback
 .text.HAL_SUBGHZ_PreambleDetectedCallback
                0x08006ba4        0xc ./Middlewares/Third_Party/SubGHz_Phy/stm32_radio_driver/radio_driver.o
                0x08006ba4                HAL_SUBGHZ_PreambleDetectedCallback
 .text.HAL_SUBGHZ_SyncWordValidCallback
                0x08006bb0        0xc ./Middlewares/Third_Party/SubGHz_Phy/stm32_radio_driver/radio_driver.o
                0x08006bb0                HAL_SUBGHZ_SyncWordValidCallback
 .text.HAL_SUBGHZ_HeaderValidCallback
                0x08006bbc        0xc ./Middlewares/Third_Party/SubGHz_Phy/stm32_radio_driver/radio_driver.o
                0x08006bbc                HAL_SUBGHZ_HeaderValidCallback
 .text.HAL_SUBGHZ_LrFhssHopCallback
                0x08006bc8       0x10 ./Middlewares/Third_Party/SubGHz_Phy/stm32_radio_driver/radio_driver.o
                0x08006bc8                HAL_SUBGHZ_LrFhssHopCallback
 .text.SUBGRF_GetFskBandwidthRegValue
                0x08006bd8       0x28 ./Middlewares/Third_Party/SubGHz_Phy/stm32_radio_driver/radio_driver.o
                0x08006bd8                SUBGRF_GetFskBandwidthRegValue
 .text.SUBGRF_GetCFO
                0x08006c00       0x80 ./Middlewares/Third_Party/SubGHz_Phy/stm32_radio_driver/radio_driver.o
                0x08006c00                SUBGRF_GetCFO
 .text.RFW_TransmitLongPacket
                0x08006c80        0x6 ./Middlewares/Third_Party/SubGHz_Phy/stm32_radio_driver/radio_fw.o
                0x08006c80                RFW_TransmitLongPacket
 .text.RFW_ReceiveLongPacket
                0x08006c86        0x6 ./Middlewares/Third_Party/SubGHz_Phy/stm32_radio_driver/radio_fw.o
                0x08006c86                RFW_ReceiveLongPacket
 .text.RFW_Init
                0x08006c8c        0x6 ./Middlewares/Third_Party/SubGHz_Phy/stm32_radio_driver/radio_fw.o
                0x08006c8c                RFW_Init
 .text.RFW_DeInit
                0x08006c92        0x2 ./Middlewares/Third_Party/SubGHz_Phy/stm32_radio_driver/radio_fw.o
                0x08006c92                RFW_DeInit
 .text.RFW_Is_Init
                0x08006c94        0x4 ./Middlewares/Third_Party/SubGHz_Phy/stm32_radio_driver/radio_fw.o
                0x08006c94                RFW_Is_Init
 .text.RFW_Is_LongPacketModeEnabled
                0x08006c98        0x4 ./Middlewares/Third_Party/SubGHz_Phy/stm32_radio_driver/radio_fw.o
                0x08006c98                RFW_Is_LongPacketModeEnabled
 .text.RFW_SetAntSwitch
                0x08006c9c        0x2 ./Middlewares/Third_Party/SubGHz_Phy/stm32_radio_driver/radio_fw.o
                0x08006c9c                RFW_SetAntSwitch
 .text.RFW_TransmitInit
                0x08006c9e        0x6 ./Middlewares/Third_Party/SubGHz_Phy/stm32_radio_driver/radio_fw.o
                0x08006c9e                RFW_TransmitInit
 .text.RFW_ReceiveInit
                0x08006ca4        0x6 ./Middlewares/Third_Party/SubGHz_Phy/stm32_radio_driver/radio_fw.o
                0x08006ca4                RFW_ReceiveInit
 .text.RFW_DeInit_TxLongPacket
                0x08006caa        0x2 ./Middlewares/Third_Party/SubGHz_Phy/stm32_radio_driver/radio_fw.o
                0x08006caa                RFW_DeInit_TxLongPacket
 .text.RFW_ReceivePayload
                0x08006cac        0x2 ./Middlewares/Third_Party/SubGHz_Phy/stm32_radio_driver/radio_fw.o
                0x08006cac                RFW_ReceivePayload
 .text.RFW_SetRadioModem
                0x08006cae        0x2 ./Middlewares/Third_Party/SubGHz_Phy/stm32_radio_driver/radio_fw.o
                0x08006cae                RFW_SetRadioModem
 .text.MX_SubGHz_Phy_Init
                0x08006cb0        0xe ./SubGHz_Phy/App/app_subghz_phy.o
                0x08006cb0                MX_SubGHz_Phy_Init
 .text.MX_SubGHz_Phy_Process
                0x08006cbe        0x2 ./SubGHz_Phy/App/app_subghz_phy.o
                0x08006cbe                MX_SubGHz_Phy_Process
 .text.SubGHz_Phy_Timeout
                0x08006cc0        0x4 ./SubGHz_Phy/App/app_subghz_phy.o
                0x08006cc0                SubGHz_Phy_Timeout
 .text.OnTxTimeout
                0x08006cc4       0x2a ./SubGHz_Phy/App/subghz_phy_app.o
 *fill*         0x08006cee        0x2 
 .text.SubghzApp_RxProcess
                0x08006cf0       0x78 ./SubGHz_Phy/App/subghz_phy_app.o
                0x08006cf0                SubghzApp_RxProcess
 .text.SubghzApp_Rx
                0x08006d68       0x20 ./SubGHz_Phy/App/subghz_phy_app.o
                0x08006d68                SubghzApp_Rx
 .text.SubghzApp_Init
                0x08006d88      0x134 ./SubGHz_Phy/App/subghz_phy_app.o
                0x08006d88                SubghzApp_Init
 .text.OnRxError
                0x08006ebc       0x2e ./SubGHz_Phy/App/subghz_phy_app.o
 .text.OnRxTimeout
                0x08006eea        0x4 ./SubGHz_Phy/App/subghz_phy_app.o
 .text.OnTxDone
                0x08006eee       0x2e ./SubGHz_Phy/App/subghz_phy_app.o
 .text.SubghzApp_Tx
                0x08006f1c       0x3c ./SubGHz_Phy/App/subghz_phy_app.o
                0x08006f1c                SubghzApp_Tx
 .text.SubghzApp_TxProcess
                0x08006f58       0xec ./SubGHz_Phy/App/subghz_phy_app.o
                0x08006f58                SubghzApp_TxProcess
 .text.SubghzApp_Event
                0x08007044       0x14 ./SubGHz_Phy/App/subghz_phy_app.o
                0x08007044                SubghzApp_Event
 .text.SubghzApp_UART_RxDone
                0x08007058       0x50 ./SubGHz_Phy/App/subghz_phy_app.o
                0x08007058                SubghzApp_UART_RxDone
 .text.SubghzApp_ValueError
                0x080070a8      0x114 ./SubGHz_Phy/App/subghz_phy_app.o
                0x080070a8                SubghzApp_ValueError
 .text.OnRxDone
                0x080071bc      0x28c ./SubGHz_Phy/App/subghz_phy_app.o
 .text.SubghzApp_Timeout
                0x08007448       0xe0 ./SubGHz_Phy/App/subghz_phy_app.o
                0x08007448                SubghzApp_Timeout
 .text.RBI_Init
                0x08007528        0x4 ./SubGHz_Phy/Target/radio_board_if.o
                0x08007528                RBI_Init
 .text.RBI_ConfigRFSwitch
                0x0800752c       0x18 ./SubGHz_Phy/Target/radio_board_if.o
                0x0800752c                RBI_ConfigRFSwitch
 .text.RBI_GetTxConfig
                0x08007544        0x4 ./SubGHz_Phy/Target/radio_board_if.o
                0x08007544                RBI_GetTxConfig
 .text.RBI_IsTCXO
                0x08007548        0x4 ./SubGHz_Phy/Target/radio_board_if.o
                0x08007548                RBI_IsTCXO
 .text.RBI_IsDCDC
                0x0800754c        0x4 ./SubGHz_Phy/Target/radio_board_if.o
                0x0800754c                RBI_IsDCDC
 .text.RBI_GetRFOMaxPowerConfig
                0x08007550        0xa ./SubGHz_Phy/Target/radio_board_if.o
                0x08007550                RBI_GetRFOMaxPowerConfig
 .text.UTIL_MEM_cpy_8
                0x0800755a       0x14 ./Utilities/misc/stm32_mem.o
                0x0800755a                UTIL_MEM_cpy_8
 .text.UTIL_MEM_set_8
                0x0800756e        0xe ./Utilities/misc/stm32_mem.o
                0x0800756e                UTIL_MEM_set_8
 .text.UTIL_TIMER_Create
                0x0800757c       0x34 ./Utilities/timer/stm32_timer.o
                0x0800757c                UTIL_TIMER_Create
 .text.UTIL_TIMER_GetCurrentTime
                0x080075b0       0x14 ./Utilities/timer/stm32_timer.o
                0x080075b0                UTIL_TIMER_GetCurrentTime
 .text.UTIL_TIMER_GetElapsedTime
                0x080075c4       0x20 ./Utilities/timer/stm32_timer.o
                0x080075c4                UTIL_TIMER_GetElapsedTime
 .text.TimerExists
                0x080075e4       0x1c ./Utilities/timer/stm32_timer.o
                0x080075e4                TimerExists
 .text.TimerSetTimeout
                0x08007600       0x38 ./Utilities/timer/stm32_timer.o
                0x08007600                TimerSetTimeout
 .text.UTIL_TIMER_Stop
                0x08007638       0x5c ./Utilities/timer/stm32_timer.o
                0x08007638                UTIL_TIMER_Stop
 .text.TimerInsertTimer
                0x08007694       0x28 ./Utilities/timer/stm32_timer.o
                0x08007694                TimerInsertTimer
 .text.TimerInsertNewHeadTimer
                0x080076bc       0x18 ./Utilities/timer/stm32_timer.o
                0x080076bc                TimerInsertNewHeadTimer
 .text.UTIL_TIMER_Start
                0x080076d4       0x74 ./Utilities/timer/stm32_timer.o
                0x080076d4                UTIL_TIMER_Start
 .text.UTIL_TIMER_SetPeriod
                0x08007748       0x30 ./Utilities/timer/stm32_timer.o
                0x08007748                UTIL_TIMER_SetPeriod
 .text.snprintf
                0x08007778       0x6c C:/ST/STM32CubeIDE_1.18.0/STM32CubeIDE/plugins/com.st.stm32cube.ide.mcu.externaltools.gnu-tools-for-stm32.13.3.rel1.win32_1.0.0.202411081344/tools/bin/../lib/gcc/arm-none-eabi/13.3.1/../../../../arm-none-eabi/lib/thumb/v7e-m/nofp\libc_nano.a(libc_a-snprintf.o)
                0x08007778                sniprintf
                0x08007778                snprintf
 .text.memcmp   0x080077e4       0x20 C:/ST/STM32CubeIDE_1.18.0/STM32CubeIDE/plugins/com.st.stm32cube.ide.mcu.externaltools.gnu-tools-for-stm32.13.3.rel1.win32_1.0.0.202411081344/tools/bin/../lib/gcc/arm-none-eabi/13.3.1/../../../../arm-none-eabi/lib/thumb/v7e-m/nofp\libc_nano.a(libc_a-memcmp.o)
                0x080077e4                memcmp
 .text.memmove  0x08007804       0x34 C:/ST/STM32CubeIDE_1.18.0/STM32CubeIDE/plugins/com.st.stm32cube.ide.mcu.externaltools.gnu-tools-for-stm32.13.3.rel1.win32_1.0.0.202411081344/tools/bin/../lib/gcc/arm-none-eabi/13.3.1/../../../../arm-none-eabi/lib/thumb/v7e-m/nofp\libc_nano.a(libc_a-memmove.o)
                0x08007804                memmove
 .text.memset   0x08007838       0x10 C:/ST/STM32CubeIDE_1.18.0/STM32CubeIDE/plugins/com.st.stm32cube.ide.mcu.externaltools.gnu-tools-for-stm32.13.3.rel1.win32_1.0.0.202411081344/tools/bin/../lib/gcc/arm-none-eabi/13.3.1/../../../../arm-none-eabi/lib/thumb/v7e-m/nofp\libc_nano.a(libc_a-memset.o)
                0x08007838                memset
 .text.__errno  0x08007848        0xc C:/ST/STM32CubeIDE_1.18.0/STM32CubeIDE/plugins/com.st.stm32cube.ide.mcu.externaltools.gnu-tools-for-stm32.13.3.rel1.win32_1.0.0.202411081344/tools/bin/../lib/gcc/arm-none-eabi/13.3.1/../../../../arm-none-eabi/lib/thumb/v7e-m/nofp\libc_nano.a(libc_a-errno.o)
                0x08007848                __errno
 .text.__libc_init_array
                0x08007854       0x48 C:/ST/STM32CubeIDE_1.18.0/STM32CubeIDE/plugins/com.st.stm32cube.ide.mcu.externaltools.gnu-tools-for-stm32.13.3.rel1.win32_1.0.0.202411081344/tools/bin/../lib/gcc/arm-none-eabi/13.3.1/../../../../arm-none-eabi/lib/thumb/v7e-m/nofp\libc_nano.a(libc_a-init.o)
                0x08007854                __libc_init_array
 .text.__retarget_lock_acquire_recursive
                0x0800789c        0x2 C:/ST/STM32CubeIDE_1.18.0/STM32CubeIDE/plugins/com.st.stm32cube.ide.mcu.externaltools.gnu-tools-for-stm32.13.3.rel1.win32_1.0.0.202411081344/tools/bin/../lib/gcc/arm-none-eabi/13.3.1/../../../../arm-none-eabi/lib/thumb/v7e-m/nofp\libc_nano.a(libc_a-lock.o)
                0x0800789c                __retarget_lock_acquire_recursive
 .text.__retarget_lock_release_recursive
                0x0800789e        0x2 C:/ST/STM32CubeIDE_1.18.0/STM32CubeIDE/plugins/com.st.stm32cube.ide.mcu.externaltools.gnu-tools-for-stm32.13.3.rel1.win32_1.0.0.202411081344/tools/bin/../lib/gcc/arm-none-eabi/13.3.1/../../../../arm-none-eabi/lib/thumb/v7e-m/nofp\libc_nano.a(libc_a-lock.o)
                0x0800789e                __retarget_lock_release_recursive
 .text.memcpy   0x080078a0       0x1c C:/ST/STM32CubeIDE_1.18.0/STM32CubeIDE/plugins/com.st.stm32cube.ide.mcu.externaltools.gnu-tools-for-stm32.13.3.rel1.win32_1.0.0.202411081344/tools/bin/../lib/gcc/arm-none-eabi/13.3.1/../../../../arm-none-eabi/lib/thumb/v7e-m/nofp\libc_nano.a(libc_a-memcpy-stub.o)
                0x080078a0                memcpy
 .text._free_r  0x080078bc       0x94 C:/ST/STM32CubeIDE_1.18.0/STM32CubeIDE/plugins/com.st.stm32cube.ide.mcu.externaltools.gnu-tools-for-stm32.13.3.rel1.win32_1.0.0.202411081344/tools/bin/../lib/gcc/arm-none-eabi/13.3.1/../../../../arm-none-eabi/lib/thumb/v7e-m/nofp\libc_nano.a(libc_a-freer.o)
                0x080078bc                _free_r
 .text.sbrk_aligned
                0x08007950       0x44 C:/ST/STM32CubeIDE_1.18.0/STM32CubeIDE/plugins/com.st.stm32cube.ide.mcu.externaltools.gnu-tools-for-stm32.13.3.rel1.win32_1.0.0.202411081344/tools/bin/../lib/gcc/arm-none-eabi/13.3.1/../../../../arm-none-eabi/lib/thumb/v7e-m/nofp\libc_nano.a(libc_a-mallocr.o)
 .text._malloc_r
                0x08007994      0x100 C:/ST/STM32CubeIDE_1.18.0/STM32CubeIDE/plugins/com.st.stm32cube.ide.mcu.externaltools.gnu-tools-for-stm32.13.3.rel1.win32_1.0.0.202411081344/tools/bin/../lib/gcc/arm-none-eabi/13.3.1/../../../../arm-none-eabi/lib/thumb/v7e-m/nofp\libc_nano.a(libc_a-mallocr.o)
                0x08007994                _malloc_r
 .text.__malloc_lock
                0x08007a94        0xc C:/ST/STM32CubeIDE_1.18.0/STM32CubeIDE/plugins/com.st.stm32cube.ide.mcu.externaltools.gnu-tools-for-stm32.13.3.rel1.win32_1.0.0.202411081344/tools/bin/../lib/gcc/arm-none-eabi/13.3.1/../../../../arm-none-eabi/lib/thumb/v7e-m/nofp\libc_nano.a(libc_a-mlock.o)
                0x08007a94                __malloc_lock
 .text.__malloc_unlock
                0x08007aa0        0xc C:/ST/STM32CubeIDE_1.18.0/STM32CubeIDE/plugins/com.st.stm32cube.ide.mcu.externaltools.gnu-tools-for-stm32.13.3.rel1.win32_1.0.0.202411081344/tools/bin/../lib/gcc/arm-none-eabi/13.3.1/../../../../arm-none-eabi/lib/thumb/v7e-m/nofp\libc_nano.a(libc_a-mlock.o)
                0x08007aa0                __malloc_unlock
 .text.__ssputs_r
                0x08007aac       0xb6 C:/ST/STM32CubeIDE_1.18.0/STM32CubeIDE/plugins/com.st.stm32cube.ide.mcu.externaltools.gnu-tools-for-stm32.13.3.rel1.win32_1.0.0.202411081344/tools/bin/../lib/gcc/arm-none-eabi/13.3.1/../../../../arm-none-eabi/lib/thumb/v7e-m/nofp\libc_nano.a(libc_a-nano-svfprintf.o)
                0x08007aac                __ssputs_r
 *fill*         0x08007b62        0x2 
 .text._svfprintf_r
                0x08007b64      0x1f8 C:/ST/STM32CubeIDE_1.18.0/STM32CubeIDE/plugins/com.st.stm32cube.ide.mcu.externaltools.gnu-tools-for-stm32.13.3.rel1.win32_1.0.0.202411081344/tools/bin/../lib/gcc/arm-none-eabi/13.3.1/../../../../arm-none-eabi/lib/thumb/v7e-m/nofp\libc_nano.a(libc_a-nano-svfprintf.o)
                0x08007b64                _svfiprintf_r
                0x08007b64                _svfprintf_r
 .text._printf_common
                0x08007d5c       0xda C:/ST/STM32CubeIDE_1.18.0/STM32CubeIDE/plugins/com.st.stm32cube.ide.mcu.externaltools.gnu-tools-for-stm32.13.3.rel1.win32_1.0.0.202411081344/tools/bin/../lib/gcc/arm-none-eabi/13.3.1/../../../../arm-none-eabi/lib/thumb/v7e-m/nofp\libc_nano.a(libc_a-nano-vfprintf_i.o)
                0x08007d5c                _printf_common
 *fill*         0x08007e36        0x2 
 .text._printf_i
                0x08007e38      0x23c C:/ST/STM32CubeIDE_1.18.0/STM32CubeIDE/plugins/com.st.stm32cube.ide.mcu.externaltools.gnu-tools-for-stm32.13.3.rel1.win32_1.0.0.202411081344/tools/bin/../lib/gcc/arm-none-eabi/13.3.1/../../../../arm-none-eabi/lib/thumb/v7e-m/nofp\libc_nano.a(libc_a-nano-vfprintf_i.o)
                0x08007e38                _printf_i
 .text._sbrk_r  0x08008074       0x20 C:/ST/STM32CubeIDE_1.18.0/STM32CubeIDE/plugins/com.st.stm32cube.ide.mcu.externaltools.gnu-tools-for-stm32.13.3.rel1.win32_1.0.0.202411081344/tools/bin/../lib/gcc/arm-none-eabi/13.3.1/../../../../arm-none-eabi/lib/thumb/v7e-m/nofp\libc_nano.a(libc_a-sbrkr.o)
                0x08008074                _sbrk_r
 .text._realloc_r
                0x08008094       0x5c C:/ST/STM32CubeIDE_1.18.0/STM32CubeIDE/plugins/com.st.stm32cube.ide.mcu.externaltools.gnu-tools-for-stm32.13.3.rel1.win32_1.0.0.202411081344/tools/bin/../lib/gcc/arm-none-eabi/13.3.1/../../../../arm-none-eabi/lib/thumb/v7e-m/nofp\libc_nano.a(libc_a-reallocr.o)
                0x08008094                _realloc_r
 .text._malloc_usable_size_r
                0x080080f0       0x10 C:/ST/STM32CubeIDE_1.18.0/STM32CubeIDE/plugins/com.st.stm32cube.ide.mcu.externaltools.gnu-tools-for-stm32.13.3.rel1.win32_1.0.0.202411081344/tools/bin/../lib/gcc/arm-none-eabi/13.3.1/../../../../arm-none-eabi/lib/thumb/v7e-m/nofp\libc_nano.a(libc_a-msizer.o)
                0x080080f0                _malloc_usable_size_r
 *(.glue_7)
 .glue_7        0x08008100        0x0 linker stubs
 *(.glue_7t)
 .glue_7t       0x08008100        0x0 linker stubs
 *(.eh_frame)
 .eh_frame      0x08008100        0x0 C:/ST/STM32CubeIDE_1.18.0/STM32CubeIDE/plugins/com.st.stm32cube.ide.mcu.externaltools.gnu-tools-for-stm32.13.3.rel1.win32_1.0.0.202411081344/tools/bin/../lib/gcc/arm-none-eabi/13.3.1/thumb/v7e-m/nofp/crtbegin.o
 *(.init)
 .init          0x08008100        0x4 C:/ST/STM32CubeIDE_1.18.0/STM32CubeIDE/plugins/com.st.stm32cube.ide.mcu.externaltools.gnu-tools-for-stm32.13.3.rel1.win32_1.0.0.202411081344/tools/bin/../lib/gcc/arm-none-eabi/13.3.1/thumb/v7e-m/nofp/crti.o
                0x08008100                _init
 .init          0x08008104        0x8 C:/ST/STM32CubeIDE_1.18.0/STM32CubeIDE/plugins/com.st.stm32cube.ide.mcu.externaltools.gnu-tools-for-stm32.13.3.rel1.win32_1.0.0.202411081344/tools/bin/../lib/gcc/arm-none-eabi/13.3.1/thumb/v7e-m/nofp/crtn.o
 *(.fini)
 .fini          0x0800810c        0x4 C:/ST/STM32CubeIDE_1.18.0/STM32CubeIDE/plugins/com.st.stm32cube.ide.mcu.externaltools.gnu-tools-for-stm32.13.3.rel1.win32_1.0.0.202411081344/tools/bin/../lib/gcc/arm-none-eabi/13.3.1/thumb/v7e-m/nofp/crti.o
                0x0800810c                _fini
 .fini          0x08008110        0x8 C:/ST/STM32CubeIDE_1.18.0/STM32CubeIDE/plugins/com.st.stm32cube.ide.mcu.externaltools.gnu-tools-for-stm32.13.3.rel1.win32_1.0.0.202411081344/tools/bin/../lib/gcc/arm-none-eabi/13.3.1/thumb/v7e-m/nofp/crtn.o
                0x08008118                        . = ALIGN (0x4)
                0x08008118                        _etext = .

.vfp11_veneer   0x08008118        0x0
 .vfp11_veneer  0x08008118        0x0 linker stubs

.v4_bx          0x08008118        0x0
 .v4_bx         0x08008118        0x0 linker stubs

.iplt           0x08008118        0x0
 .iplt          0x08008118        0x0 C:/ST/STM32CubeIDE_1.18.0/STM32CubeIDE/plugins/com.st.stm32cube.ide.mcu.externaltools.gnu-tools-for-stm32.13.3.rel1.win32_1.0.0.202411081344/tools/bin/../lib/gcc/arm-none-eabi/13.3.1/thumb/v7e-m/nofp/crtbegin.o

.rodata         0x08008118      0x700
                0x08008118                        . = ALIGN (0x4)
 *(.rodata)
 .rodata        0x08008118        0xc ./Drivers/STM32WLxx_HAL_Driver/Src/stm32wlxx_hal_rcc.o
 .rodata        0x08008124       0x10 ./Middlewares/Third_Party/SubGHz_Phy/stm32_radio_driver/radio.o
 *(.rodata*)
 .rodata.NEXTION_SetText.str1.1
                0x08008134      0x460 ./Core/Src/nextion_driver.o
                                  0xc (size before relaxing)
 .rodata.NEXTION_SetValue.str1.1
                0x08008594        0xa ./Core/Src/nextion_driver.o
 .rodata.NEXTION_SetBackgroundColor.str1.1
                0x08008594        0xa ./Core/Src/nextion_driver.o
 .rodata.NEXTION_SetPicture.str1.1
                0x08008594        0xa ./Core/Src/nextion_driver.o
 .rodata.MSIRangeTable
                0x08008594       0x40 ./Core/Src/system_stm32wlxx.o
                0x08008594                MSIRangeTable
 .rodata.APBPrescTable
                0x080085d4       0x20 ./Core/Src/system_stm32wlxx.o
                0x080085d4                APBPrescTable
 .rodata.AHBPrescTable
                0x080085f4       0x40 ./Core/Src/system_stm32wlxx.o
                0x080085f4                AHBPrescTable
 .rodata.UTIL_TimerDriver
                0x08008634       0x2c ./Core/Src/timer_if.o
                0x08008634                UTIL_TimerDriver
 .rodata.resolution_factors
                0x08008660       0x10 ./Core/Src/tmp275_driver.o
 .rodata.tmp_config
                0x08008670       0x10 ./Core/Src/tmp275_driver.o
                0x08008670                tmp_config
 .rodata.UARTPrescTable
                0x08008680       0x18 ./Drivers/STM32WLxx_HAL_Driver/Src/stm32wlxx_hal_uart.o
                0x08008680                UARTPrescTable
 .rodata.denominator.0
                0x08008698        0x8 ./Drivers/STM32WLxx_HAL_Driver/Src/stm32wlxx_hal_uart_ex.o
 .rodata.numerator.1
                0x080086a0        0x8 ./Drivers/STM32WLxx_HAL_Driver/Src/stm32wlxx_hal_uart_ex.o
 .rodata.CSWTCH.77
                0x080086a8        0x4 ./Middlewares/Third_Party/SubGHz_Phy/stm32_radio_driver/radio.o
 .rodata.CSWTCH.57
                0x080086ac       0x2c ./Middlewares/Third_Party/SubGHz_Phy/stm32_radio_driver/radio.o
 .rodata.Bandwidths
                0x080086d8        0x3 ./Middlewares/Third_Party/SubGHz_Phy/stm32_radio_driver/radio.o
                0x080086d8                Bandwidths
 *fill*         0x080086db        0x1 
 .rodata.Radio  0x080086dc       0x8c ./Middlewares/Third_Party/SubGHz_Phy/stm32_radio_driver/radio.o
                0x080086dc                Radio
 .rodata.FskBandwidths
                0x08008768       0xb0 ./Middlewares/Third_Party/SubGHz_Phy/stm32_radio_driver/radio_driver.o
 .rodata.SubghzApp_RxProcess.str1.1
                0x08008818       0x2d ./SubGHz_Phy/App/subghz_phy_app.o
 .rodata.SubghzApp_Init.str1.1
                0x08008818       0x15 ./SubGHz_Phy/App/subghz_phy_app.o
 .rodata.SubghzApp_ValueError.str1.1
                0x08008818      0x273 ./SubGHz_Phy/App/subghz_phy_app.o
 .rodata.OnRxDone.str1.1
                0x08008818       0xf3 ./SubGHz_Phy/App/subghz_phy_app.o
 .rodata.SubghzApp_Timeout.str1.1
                0x08008818       0x5e ./SubGHz_Phy/App/subghz_phy_app.o
 .rodata._svfprintf_r.str1.1
                0x08008818       0x11 C:/ST/STM32CubeIDE_1.18.0/STM32CubeIDE/plugins/com.st.stm32cube.ide.mcu.externaltools.gnu-tools-for-stm32.13.3.rel1.win32_1.0.0.202411081344/tools/bin/../lib/gcc/arm-none-eabi/13.3.1/../../../../arm-none-eabi/lib/thumb/v7e-m/nofp\libc_nano.a(libc_a-nano-svfprintf.o)
 .rodata._printf_i.str1.1
                0x08008818       0x22 C:/ST/STM32CubeIDE_1.18.0/STM32CubeIDE/plugins/com.st.stm32cube.ide.mcu.externaltools.gnu-tools-for-stm32.13.3.rel1.win32_1.0.0.202411081344/tools/bin/../lib/gcc/arm-none-eabi/13.3.1/../../../../arm-none-eabi/lib/thumb/v7e-m/nofp\libc_nano.a(libc_a-nano-vfprintf_i.o)
                0x08008a8c                        . = ALIGN (0x4)

.ARM.extab      0x08008818        0x0
                0x08008818                        . = ALIGN (0x4)
 *(.ARM.extab* .gnu.linkonce.armextab.*)
                0x08008818                        . = ALIGN (0x4)

.ARM            0x08008818        0x8
                0x08008818                        . = ALIGN (0x4)
                0x08008818                        __exidx_start = .
 *(.ARM.exidx*)
 .ARM.exidx     0x08008818        0x8 C:/ST/STM32CubeIDE_1.18.0/STM32CubeIDE/plugins/com.st.stm32cube.ide.mcu.externaltools.gnu-tools-for-stm32.13.3.rel1.win32_1.0.0.202411081344/tools/bin/../lib/gcc/arm-none-eabi/13.3.1/../../../../arm-none-eabi/lib/thumb/v7e-m/nofp\libc_nano.a(libc_a-strlen.o)
 .ARM.exidx     0x08008820        0x0 C:/ST/STM32CubeIDE_1.18.0/STM32CubeIDE/plugins/com.st.stm32cube.ide.mcu.externaltools.gnu-tools-for-stm32.13.3.rel1.win32_1.0.0.202411081344/tools/bin/../lib/gcc/arm-none-eabi/13.3.1/../../../../arm-none-eabi/lib/thumb/v7e-m/nofp\libc_nano.a(libc_a-memchr.o)
                                  0x8 (size before relaxing)
 .ARM.exidx     0x08008820        0x0 C:/ST/STM32CubeIDE_1.18.0/STM32CubeIDE/plugins/com.st.stm32cube.ide.mcu.externaltools.gnu-tools-for-stm32.13.3.rel1.win32_1.0.0.202411081344/tools/bin/../lib/gcc/arm-none-eabi/13.3.1/thumb/v7e-m/nofp\libgcc.a(_udivmoddi4.o)
                                  0x8 (size before relaxing)
                0x08008820                        __exidx_end = .
                0x08008820                        . = ALIGN (0x4)

.preinit_array  0x08008820        0x0
                0x08008820                        . = ALIGN (0x4)
                0x08008820                        PROVIDE (__preinit_array_start = .)
 *(.preinit_array*)
                0x08008820                        PROVIDE (__preinit_array_end = .)
                0x08008820                        . = ALIGN (0x4)

.init_array     0x08008820        0x4
                0x08008820                        . = ALIGN (0x4)
                0x08008820                        PROVIDE (__init_array_start = .)
 *(SORT_BY_NAME(.init_array.*))
 *(.init_array*)
 .init_array    0x08008820        0x4 C:/ST/STM32CubeIDE_1.18.0/STM32CubeIDE/plugins/com.st.stm32cube.ide.mcu.externaltools.gnu-tools-for-stm32.13.3.rel1.win32_1.0.0.202411081344/tools/bin/../lib/gcc/arm-none-eabi/13.3.1/thumb/v7e-m/nofp/crtbegin.o
                0x08008824                        PROVIDE (__init_array_end = .)
                0x08008824                        . = ALIGN (0x4)

.fini_array     0x08008824        0x4
                0x08008824                        . = ALIGN (0x4)
                [!provide]                        PROVIDE (__fini_array_start = .)
 *(SORT_BY_NAME(.fini_array.*))
 *(.fini_array*)
 .fini_array    0x08008824        0x4 C:/ST/STM32CubeIDE_1.18.0/STM32CubeIDE/plugins/com.st.stm32cube.ide.mcu.externaltools.gnu-tools-for-stm32.13.3.rel1.win32_1.0.0.202411081344/tools/bin/../lib/gcc/arm-none-eabi/13.3.1/thumb/v7e-m/nofp/crtbegin.o
                [!provide]                        PROVIDE (__fini_array_end = .)
                0x08008828                        . = ALIGN (0x4)
                0x08008828                        _sidata = LOADADDR (.data)

.rel.dyn        0x08008828        0x0
 .rel.iplt      0x08008828        0x0 C:/ST/STM32CubeIDE_1.18.0/STM32CubeIDE/plugins/com.st.stm32cube.ide.mcu.externaltools.gnu-tools-for-stm32.13.3.rel1.win32_1.0.0.202411081344/tools/bin/../lib/gcc/arm-none-eabi/13.3.1/thumb/v7e-m/nofp/crtbegin.o

.data           0x20000000       0xc4 load address 0x08008828
                0x20000000                        . = ALIGN (0x4)
                0x20000000                        _sdata = .
 *(.data)
 *(.data*)
 .data.SystemCoreClock
                0x20000000        0x4 ./Core/Src/system_stm32wlxx.o
                0x20000000                SystemCoreClock
 .data.tmp_sensor_3
                0x20000004       0x1c ./Core/Src/tmp275_driver.o
                0x20000004                tmp_sensor_3
 .data.tmp_sensor_2
                0x20000020       0x1c ./Core/Src/tmp275_driver.o
                0x20000020                tmp_sensor_2
 .data.tmp_sensor_1
                0x2000003c       0x1c ./Core/Src/tmp275_driver.o
                0x2000003c                tmp_sensor_1
 .data.uwTickFreq
                0x20000058        0x1 ./Drivers/STM32WLxx_HAL_Driver/Src/stm32wlxx_hal.o
                0x20000058                uwTickFreq
 *fill*         0x20000059        0x3 
 .data.uwTickPrio
                0x2000005c        0x4 ./Drivers/STM32WLxx_HAL_Driver/Src/stm32wlxx_hal.o
                0x2000005c                uwTickPrio
 .data.MaxPayloadLength
                0x20000060        0x1 ./Middlewares/Third_Party/SubGHz_Phy/stm32_radio_driver/radio.o
 .data.APP_MASTER_ID
                0x20000061        0x1 ./SubGHz_Phy/App/subghz_phy_app.o
                0x20000061                APP_MASTER_ID
 *fill*         0x20000062        0x2 
 .data.redeem_done
                0x20000064        0x4 ./SubGHz_Phy/App/subghz_phy_app.o
                0x20000064                redeem_done
 .data.SUBGHZ_APP_ID
                0x20000068        0x9 ./SubGHz_Phy/App/subghz_phy_app.o
                0x20000068                SUBGHZ_APP_ID
 *fill*         0x20000071        0x3 
 .data._impure_ptr
                0x20000074        0x4 C:/ST/STM32CubeIDE_1.18.0/STM32CubeIDE/plugins/com.st.stm32cube.ide.mcu.externaltools.gnu-tools-for-stm32.13.3.rel1.win32_1.0.0.202411081344/tools/bin/../lib/gcc/arm-none-eabi/13.3.1/../../../../arm-none-eabi/lib/thumb/v7e-m/nofp\libc_nano.a(libc_a-impure.o)
                0x20000074                _impure_ptr
 .data._impure_data
                0x20000078       0x4c C:/ST/STM32CubeIDE_1.18.0/STM32CubeIDE/plugins/com.st.stm32cube.ide.mcu.externaltools.gnu-tools-for-stm32.13.3.rel1.win32_1.0.0.202411081344/tools/bin/../lib/gcc/arm-none-eabi/13.3.1/../../../../arm-none-eabi/lib/thumb/v7e-m/nofp\libc_nano.a(libc_a-impure.o)
                0x20000078                _impure_data
 *(.RamFunc)
 *(.RamFunc*)
                0x200000c4                        . = ALIGN (0x4)
                0x200000c4                        _edata = .

.igot.plt       0x200000c4        0x0 load address 0x080088ec
 .igot.plt      0x200000c4        0x0 C:/ST/STM32CubeIDE_1.18.0/STM32CubeIDE/plugins/com.st.stm32cube.ide.mcu.externaltools.gnu-tools-for-stm32.13.3.rel1.win32_1.0.0.202411081344/tools/bin/../lib/gcc/arm-none-eabi/13.3.1/thumb/v7e-m/nofp/crtbegin.o
                0x200000c4                        . = ALIGN (0x4)

.bss            0x200000c4      0x600 load address 0x080088ec
                0x200000c4                        _sbss = .
                0x200000c4                        __bss_start__ = _sbss
 *(.bss)
 .bss           0x200000c4       0x1c C:/ST/STM32CubeIDE_1.18.0/STM32CubeIDE/plugins/com.st.stm32cube.ide.mcu.externaltools.gnu-tools-for-stm32.13.3.rel1.win32_1.0.0.202411081344/tools/bin/../lib/gcc/arm-none-eabi/13.3.1/thumb/v7e-m/nofp/crtbegin.o
 *(.bss*)
 .bss.hadc      0x200000e0       0x64 ./Core/Src/adc.o
                0x200000e0                hadc
 .bss.hiwdg     0x20000144       0x10 ./Core/Src/iwdg.o
                0x20000144                hiwdg
 .bss.ack_code  0x20000154        0x1 ./Core/Src/nextion_driver.o
                0x20000154                ack_code
 .bss.waiting_for_ack
                0x20000155        0x1 ./Core/Src/nextion_driver.o
                0x20000155                waiting_for_ack
 .bss.nextion_buffer
                0x20000156       0x80 ./Core/Src/nextion_driver.o
 *fill*         0x200001d6        0x2 
 .bss.hrtc      0x200001d8       0x38 ./Core/Src/rtc.o
                0x200001d8                hrtc
 .bss.hsubghz   0x20000210       0x3c ./Core/Src/subghz.o
                0x20000210                hsubghz
 .bss.__sbrk_heap_end
                0x2000024c        0x4 ./Core/Src/sysmem.o
 .bss.huart1    0x20000250       0xcc ./Core/Src/usart.o
                0x20000250                huart1
 .bss.uart1_rx_index
                0x2000031c        0x1 ./Core/Src/usart.o
                0x2000031c                uart1_rx_index
 .bss.uart1_rx_buffer
                0x2000031d       0x64 ./Core/Src/usart.o
                0x2000031d                uart1_rx_buffer
 .bss.uart1_rx_data
                0x20000381        0x1 ./Core/Src/usart.o
                0x20000381                uart1_rx_data
 *fill*         0x20000382        0x2 
 .bss.uwTick    0x20000384        0x4 ./Drivers/STM32WLxx_HAL_Driver/Src/stm32wlxx_hal.o
                0x20000384                uwTick
 .bss.RxTimeoutTimer
                0x20000388       0x18 ./Middlewares/Third_Party/SubGHz_Phy/stm32_radio_driver/radio.o
                0x20000388                RxTimeoutTimer
 .bss.TxTimeoutTimer
                0x200003a0       0x18 ./Middlewares/Third_Party/SubGHz_Phy/stm32_radio_driver/radio.o
                0x200003a0                TxTimeoutTimer
 .bss.SubgRf    0x200003b8       0x5c ./Middlewares/Third_Party/SubGHz_Phy/stm32_radio_driver/radio.o
                0x200003b8                SubgRf
 .bss.RadioEvents
                0x20000414        0x4 ./Middlewares/Third_Party/SubGHz_Phy/stm32_radio_driver/radio.o
 .bss.RadioBuffer
                0x20000418       0xff ./Middlewares/Third_Party/SubGHz_Phy/stm32_radio_driver/radio.o
 *fill*         0x20000517        0x1 
 .bss.RadioOnDioIrqCb
                0x20000518        0x4 ./Middlewares/Third_Party/SubGHz_Phy/stm32_radio_driver/radio_driver.o
 .bss.ImageCalibrated
                0x2000051c        0x1 ./Middlewares/Third_Party/SubGHz_Phy/stm32_radio_driver/radio_driver.o
 *fill*         0x2000051d        0x3 
 .bss.FrequencyError
                0x20000520        0x4 ./Middlewares/Third_Party/SubGHz_Phy/stm32_radio_driver/radio_driver.o
                0x20000520                FrequencyError
 .bss.LoRaHeaderType
                0x20000524        0x1 ./Middlewares/Third_Party/SubGHz_Phy/stm32_radio_driver/radio_driver.o
 .bss.PacketType
                0x20000525        0x1 ./Middlewares/Third_Party/SubGHz_Phy/stm32_radio_driver/radio_driver.o
 .bss.OperatingMode
                0x20000526        0x1 ./Middlewares/Third_Party/SubGHz_Phy/stm32_radio_driver/radio_driver.o
 .bss.sender_id
                0x20000527        0x1 ./SubGHz_Phy/App/subghz_phy_app.o
                0x20000527                sender_id
 .bss.redeem_USART_length
                0x20000528        0x4 ./SubGHz_Phy/App/subghz_phy_app.o
                0x20000528                redeem_USART_length
 .bss.redeem_USART_ptr
                0x2000052c        0x4 ./SubGHz_Phy/App/subghz_phy_app.o
                0x2000052c                redeem_USART_ptr
 .bss.past_errors
                0x20000530        0x1 ./SubGHz_Phy/App/subghz_phy_app.o
                0x20000530                past_errors
 .bss.seuil     0x20000531        0x1 ./SubGHz_Phy/App/subghz_phy_app.o
                0x20000531                seuil
 .bss.buffer    0x20000532       0x14 ./SubGHz_Phy/App/subghz_phy_app.o
                0x20000532                buffer
 .bss.RxBuffer  0x20000546       0x14 ./SubGHz_Phy/App/subghz_phy_app.o
                0x20000546                RxBuffer
 *fill*         0x2000055a        0x2 
 .bss.RadioEvents
                0x2000055c       0x1c ./SubGHz_Phy/App/subghz_phy_app.o
 .bss.TimerListHead
                0x20000578        0x4 ./Utilities/timer/stm32_timer.o
 .bss.__sf      0x2000057c      0x138 C:/ST/STM32CubeIDE_1.18.0/STM32CubeIDE/plugins/com.st.stm32cube.ide.mcu.externaltools.gnu-tools-for-stm32.13.3.rel1.win32_1.0.0.202411081344/tools/bin/../lib/gcc/arm-none-eabi/13.3.1/../../../../arm-none-eabi/lib/thumb/v7e-m/nofp\libc_nano.a(libc_a-findfp.o)
                0x2000057c                __sf
 .bss.errno     0x200006b4        0x4 C:/ST/STM32CubeIDE_1.18.0/STM32CubeIDE/plugins/com.st.stm32cube.ide.mcu.externaltools.gnu-tools-for-stm32.13.3.rel1.win32_1.0.0.202411081344/tools/bin/../lib/gcc/arm-none-eabi/13.3.1/../../../../arm-none-eabi/lib/thumb/v7e-m/nofp\libc_nano.a(libc_a-reent.o)
                0x200006b4                errno
 .bss.__lock___malloc_recursive_mutex
                0x200006b8        0x1 C:/ST/STM32CubeIDE_1.18.0/STM32CubeIDE/plugins/com.st.stm32cube.ide.mcu.externaltools.gnu-tools-for-stm32.13.3.rel1.win32_1.0.0.202411081344/tools/bin/../lib/gcc/arm-none-eabi/13.3.1/../../../../arm-none-eabi/lib/thumb/v7e-m/nofp\libc_nano.a(libc_a-lock.o)
                0x200006b8                __lock___malloc_recursive_mutex
 *fill*         0x200006b9        0x3 
 .bss.__malloc_sbrk_start
                0x200006bc        0x4 C:/ST/STM32CubeIDE_1.18.0/STM32CubeIDE/plugins/com.st.stm32cube.ide.mcu.externaltools.gnu-tools-for-stm32.13.3.rel1.win32_1.0.0.202411081344/tools/bin/../lib/gcc/arm-none-eabi/13.3.1/../../../../arm-none-eabi/lib/thumb/v7e-m/nofp\libc_nano.a(libc_a-mallocr.o)
                0x200006bc                __malloc_sbrk_start
 .bss.__malloc_free_list
                0x200006c0        0x4 C:/ST/STM32CubeIDE_1.18.0/STM32CubeIDE/plugins/com.st.stm32cube.ide.mcu.externaltools.gnu-tools-for-stm32.13.3.rel1.win32_1.0.0.202411081344/tools/bin/../lib/gcc/arm-none-eabi/13.3.1/../../../../arm-none-eabi/lib/thumb/v7e-m/nofp\libc_nano.a(libc_a-mallocr.o)
                0x200006c0                __malloc_free_list
 *(COMMON)