../Middlewares/Third_Party/SubGHz_Phy/stm32_radio_driver/radio.c:704:13:RadioInit	24	static
../Middlewares/Third_Party/SubGHz_Phy/stm32_radio_driver/radio.c:737:21:RadioGetStatus	8	static
../Middlewares/Third_Party/SubGHz_Phy/stm32_radio_driver/radio.c:752:13:RadioSetModem	16	static
../Middlewares/Third_Party/SubGHz_Phy/stm32_radio_driver/radio.c:803:13:RadioSetChannel	16	static
../Middlewares/Third_Party/SubGHz_Phy/stm32_radio_driver/radio.c:808:13:RadioIsChannelFree	72	static
../Middlewares/Third_Party/SubGHz_Phy/stm32_radio_driver/radio.c:845:17:RadioRandom	16	static
../Middlewares/Third_Party/SubGHz_Phy/stm32_radio_driver/radio.c:860:13:RadioSetRxConfig	48	static
../Middlewares/Third_Party/SubGHz_Phy/stm32_radio_driver/radio.c:1049:13:RadioSetTxConfig	32	static
../Middlewares/Third_Party/SubGHz_Phy/stm32_radio_driver/radio.c:1159:13:RadioCheckRfFrequency	16	static
../Middlewares/Third_Party/SubGHz_Phy/stm32_radio_driver/radio.c:1164:17:RadioGetLoRaBandwidthInHz	24	static
../Middlewares/Third_Party/SubGHz_Phy/stm32_radio_driver/radio.c:1205:17:RadioGetGfskTimeOnAirNumerator	16	static
../Middlewares/Third_Party/SubGHz_Phy/stm32_radio_driver/radio.c:1214:17:RadioGetLoRaTimeOnAirNumerator	48	static
../Middlewares/Third_Party/SubGHz_Phy/stm32_radio_driver/radio.c:1278:17:RadioTimeOnAir	48	static
../Middlewares/Third_Party/SubGHz_Phy/stm32_radio_driver/radio.c:1311:23:RadioSend	24	static
../Middlewares/Third_Party/SubGHz_Phy/stm32_radio_driver/radio.c:1445:13:RadioSleep	16	static
../Middlewares/Third_Party/SubGHz_Phy/stm32_radio_driver/radio.c:1455:13:RadioStandby	8	static
../Middlewares/Third_Party/SubGHz_Phy/stm32_radio_driver/radio.c:1460:13:RadioRx	16	static
../Middlewares/Third_Party/SubGHz_Phy/stm32_radio_driver/radio.c:1502:13:RadioRxBoosted	16	static
../Middlewares/Third_Party/SubGHz_Phy/stm32_radio_driver/radio.c:1543:13:RadioSetRxDutyCycle	16	static
../Middlewares/Third_Party/SubGHz_Phy/stm32_radio_driver/radio.c:1555:13:RadioStartCad	8	static
../Middlewares/Third_Party/SubGHz_Phy/stm32_radio_driver/radio.c:1567:13:RadioSetTxContinuousWave	24	static
../Middlewares/Third_Party/SubGHz_Phy/stm32_radio_driver/radio.c:1594:16:RadioRssi	16	static
../Middlewares/Third_Party/SubGHz_Phy/stm32_radio_driver/radio.c:1599:13:RadioWrite	16	static
../Middlewares/Third_Party/SubGHz_Phy/stm32_radio_driver/radio.c:1604:16:RadioRead	16	static
../Middlewares/Third_Party/SubGHz_Phy/stm32_radio_driver/radio.c:1609:13:RadioWriteRegisters	16	static
../Middlewares/Third_Party/SubGHz_Phy/stm32_radio_driver/radio.c:1614:13:RadioReadRegisters	16	static
../Middlewares/Third_Party/SubGHz_Phy/stm32_radio_driver/radio.c:1619:13:RadioSetMaxPayloadLength	16	static
../Middlewares/Third_Party/SubGHz_Phy/stm32_radio_driver/radio.c:1636:13:RadioSetPublicNetwork	16	static
../Middlewares/Third_Party/SubGHz_Phy/stm32_radio_driver/radio.c:1655:17:RadioGetWakeupTime	8	static
../Middlewares/Third_Party/SubGHz_Phy/stm32_radio_driver/radio.c:1660:13:RadioOnTxTimeoutIrq	16	static
../Middlewares/Third_Party/SubGHz_Phy/stm32_radio_driver/radio.c:1665:13:RadioOnRxTimeoutIrq	16	static
../Middlewares/Third_Party/SubGHz_Phy/stm32_radio_driver/radio.c:1670:13:RadioOnTxTimeoutProcess	8	static
../Middlewares/Third_Party/SubGHz_Phy/stm32_radio_driver/radio.c:1680:13:RadioOnRxTimeoutProcess	8	static
../Middlewares/Third_Party/SubGHz_Phy/stm32_radio_driver/radio.c:1690:13:RadioOnDioIrq	16	static
../Middlewares/Third_Party/SubGHz_Phy/stm32_radio_driver/radio.c:1697:13:RadioIrqProcess	24	static
../Middlewares/Third_Party/SubGHz_Phy/stm32_radio_driver/radio.c:1877:13:RadioTxPrbs	8	static
../Middlewares/Third_Party/SubGHz_Phy/stm32_radio_driver/radio.c:1885:13:RadioTxCw	24	static
../Middlewares/Third_Party/SubGHz_Phy/stm32_radio_driver/radio.c:1895:13:payload_integration	40	static
../Middlewares/Third_Party/SubGHz_Phy/stm32_radio_driver/radio.c:1933:16:RadioSetRxGenericConfig	56	static
../Middlewares/Third_Party/SubGHz_Phy/stm32_radio_driver/radio.c:2111:16:RadioSetTxGenericConfig	64	static
../Middlewares/Third_Party/SubGHz_Phy/stm32_radio_driver/radio.c:2349:23:RadioLrFhssSetCfg	24	static
../Middlewares/Third_Party/SubGHz_Phy/stm32_radio_driver/radio.c:2380:23:RadioLrFhssGetTimeOnAirInMs	16	static
